
Running 1 test using 1 worker

[1/1] [chromium-mobile] › tests/onboarding-focus.spec.mjs:16:1 › A11Y-FOCUS: onboarding traps focus, inerts the app, and restores focus on Escape
  1) [chromium-mobile] › tests/onboarding-focus.spec.mjs:16:1 › A11Y-FOCUS: onboarding traps focus, inerts the app, and restores focus on Escape 

    Error: expect(locator).toHaveCount(expected) failed

    Locator:  getByRole('dialog')
    Expected: 0
    Received: 1
    Timeout:  10000ms

    Call log:
      - Expect "toHaveCount" with timeout 10000ms
      - waiting for getByRole('dialog')
        24 × locator resolved to 1 element
           - unexpected value "1"


       97 |   await page.reload({ waitUntil: 'domcontentloaded' });
       98 |   await expect(page.locator('.pc-launch')).toHaveCount(0);
    >  99 |   await expect(page.getByRole('dialog')).toHaveCount(0);
          |                                          ^
      100 |   await expect(page.locator('.pc-approot')).not.toHaveAttribute('inert', '');
      101 |
      102 |   const unexpectedMutations = mutations.filter(({ method, pathname }) => (
        at /work/qa/tests/onboarding-focus.spec.mjs:99:42

    attachment #1: screenshot (image/png) ──────────────────────────────────────────────────────────
    ../artifacts/qa/a11y-focus/080033ae56e3c793ba3a998276cac5daeb969d50/20260714T233751Z/playwright-retry3/test-results/onboarding-focus-A11Y-FOCU-98f8e-nd-restores-focus-on-Escape-chromium-mobile/test-failed-1.png
    ────────────────────────────────────────────────────────────────────────────────────────────────

    attachment #2: video (video/webm) ──────────────────────────────────────────────────────────────
    ../artifacts/qa/a11y-focus/080033ae56e3c793ba3a998276cac5daeb969d50/20260714T233751Z/playwright-retry3/test-results/onboarding-focus-A11Y-FOCU-98f8e-nd-restores-focus-on-Escape-chromium-mobile/video-1.webm
    ────────────────────────────────────────────────────────────────────────────────────────────────

    attachment #3: video (video/webm) ──────────────────────────────────────────────────────────────
    ../artifacts/qa/a11y-focus/080033ae56e3c793ba3a998276cac5daeb969d50/20260714T233751Z/playwright-retry3/test-results/onboarding-focus-A11Y-FOCU-98f8e-nd-restores-focus-on-Escape-chromium-mobile/video.webm
    ────────────────────────────────────────────────────────────────────────────────────────────────

    Error Context: ../artifacts/qa/a11y-focus/080033ae56e3c793ba3a998276cac5daeb969d50/20260714T233751Z/playwright-retry3/test-results/onboarding-focus-A11Y-FOCU-98f8e-nd-restores-focus-on-Escape-chromium-mobile/error-context.md

    attachment #5: trace (application/zip) ─────────────────────────────────────────────────────────
    ../artifacts/qa/a11y-focus/080033ae56e3c793ba3a998276cac5daeb969d50/20260714T233751Z/playwright-retry3/test-results/onboarding-focus-A11Y-FOCU-98f8e-nd-restores-focus-on-Escape-chromium-mobile/trace.zip
    Usage:

        npx playwright show-trace ../artifacts/qa/a11y-focus/080033ae56e3c793ba3a998276cac5daeb969d50/20260714T233751Z/playwright-retry3/test-results/onboarding-focus-A11Y-FOCU-98f8e-nd-restores-focus-on-Escape-chromium-mobile/trace.zip

    ────────────────────────────────────────────────────────────────────────────────────────────────


  1 failed
    [chromium-mobile] › tests/onboarding-focus.spec.mjs:16:1 › A11Y-FOCUS: onboarding traps focus, inerts the app, and restores focus on Escape 
npm notice
npm notice New major version of npm available! 11.13.0 -> 12.0.1
npm notice Changelog: https://github.com/npm/cli/releases/tag/v12.0.1
npm notice To update run: npm install -g npm@12.0.1
npm notice
