#0 building with "default" instance using docker driver

#1 [internal] load build definition from Dockerfile
#1 transferring dockerfile: 1.80kB done
#1 DONE 0.0s

#2 [internal] load metadata for docker.io/library/python:3.12-slim
#2 DONE 0.8s

#3 [internal] load .dockerignore
#3 transferring context: 480B done
#3 DONE 0.0s

#4 [ 1/15] FROM docker.io/library/python:3.12-slim@sha256:c3d81d25b3154142b0b42eb1e61300024426268edeb5b5a26dd7ddf64d9daf28
#4 resolve docker.io/library/python:3.12-slim@sha256:c3d81d25b3154142b0b42eb1e61300024426268edeb5b5a26dd7ddf64d9daf28 0.0s done
#4 DONE 0.0s

#5 [internal] load build context
#5 transferring context: 383.02kB 0.0s done
#5 DONE 0.0s

#6 [ 3/15] RUN wget -q https://prdownloads.sourceforge.net/ta-lib/ta-lib-0.4.0-src.tar.gz &&     tar -xzf ta-lib-0.4.0-src.tar.gz &&     cd ta-lib &&     ./configure --prefix=/usr &&     make &&     make install &&     ldconfig &&     cd .. &&     rm -rf ta-lib ta-lib-0.4.0-src.tar.gz
#6 CACHED

#7 [ 2/15] RUN apt-get update && apt-get install -y --no-install-recommends     build-essential     wget     curl     libpq-dev     && rm -rf /var/lib/apt/lists/*
#7 CACHED

#8 [ 4/15] WORKDIR /app
#8 CACHED

#9 [ 5/15] COPY requirements.txt .
#9 CACHED

#10 [ 6/15] RUN pip install --no-cache-dir numpy==2.2.6
#10 CACHED

#11 [ 7/15] RUN pip install --no-cache-dir -r requirements.txt
#11 CACHED

#12 [ 8/15] RUN pip install --no-cache-dir cython setuptools wheel &&     pip install --no-cache-dir --no-binary TA-Lib --no-build-isolation --no-deps --force-reinstall TA-Lib==0.4.32
#12 CACHED

#13 [ 9/15] RUN pip install --no-cache-dir "numpy==2.2.6" &&     python -c "import numpy,pandas,talib; print('numpy',numpy.__version__,'pandas',pandas.__version__,'talib',talib.__version__)" &&     python -m pip check
#13 CACHED

#14 [10/15] COPY src/ ./src/
#14 DONE 0.3s

#15 [11/15] COPY alembic/ ./alembic/
#15 DONE 0.1s

#16 [12/15] COPY alembic/alembic.ini ./alembic.ini
#16 DONE 0.1s

#17 [13/15] COPY scripts/ ./scripts/
#17 DONE 0.0s

#18 [14/15] COPY run_*.py ./
#18 DONE 0.2s

#19 [15/15] RUN mkdir -p /app/logs /app/ml_models
#19 DONE 0.3s

#20 exporting to image
#20 exporting layers
#20 exporting layers 0.3s done
#20 exporting manifest sha256:4a598cf82e9b2cf0d43a4b0f9c905c9e2d0590ede3a00ce5e551d09260a4b091 done
#20 exporting config sha256:3e19ac9e4bb38c787f2a6474240813ea2cf6de5116936ed300b751a012ed6990 done
#20 exporting attestation manifest sha256:3f06ce4edece1effa88a52b598525066c0dd8c39c8a7a640d5993e2c7117786c 0.0s done
#20 exporting manifest list sha256:20bbe4292bbc7a601ef3f77cccf5cceb2ea994063c8928a9077b201e09b82faf done
#20 naming to docker.io/library/prochart-api:qa-backend-080033ae56e3-20260715T011720Z done
#20 unpacking to docker.io/library/prochart-api:qa-backend-080033ae56e3-20260715T011720Z
#20 unpacking to docker.io/library/prochart-api:qa-backend-080033ae56e3-20260715T011720Z 0.2s done
#20 DONE 0.5s
