[90m5:30AM[0m [32mINF[0m [1mscanned ~14126377 bytes (14.13 MB) in 3.25s[0m
[90m5:30AM[0m [32mINF[0m [1mno leaks found[0m
#0 building with "default" instance using docker driver

#1 [internal] load build definition from Dockerfile
#1 transferring dockerfile: 325B done
#1 DONE 0.0s

#2 [internal] load metadata for docker.io/library/prochart-api:deploy-referral-20260715T042151Z
#2 DONE 0.0s

#3 [internal] load .dockerignore
#3 transferring context: 2B done
#3 DONE 0.0s

#4 [1/3] FROM docker.io/library/prochart-api:deploy-referral-20260715T042151Z@sha256:23f49262ce660e6ad405ae72cd96037aa4d70e75a085163143dc07d98646223e
#4 resolve docker.io/library/prochart-api:deploy-referral-20260715T042151Z@sha256:23f49262ce660e6ad405ae72cd96037aa4d70e75a085163143dc07d98646223e 0.0s done
#4 DONE 0.0s

#5 [2/3] RUN python -m pip install --no-cache-dir     pytest==9.1.1     pytest-asyncio==1.4.0
#5 CACHED

#6 [3/3] WORKDIR /workspace
#6 CACHED

#7 exporting to image
#7 exporting layers done
#7 exporting manifest sha256:6ab574b1b4255256caebe98a8ac5e0f27702d79f0fcbacfbdd03b67afb0865ca
#7 exporting manifest sha256:6ab574b1b4255256caebe98a8ac5e0f27702d79f0fcbacfbdd03b67afb0865ca done
#7 exporting config sha256:d0f126dc118780b7003ca0edec94f999ec1a48b901bb7f233bf25b5eb39ff33f done
#7 exporting attestation manifest sha256:70a12ea44dcbde169a03b8a0e7f63a6f6ba16be7bad2bc0ed683e1bab3d1d27e 0.0s done
#7 exporting manifest list sha256:b786d160598d9aef0f28a5092a6025fc6d3a5519ceeaac295229ad9efbfd0683 done
#7 naming to docker.io/library/prochart-qa-pytest:20260715T053700Z-clean-python-post-docs-retry done
#7 unpacking to docker.io/library/prochart-qa-pytest:20260715T053700Z-clean-python-post-docs-retry 0.0s done
#7 DONE 0.1s
/usr/local/bin/python: No module named pytest
