#0 building with "default" instance using docker driver

#1 [internal] load build definition from Dockerfile
#1 transferring dockerfile: 1.80kB done
#1 DONE 0.0s

#2 [internal] load metadata for docker.io/library/python:3.12-slim
#2 DONE 0.8s

#3 [internal] load .dockerignore
#3 transferring context: 480B done
#3 DONE 0.0s

#4 [ 1/15] FROM docker.io/library/python:3.12-slim@sha256:c3d81d25b3154142b0b42eb1e61300024426268edeb5b5a26dd7ddf64d9daf28
#4 resolve docker.io/library/python:3.12-slim@sha256:c3d81d25b3154142b0b42eb1e61300024426268edeb5b5a26dd7ddf64d9daf28 0.0s done
#4 DONE 0.0s

#5 [internal] load build context
#5 transferring context: 341.46kB 0.0s done
#5 DONE 0.0s

#6 [ 6/15] RUN pip install --no-cache-dir numpy==2.2.6
#6 CACHED

#7 [ 3/15] RUN wget -q https://prdownloads.sourceforge.net/ta-lib/ta-lib-0.4.0-src.tar.gz &&     tar -xzf ta-lib-0.4.0-src.tar.gz &&     cd ta-lib &&     ./configure --prefix=/usr &&     make &&     make install &&     ldconfig &&     cd .. &&     rm -rf ta-lib ta-lib-0.4.0-src.tar.gz
#7 CACHED

#8 [ 7/15] RUN pip install --no-cache-dir -r requirements.txt
#8 CACHED

#9 [ 8/15] RUN pip install --no-cache-dir cython setuptools wheel &&     pip install --no-cache-dir --no-binary TA-Lib --no-build-isolation --no-deps --force-reinstall TA-Lib==0.4.32
#9 CACHED

#10 [ 2/15] RUN apt-get update && apt-get install -y --no-install-recommends     build-essential     wget     curl     libpq-dev     && rm -rf /var/lib/apt/lists/*
#10 CACHED

#11 [ 4/15] WORKDIR /app
#11 CACHED

#12 [ 5/15] COPY requirements.txt .
#12 CACHED

#13 [ 9/15] RUN pip install --no-cache-dir "numpy==2.2.6" &&     python -c "import numpy,pandas,talib; print('numpy',numpy.__version__,'pandas',pandas.__version__,'talib',talib.__version__)" &&     python -m pip check
#13 CACHED

#14 [10/15] COPY src/ ./src/
#14 DONE 0.2s

#15 [11/15] COPY alembic/ ./alembic/
#15 DONE 0.1s

#16 [12/15] COPY alembic/alembic.ini ./alembic.ini
#16 DONE 0.2s

#17 [13/15] COPY scripts/ ./scripts/
#17 DONE 0.0s

#18 [14/15] COPY run_*.py ./
#18 DONE 0.2s

#19 [15/15] RUN mkdir -p /app/logs /app/ml_models
#19 DONE 0.2s

#20 exporting to image
#20 exporting layers
#20 exporting layers 0.2s done
#20 exporting manifest sha256:99973bf1f87760712cc75b887daa15d9575111345c5c6b6b571a832948a42899 done
#20 exporting config sha256:bd9d02b15a429bb8e20d73fe62b2901d0ef6b0c5c4b66977b2c9498afc3644f2 done
#20 exporting attestation manifest sha256:ae087a32ffb710b9b9b37ec1cb8a3fee81ae314f6774a9c3b5c42dbe69514824 0.0s done
#20 exporting manifest list sha256:62b20c1712d506c1c3d0ee6527a8e28d32c87a4434c0f86893c0791201208337 done
#20 naming to docker.io/library/prochart-api:qa-current-20260715 done
#20 unpacking to docker.io/library/prochart-api:qa-current-20260715
#20 unpacking to docker.io/library/prochart-api:qa-current-20260715 0.2s done
#20 DONE 0.4s
