PASS	current_source_fingerprint_after	bc72d742962ad167b1cc750992c33189c72c6d15e5b5c5a6afb3d680638fd08e
PASS	frozen_snapshot_fingerprint	bc72d742962ad167b1cc750992c33189c72c6d15e5b5c5a6afb3d680638fd08e
PASS	runtime_javascript_sha256	b71525f892f4a5f3a5a789d3899030653558eedc2bf8482f2d6d90d8a717aa48
PASS	build_javascript_sha256	b71525f892f4a5f3a5a789d3899030653558eedc2bf8482f2d6d90d8a717aa48
PASS	build_css_sha256	48846613e9d166f6f40b2324740e9fadbd8e4252d76979a647e899fdd676ce2f
PASS	playwright_expected	5
PASS	playwright_skipped	0
PASS	playwright_unexpected	0
PASS	playwright_flaky	0
PASS	playwright_nonzero_retries	0
PASS	playwright_result_attempts	5
PASS	chart_artifact_actual.png	nonempty
PASS	chart_artifact_aria-snapshot.yml	nonempty
PASS	chart_artifact_axe-wcag-22-aa.json	nonempty
PASS	chart_artifact_axe-structure.json	nonempty
PASS	chart_artifact_metadata.json	nonempty
PASS	chart_result	PASS
PASS	chart_commit	080033ae56e3c793ba3a998276cac5daeb969d50
PASS	chart_run_id	20260715T004355Z
PASS	chart_source_fingerprint	bc72d742962ad167b1cc750992c33189c72c6d15e5b5c5a6afb3d680638fd08e
PASS	chart_project	chromium-mobile
PASS	chart_final_origin	http://prochart.local:4184
PASS	chart_expected_origin	http://prochart.local:4184
PASS	chart_axe_version	4.10.3
PASS	chart_wcag_violation_rules	0
PASS	chart_wcag_violation_nodes	0
PASS	chart_wcag_incomplete_rules	1
PASS	chart_wcag_incomplete_rule_id	color-contrast
PASS	chart_wcag_incomplete_impact	serious
PASS	chart_wcag_incomplete_nodes	18
PASS	chart_structure_violation_rules	0
PASS	chart_structure_violation_nodes	0
PASS	chart_structure_incomplete_rules	0
PASS	chart_network_or_runtime_errors	0
PASS	chart_expected_api_mocked	true
PASS	chart_keyboard_focus_before_activation	true
PASS	chart_screenshot_sha256	9d0bf2eeee07e0fd5eae1801f4eab5b236bbeeea52929321156c045342eb2151
PASS	watchlist_artifact_actual.png	nonempty
PASS	watchlist_artifact_aria-snapshot.yml	nonempty
PASS	watchlist_artifact_axe-wcag-22-aa.json	nonempty
PASS	watchlist_artifact_axe-structure.json	nonempty
PASS	watchlist_artifact_metadata.json	nonempty
PASS	watchlist_result	PASS
PASS	watchlist_commit	080033ae56e3c793ba3a998276cac5daeb969d50
PASS	watchlist_run_id	20260715T004355Z
PASS	watchlist_source_fingerprint	bc72d742962ad167b1cc750992c33189c72c6d15e5b5c5a6afb3d680638fd08e
PASS	watchlist_project	chromium-mobile
PASS	watchlist_final_origin	http://prochart.local:4184
PASS	watchlist_expected_origin	http://prochart.local:4184
PASS	watchlist_axe_version	4.10.3
PASS	watchlist_wcag_violation_rules	0
PASS	watchlist_wcag_violation_nodes	0
PASS	watchlist_wcag_incomplete_rules	1
PASS	watchlist_wcag_incomplete_rule_id	color-contrast
PASS	watchlist_wcag_incomplete_impact	serious
PASS	watchlist_wcag_incomplete_nodes	36
PASS	watchlist_structure_violation_rules	0
PASS	watchlist_structure_violation_nodes	0
PASS	watchlist_structure_incomplete_rules	0
PASS	watchlist_network_or_runtime_errors	0
PASS	watchlist_expected_api_mocked	true
PASS	watchlist_keyboard_focus_before_activation	true
PASS	watchlist_screenshot_sha256	0c4fc029a055dcc54cb7880142a56d35eea48d00ee16ee7ef1e85a003b497cfb
PASS	ai_artifact_actual.png	nonempty
PASS	ai_artifact_aria-snapshot.yml	nonempty
PASS	ai_artifact_axe-wcag-22-aa.json	nonempty
PASS	ai_artifact_axe-structure.json	nonempty
PASS	ai_artifact_metadata.json	nonempty
PASS	ai_result	PASS
PASS	ai_commit	080033ae56e3c793ba3a998276cac5daeb969d50
PASS	ai_run_id	20260715T004355Z
PASS	ai_source_fingerprint	bc72d742962ad167b1cc750992c33189c72c6d15e5b5c5a6afb3d680638fd08e
PASS	ai_project	chromium-mobile
PASS	ai_final_origin	http://prochart.local:4184
PASS	ai_expected_origin	http://prochart.local:4184
PASS	ai_axe_version	4.10.3
PASS	ai_wcag_violation_rules	0
PASS	ai_wcag_violation_nodes	0
PASS	ai_wcag_incomplete_rules	1
PASS	ai_wcag_incomplete_rule_id	color-contrast
PASS	ai_wcag_incomplete_impact	serious
PASS	ai_wcag_incomplete_nodes	36
PASS	ai_structure_violation_rules	0
PASS	ai_structure_violation_nodes	0
PASS	ai_structure_incomplete_rules	0
PASS	ai_network_or_runtime_errors	0
PASS	ai_expected_api_mocked	true
PASS	ai_keyboard_focus_before_activation	true
PASS	ai_screenshot_sha256	241c44d46ed0a6cc766260ba2c51f29c35dc77ebb9df629980c8d6f4754c17ea
PASS	markets_artifact_actual.png	nonempty
PASS	markets_artifact_aria-snapshot.yml	nonempty
PASS	markets_artifact_axe-wcag-22-aa.json	nonempty
PASS	markets_artifact_axe-structure.json	nonempty
PASS	markets_artifact_metadata.json	nonempty
PASS	markets_result	PASS
PASS	markets_commit	080033ae56e3c793ba3a998276cac5daeb969d50
PASS	markets_run_id	20260715T004355Z
PASS	markets_source_fingerprint	bc72d742962ad167b1cc750992c33189c72c6d15e5b5c5a6afb3d680638fd08e
PASS	markets_project	chromium-mobile
PASS	markets_final_origin	http://prochart.local:4184
PASS	markets_expected_origin	http://prochart.local:4184
PASS	markets_axe_version	4.10.3
PASS	markets_wcag_violation_rules	0
PASS	markets_wcag_violation_nodes	0
PASS	markets_wcag_incomplete_rules	1
PASS	markets_wcag_incomplete_rule_id	color-contrast
PASS	markets_wcag_incomplete_impact	serious
PASS	markets_wcag_incomplete_nodes	37
PASS	markets_structure_violation_rules	0
PASS	markets_structure_violation_nodes	0
PASS	markets_structure_incomplete_rules	0
PASS	markets_network_or_runtime_errors	0
PASS	markets_expected_api_mocked	true
PASS	markets_keyboard_focus_before_activation	true
PASS	markets_screenshot_sha256	38593f6a83eb5011a18d543012e76ff6567a67a4b16697342780c352c73fcc15
PASS	profile_artifact_actual.png	nonempty
PASS	profile_artifact_aria-snapshot.yml	nonempty
PASS	profile_artifact_axe-wcag-22-aa.json	nonempty
PASS	profile_artifact_axe-structure.json	nonempty
PASS	profile_artifact_metadata.json	nonempty
PASS	profile_result	PASS
PASS	profile_commit	080033ae56e3c793ba3a998276cac5daeb969d50
PASS	profile_run_id	20260715T004355Z
PASS	profile_source_fingerprint	bc72d742962ad167b1cc750992c33189c72c6d15e5b5c5a6afb3d680638fd08e
PASS	profile_project	chromium-mobile
PASS	profile_final_origin	http://prochart.local:4184
PASS	profile_expected_origin	http://prochart.local:4184
PASS	profile_axe_version	4.10.3
PASS	profile_wcag_violation_rules	0
PASS	profile_wcag_violation_nodes	0
PASS	profile_wcag_incomplete_rules	1
PASS	profile_wcag_incomplete_rule_id	color-contrast
PASS	profile_wcag_incomplete_impact	serious
PASS	profile_wcag_incomplete_nodes	36
PASS	profile_structure_violation_rules	0
PASS	profile_structure_violation_nodes	0
PASS	profile_structure_incomplete_rules	0
PASS	profile_network_or_runtime_errors	0
PASS	profile_expected_api_mocked	true
PASS	profile_keyboard_focus_before_activation	true
PASS	profile_screenshot_sha256	3f5a92cedcb10468d67ca823ba942b9f1b6f89359db4043ab0a049881cfa6a09
PASS	aggregate_wcag_violation_rules	0
PASS	aggregate_wcag_violation_nodes	0
PASS	aggregate_wcag_incomplete_rules	5
PASS	aggregate_wcag_incomplete_nodes	163
PASS	aggregate_structure_violation_rules	0
PASS	current_to_prior_incomplete_node_delta	0
PASS	gitleaks_findings	0
PASS	gitleaks_exit_code	0
