
> bazaarnama-panel@1.0.0 build
> vite build

vite v6.4.3 building for production...
transforming...
✓ 2368 modules transformed.
rendering chunks...
computing gzip size...
dist/index.html                                     1.01 kB │ gzip:   0.61 kB
dist/assets/index-6l_D_gsw.css                     42.54 kB │ gzip:   7.65 kB
dist/assets/plus-CN0gVDB5.js                        0.32 kB │ gzip:   0.25 kB
dist/assets/ban-BsBghpyP.js                         0.34 kB │ gzip:   0.27 kB
dist/assets/circle-check-95u0hEzi.js                0.34 kB │ gzip:   0.27 kB
dist/assets/power-Bt6vMZwt.js                       0.34 kB │ gzip:   0.27 kB
dist/assets/clock-C7O53XtC.js                       0.35 kB │ gzip:   0.27 kB
dist/assets/chart-line-BV-8WeYb.js                  0.35 kB │ gzip:   0.27 kB
dist/assets/user-Dj8jP2vF.js                        0.37 kB │ gzip:   0.29 kB
dist/assets/lock-BTX-39xN.js                        0.38 kB │ gzip:   0.30 kB
dist/assets/dollar-sign-CVyOA8sd.js                 0.39 kB │ gzip:   0.30 kB
dist/assets/activity-qyYxeHUS.js                    0.40 kB │ gzip:   0.30 kB
dist/assets/link-2-DsVdsQmC.js                      0.41 kB │ gzip:   0.31 kB
dist/assets/globe-yf-AlS2F.js                       0.41 kB │ gzip:   0.30 kB
dist/assets/external-link-CYwB0kS3.js               0.42 kB │ gzip:   0.30 kB
dist/assets/eye-B0EuCRWm.js                         0.42 kB │ gzip:   0.30 kB
dist/assets/list-checks-BSpE-QXb.js                 0.45 kB │ gzip:   0.29 kB
dist/assets/badge-check-6dCo1ABk.js                 0.48 kB │ gzip:   0.31 kB
dist/assets/shield-check-BZG_HtUA.js                0.49 kB │ gzip:   0.35 kB
dist/assets/refresh-cw-DdsIcfdX.js                  0.49 kB │ gzip:   0.33 kB
dist/assets/save-BRh2wY4A.js                        0.50 kB │ gzip:   0.33 kB
dist/assets/file-text-BV3WgjB9.js                   0.50 kB │ gzip:   0.32 kB
dist/assets/bitcoin-27Yi7D02.js                     0.50 kB │ gzip:   0.36 kB
dist/assets/calendar-plus-BAeIs8e9.js               0.52 kB │ gzip:   0.33 kB
dist/assets/trash-2-D393hJzw.js                     0.53 kB │ gzip:   0.35 kB
dist/assets/radio-BWa5PTfq.js                       0.53 kB │ gzip:   0.35 kB
dist/assets/chevron-up-NdU9NQck.js                  0.54 kB │ gzip:   0.28 kB
dist/assets/shield-off-Tcze62aZ.js                  0.57 kB │ gzip:   0.39 kB
dist/assets/calendar-days-Dnr7zasO.js               0.66 kB │ gzip:   0.37 kB
dist/assets/trending-up-WTgyyJ3S.js                 0.70 kB │ gzip:   0.33 kB
dist/assets/useConfirm-D11RT072.js                  0.89 kB │ gzip:   0.48 kB
dist/assets/SearchInput-BkxG8rA_.js                 1.00 kB │ gzip:   0.58 kB
dist/assets/user-plus-Ce7y5rA1.js                   1.02 kB │ gzip:   0.47 kB
dist/assets/Skeleton-Dtj5t1Hn.js                    1.61 kB │ gzip:   0.60 kB
dist/assets/StatCard-CkOPOZiu.js                    1.72 kB │ gzip:   0.74 kB
dist/assets/Modal-kERoyTp6.js                       1.96 kB │ gzip:   0.88 kB
dist/assets/StatusBadge-C5lOpOJT.js                 2.08 kB │ gzip:   0.89 kB
dist/assets/AnimatedCounter-BlMfqwBJ.js             3.59 kB │ gzip:   1.54 kB
dist/assets/LoginPage-KETV2Bps.js                   4.22 kB │ gzip:   1.81 kB
dist/assets/ChartsPage-DaGDPcrD.js                  5.08 kB │ gzip:   2.29 kB
dist/assets/DataTable-BD_Tyuhy.js                   5.29 kB │ gzip:   1.92 kB
dist/assets/ConfirmDialog-BFaFzvi9.js               5.74 kB │ gzip:   2.45 kB
dist/assets/NewsPage-BGNysNgF.js                    6.37 kB │ gzip:   2.48 kB
dist/assets/AiSignalsPage-DjQXY44E.js               7.11 kB │ gzip:   2.87 kB
dist/assets/SettingsPage-DK3pn0NG.js                8.93 kB │ gzip:   3.58 kB
dist/assets/OrdersPage-DlLdm5M8.js                 10.80 kB │ gzip:   3.88 kB
dist/assets/BroadcastsPage-CajRVjH8.js             11.35 kB │ gzip:   3.85 kB
dist/assets/ExchangePage-Bvbws5Nv.js               12.20 kB │ gzip:   4.17 kB
dist/assets/AdsPage-DmK7u-rx.js                    13.06 kB │ gzip:   4.30 kB
dist/assets/ErrorState-D3uNNo_2.js                 13.69 kB │ gzip:   5.03 kB
dist/assets/SubscriptionsPage-BbFBF38G.js          14.46 kB │ gzip:   4.34 kB
dist/assets/AnalyticsPage-D4CnCvH6.js              16.55 kB │ gzip:   4.75 kB
dist/assets/index.esm-WU7gg7ZZ.js                  27.28 kB │ gzip:  10.09 kB
dist/assets/AreaChart-DZR96wyE.js                  36.91 kB │ gzip:   9.52 kB
dist/assets/client-MKRjuuvr.js                     50.89 kB │ gzip:  19.14 kB
dist/assets/types-C53_zQrj.js                      55.27 kB │ gzip:  12.92 kB
dist/assets/DashboardPage-BqFDfTiq.js              55.91 kB │ gzip:  14.52 kB
dist/assets/UsersPage-CDJlwAs4.js                  57.57 kB │ gzip:  15.56 kB
dist/assets/index-Ck9qZkD7.js                     234.39 kB │ gzip:  75.25 kB
dist/assets/generateCategoricalChart-DWyQaMv7.js  384.29 kB │ gzip: 106.11 kB
✓ built in 7.76s
