#0 building with "default" instance using docker driver

#1 [internal] load build definition from Dockerfile
#1 transferring dockerfile: 837B done
#1 DONE 0.0s

#2 [internal] load metadata for docker.io/library/nginx:1.27-alpine@sha256:65645c7bb6a0661892a8b03b89d0743208a18dd2f3f17a54ef4b76fb8e2f2a10
#2 DONE 0.0s

#3 [internal] load metadata for docker.io/library/node:22-alpine@sha256:16e22a550f3863206a3f701448c45f7912c6896a62de43add43bb9c86130c3e2
#3 DONE 0.0s

#4 [internal] load .dockerignore
#4 transferring context: 110B done
#4 DONE 0.0s

#5 [production 1/5] FROM docker.io/library/nginx:1.27-alpine@sha256:65645c7bb6a0661892a8b03b89d0743208a18dd2f3f17a54ef4b76fb8e2f2a10
#5 resolve docker.io/library/nginx:1.27-alpine@sha256:65645c7bb6a0661892a8b03b89d0743208a18dd2f3f17a54ef4b76fb8e2f2a10 0.0s done
#5 DONE 0.0s

#6 [builder 1/6] FROM docker.io/library/node:22-alpine@sha256:16e22a550f3863206a3f701448c45f7912c6896a62de43add43bb9c86130c3e2
#6 resolve docker.io/library/node:22-alpine@sha256:16e22a550f3863206a3f701448c45f7912c6896a62de43add43bb9c86130c3e2 0.0s done
#6 DONE 0.1s

#7 [internal] load build context
#7 transferring context: 47.14kB 0.0s done
#7 DONE 0.1s

#8 [builder 2/6] WORKDIR /app
#8 DONE 0.1s

#9 [builder 3/6] COPY package.json package-lock.json* ./
#9 DONE 0.0s

#10 [builder 4/6] RUN npm ci --legacy-peer-deps
#10 2.018 npm warn deprecated q@1.5.1: You or someone you depend on is using Q, the JavaScript Promise library that gave JavaScript developers strong feelings about promises. They can almost certainly migrate to the native JavaScript promise now. Thank you literally everyone for joining me in this bet against the odds. Be excellent to each other.
#10 2.018 npm warn deprecated
#10 2.018 npm warn deprecated (For a CapTP with native promises, see @endo/eventual-send and @endo/captp)
#10 2.047 npm warn deprecated prebuild-install@7.1.3: No longer maintained. Please contact the author of the relevant native addon; alternatives are available.
#10 2.323 npm warn deprecated git-raw-commits@2.0.11: Deprecated and no longer maintained. Use @conventional-changelog/git-client instead.
#10 2.366 npm warn deprecated git-semver-tags@4.1.1: Deprecated and no longer maintained. Use @conventional-changelog/git-client instead.
#10 2.626 npm warn deprecated conventional-changelog-jquery@3.0.11: This preset is deprecated. Please use conventional-changelog-conventionalcommits or conventional-changelog-angular instead.
#10 2.626 npm warn deprecated conventional-changelog-core@4.2.4: Deprecated and no longer maintained. Please use conventional-changelog instead.
#10 2.644 npm warn deprecated conventional-changelog-express@2.0.6: This preset is deprecated. Please use conventional-changelog-conventionalcommits or conventional-changelog-angular instead.
#10 2.644 npm warn deprecated conventional-changelog-ember@2.0.9: This preset is deprecated. Please use conventional-changelog-conventionalcommits or conventional-changelog-angular instead.
#10 2.644 npm warn deprecated conventional-changelog-codemirror@2.0.8: This preset is deprecated. Please use conventional-changelog-conventionalcommits or conventional-changelog-angular instead.
#10 2.644 npm warn deprecated conventional-changelog-eslint@3.0.9: This preset is deprecated. Please use conventional-changelog-conventionalcommits or conventional-changelog-angular instead.
#10 2.656 npm warn deprecated conventional-changelog-atom@2.0.8: This preset is deprecated. Please use conventional-changelog-conventionalcommits or conventional-changelog-angular instead.
#10 2.682 npm warn deprecated conventional-changelog-jshint@2.0.9: This preset is deprecated. Please use conventional-changelog-conventionalcommits or conventional-changelog-angular instead.
#10 3.352 npm warn deprecated uuid@7.0.3: uuid@10 and below is no longer supported.  For ESM codebases, update to uuid@latest.  For CommonJS codebases, use uuid@11 (but be aware this version will likely be deprecated in 2028).
#10 3.455 npm warn deprecated tar@6.2.1: Old versions of tar are not supported, and contain widely publicized security vulnerabilities, which have been fixed in the current version. Please update. Support for old versions may be purchased (at exorbitant rates) by contacting i@izs.me
#10 3.836 npm warn deprecated glob@9.3.5: Old versions of glob are not supported, and contain widely publicized security vulnerabilities, which have been fixed in the current version. Please update. Support for old versions may be purchased (at exorbitant rates) by contacting i@izs.me
#10 7.559 
#10 7.559 added 656 packages, and audited 657 packages in 7s
#10 7.559 
#10 7.559 110 packages are looking for funding
#10 7.559   run `npm fund` for details
#10 7.589 
#10 7.589 8 vulnerabilities (2 moderate, 6 high)
#10 7.589 
#10 7.589 To address issues that do not require attention, run:
#10 7.589   npm audit fix
#10 7.589 
#10 7.589 Some issues need review, and may require choosing
#10 7.589 a different dependency.
#10 7.589 
#10 7.589 Run `npm audit` for details.
#10 7.590 npm notice
#10 7.590 npm notice New major version of npm available! 10.9.8 -> 12.0.1
#10 7.590 npm notice Changelog: https://github.com/npm/cli/releases/tag/v12.0.1
#10 7.590 npm notice To update run: npm install -g npm@12.0.1
#10 7.590 npm notice
#10 DONE 8.7s

#11 [builder 5/6] COPY . .
#11 DONE 0.4s

#12 [builder 6/6] RUN npm run build
#12 0.354 
#12 0.354 > coinepro-academy@1.0.0 build
#12 0.354 > node copy-crypto-icons.mjs && vite build
#12 0.354 
#12 0.788 [crypto-icons] copied 483 coin logos → public/crypto-icons/
#12 1.366 vite v6.4.3 building for production...
#12 1.793 transforming...
#12 14.08 ✓ 1786 modules transformed.
#12 15.06 rendering chunks...
#12 15.10 computing gzip size...
#12 15.25 dist/index.html                       5.59 kB │ gzip:   1.64 kB
#12 15.25 dist/assets/bn-logo-Cylz0xjn.png     77.96 kB
#12 15.25 dist/assets/index-BDC3pT6H.css       79.85 kB │ gzip:  15.55 kB
#12 15.25 dist/assets/index-DE77rbAv.js     2,399.40 kB │ gzip: 726.98 kB
#12 15.25 
#12 15.25 (!) Some chunks are larger than 500 kB after minification. Consider:
#12 15.25 - Using dynamic import() to code-split the application
#12 15.25 - Use build.rollupOptions.output.manualChunks to improve chunking: https://rollupjs.org/configuration-options/#output-manualchunks
#12 15.25 - Adjust chunk size limit for this warning via build.chunkSizeWarningLimit.
#12 15.25 ✓ built in 13.86s
#12 DONE 15.6s

#13 [production 2/5] RUN rm -rf /usr/share/nginx/html/*
#13 CACHED

#14 [production 3/5] COPY --from=builder /app/dist /usr/share/nginx/html
#14 CACHED

#15 [production 4/5] COPY nginx.conf /etc/nginx/conf.d/default.conf
#15 CACHED

#16 [production 5/5] COPY security-headers.conf /etc/nginx/prochart-security-headers.conf
#16 CACHED

#17 exporting to image
#17 exporting layers done
#17 exporting manifest sha256:5945a7d1f5054645e4b1b15230af8ddb7d79156d72ea57979c5056b3990d5c2a done
#17 exporting config sha256:7a6a14e0729b9c76f487db5e8cc1fb257f29d58ad9f0ca547faa1adeb57dc196 done
#17 exporting attestation manifest sha256:f9ed31d512298e2ac55c674583a3082ad2bc106a5b4829df278eb18f35f11986 0.0s done
#17 exporting manifest list sha256:972fdb60d3a273748bf4b31e37f2071e64b2616d8168a96b4b63d98b23a45b1e done
#17 naming to docker.io/library/prochart-frontend-prochart:qa-phase1-node22-20260715T025137Z done
#17 unpacking to docker.io/library/prochart-frontend-prochart:qa-phase1-node22-20260715T025137Z 0.0s done
#17 DONE 0.1s
