
> coinepro-forex-signals@1.0.0 build
> vite build

vite v5.4.21 building for production...
transforming...
✓ 1280 modules transformed.
rendering chunks...
computing gzip size...
dist/index.html                            4.41 kB │ gzip:   1.77 kB
dist/assets/index-BDMt3cmZ.css            45.19 kB │ gzip:   8.26 kB
dist/assets/BlogPage-CuiJfEC8.js           0.63 kB │ gzip:   0.54 kB
dist/assets/AnalysisPage-Cia_S-Yt.js       0.67 kB │ gzip:   0.53 kB
dist/assets/NewsPage-BZCRox9z.js           0.68 kB │ gzip:   0.53 kB
dist/assets/useSeo-B3mtYd9k.js             1.43 kB │ gzip:   0.76 kB
dist/assets/TagPage-DRi5StDj.js            2.52 kB │ gzip:   1.37 kB
dist/assets/NotFoundPage-lVPs9_0S.js       4.49 kB │ gzip:   1.59 kB
dist/assets/ArticleFeed-Qd8c9EyI.js        5.24 kB │ gzip:   2.22 kB
dist/assets/AcademyPage-BJPSpE-V.js        5.52 kB │ gzip:   2.61 kB
dist/assets/ArticlePage-DYHx1wta.js        5.72 kB │ gzip:   2.55 kB
dist/assets/LivePricesPage-CsUIH1w3.js     8.49 kB │ gzip:   3.19 kB
dist/assets/EducationPage-bBKMlPBB.js      9.63 kB │ gzip:   3.98 kB
dist/assets/AboutPage-C8x0ijtn.js          9.87 kB │ gzip:   4.35 kB
dist/assets/PerformancePage-BoQ9abKe.js   10.35 kB │ gzip:   3.43 kB
dist/assets/useQuery-B-dwr2o7.js          10.50 kB │ gzip:   3.74 kB
dist/assets/LivePage-YPtkZEet.js          10.91 kB │ gzip:   4.53 kB
dist/assets/BacktestPage-B05KhfCR.js      11.04 kB │ gzip:   4.40 kB
dist/assets/BrokerPage-BanoUCqy.js        14.63 kB │ gzip:   5.48 kB
dist/assets/CopyTradePage-DibOXABn.js     17.34 kB │ gzip:   6.10 kB
dist/assets/SignalsPage-D3fPPWl8.js       19.03 kB │ gzip:   6.33 kB
dist/assets/HomePage-BA9-1rqG.js          20.46 kB │ gzip:   7.18 kB
dist/assets/client-CjJh1MU8.js            46.14 kB │ gzip:  18.11 kB
dist/assets/index-d_5qGmGU.js             63.40 kB │ gzip:  20.32 kB
dist/assets/ContactPage-D8aluqPk.js       95.32 kB │ gzip:  26.62 kB
dist/assets/motion-Dq_S13K9.js           109.09 kB │ gzip:  37.02 kB
dist/assets/vendor-DWRKWlVk.js           164.27 kB │ gzip:  53.65 kB
dist/assets/charts-CF0VmQ4A.js           394.29 kB │ gzip: 107.17 kB
✓ built in 7.45s
