#0 building with "default" instance using docker driver

#1 [internal] load build definition from Dockerfile
#1 transferring dockerfile: 1.80kB done
#1 DONE 0.0s

#2 [internal] load metadata for docker.io/library/python:3.12-slim
#2 DONE 0.8s

#3 [internal] load .dockerignore
#3 transferring context: 393B done
#3 DONE 0.0s

#4 [ 1/15] FROM docker.io/library/python:3.12-slim@sha256:c3d81d25b3154142b0b42eb1e61300024426268edeb5b5a26dd7ddf64d9daf28
#4 resolve docker.io/library/python:3.12-slim@sha256:c3d81d25b3154142b0b42eb1e61300024426268edeb5b5a26dd7ddf64d9daf28 0.0s done
#4 DONE 0.0s

#5 [internal] load build context
#5 transferring context: 26.61kB 0.0s done
#5 DONE 0.0s

#6 [ 3/15] RUN wget -q https://prdownloads.sourceforge.net/ta-lib/ta-lib-0.4.0-src.tar.gz &&     tar -xzf ta-lib-0.4.0-src.tar.gz &&     cd ta-lib &&     ./configure --prefix=/usr &&     make &&     make install &&     ldconfig &&     cd .. &&     rm -rf ta-lib ta-lib-0.4.0-src.tar.gz
#6 CACHED

#7 [ 4/15] WORKDIR /app
#7 CACHED

#8 [ 7/15] RUN pip install --no-cache-dir -r requirements.txt
#8 CACHED

#9 [ 6/15] RUN pip install --no-cache-dir numpy==2.2.6
#9 CACHED

#10 [ 2/15] RUN apt-get update && apt-get install -y --no-install-recommends     build-essential     wget     curl     libpq-dev     && rm -rf /var/lib/apt/lists/*
#10 CACHED

#11 [ 5/15] COPY requirements.txt .
#11 CACHED

#12 [ 8/15] RUN pip install --no-cache-dir cython setuptools wheel &&     pip install --no-cache-dir --no-binary TA-Lib --no-build-isolation --no-deps --force-reinstall TA-Lib==0.4.32
#12 CACHED

#13 [ 9/15] RUN pip install --no-cache-dir "numpy==2.2.6" &&     python -c "import numpy,pandas,talib; print('numpy',numpy.__version__,'pandas',pandas.__version__,'talib',talib.__version__)" &&     python -m pip check
#13 CACHED

#14 [10/15] COPY src/ ./src/
#14 DONE 0.3s

#15 [11/15] COPY alembic/ ./alembic/
#15 DONE 0.1s

#16 [12/15] COPY alembic/alembic.ini ./alembic.ini
#16 DONE 0.2s

#17 [13/15] COPY scripts/ ./scripts/
#17 DONE 0.2s

#18 [14/15] COPY run_*.py ./
#18 DONE 0.0s

#19 [15/15] RUN mkdir -p /app/logs /app/ml_models
#19 DONE 0.2s

#20 exporting to image
#20 exporting layers
#20 exporting layers 0.3s done
#20 exporting manifest sha256:ab039e9e94a933b0be1632d988205173dabc03f117193d49b197da6b68f286b0 done
#20 exporting config sha256:3bf1af1e300aa18235307c733ffd01893d1aef940cc2bbd7e0bbb92382f12af1 done
#20 exporting attestation manifest sha256:fc729bc5d692e8fb694eff28e5cdc9526ab6d77957b6493127ff3e39ddcb06fd 0.0s done
#20 exporting manifest list sha256:768613b6398c2ef089e0c8b73ac03ceddb6e9b1dac94d32a2b54c893dab1efdb done
#20 naming to docker.io/library/prochart-api:qa-current-20260714 done
#20 unpacking to docker.io/library/prochart-api:qa-current-20260714 0.1s done
#20 DONE 0.5s
