#0 building with "default" instance using docker driver

#1 [internal] load build definition from Dockerfile
#1 transferring dockerfile: 693B done
#1 DONE 0.0s

#2 [internal] load metadata for docker.io/library/nginx:1.27-alpine
#2 DONE 0.0s

#3 [internal] load metadata for docker.io/library/node:20-alpine
#3 DONE 0.6s

#4 [internal] load .dockerignore
#4 transferring context: 110B done
#4 DONE 0.0s

#5 [builder 1/6] FROM docker.io/library/node:20-alpine@sha256:fb4cd12c85ee03686f6af5362a0b0d56d50c58a04632e6c0fb8363f609372293
#5 resolve docker.io/library/node:20-alpine@sha256:fb4cd12c85ee03686f6af5362a0b0d56d50c58a04632e6c0fb8363f609372293 0.0s done
#5 DONE 0.0s

#6 [production 1/5] FROM docker.io/library/nginx:1.27-alpine@sha256:65645c7bb6a0661892a8b03b89d0743208a18dd2f3f17a54ef4b76fb8e2f2a10
#6 resolve docker.io/library/nginx:1.27-alpine@sha256:65645c7bb6a0661892a8b03b89d0743208a18dd2f3f17a54ef4b76fb8e2f2a10 0.0s done
#6 DONE 0.0s

#7 [internal] load build context
#7 transferring context: 459.63kB 1.0s done
#7 DONE 1.1s

#8 [builder 2/6] WORKDIR /app
#8 CACHED

#9 [builder 3/6] COPY package.json package-lock.json* ./
#9 CACHED

#10 [builder 4/6] RUN npm ci --legacy-peer-deps
#10 1.159 npm warn EBADENGINE Unsupported engine {
#10 1.159 npm warn EBADENGINE   package: '@capacitor/cli@8.4.1',
#10 1.159 npm warn EBADENGINE   required: { node: '>=22.0.0' },
#10 1.159 npm warn EBADENGINE   current: { node: 'v20.20.2', npm: '10.8.2' }
#10 1.159 npm warn EBADENGINE }
#10 3.044 npm warn deprecated q@1.5.1: You or someone you depend on is using Q, the JavaScript Promise library that gave JavaScript developers strong feelings about promises. They can almost certainly migrate to the native JavaScript promise now. Thank you literally everyone for joining me in this bet against the odds. Be excellent to each other.
#10 3.044 npm warn deprecated
#10 3.044 npm warn deprecated (For a CapTP with native promises, see @endo/eventual-send and @endo/captp)
#10 3.110 npm warn deprecated prebuild-install@7.1.3: No longer maintained. Please contact the author of the relevant native addon; alternatives are available.
#10 3.452 npm warn deprecated git-raw-commits@2.0.11: Deprecated and no longer maintained. Use @conventional-changelog/git-client instead.
#10 3.473 npm warn deprecated git-semver-tags@4.1.1: Deprecated and no longer maintained. Use @conventional-changelog/git-client instead.
#10 3.730 npm warn deprecated conventional-changelog-jquery@3.0.11: This preset is deprecated. Please use conventional-changelog-conventionalcommits or conventional-changelog-angular instead.
#10 3.731 npm warn deprecated conventional-changelog-core@4.2.4: Deprecated and no longer maintained. Please use conventional-changelog instead.
#10 3.743 npm warn deprecated conventional-changelog-jshint@2.0.9: This preset is deprecated. Please use conventional-changelog-conventionalcommits or conventional-changelog-angular instead.
#10 3.743 npm warn deprecated conventional-changelog-express@2.0.6: This preset is deprecated. Please use conventional-changelog-conventionalcommits or conventional-changelog-angular instead.
#10 3.743 npm warn deprecated conventional-changelog-ember@2.0.9: This preset is deprecated. Please use conventional-changelog-conventionalcommits or conventional-changelog-angular instead.
#10 3.743 npm warn deprecated conventional-changelog-eslint@3.0.9: This preset is deprecated. Please use conventional-changelog-conventionalcommits or conventional-changelog-angular instead.
#10 3.744 npm warn deprecated conventional-changelog-atom@2.0.8: This preset is deprecated. Please use conventional-changelog-conventionalcommits or conventional-changelog-angular instead.
#10 3.744 npm warn deprecated conventional-changelog-codemirror@2.0.8: This preset is deprecated. Please use conventional-changelog-conventionalcommits or conventional-changelog-angular instead.
#10 3.780 npm warn deprecated uuid@7.0.3: uuid@10 and below is no longer supported.  For ESM codebases, update to uuid@latest.  For CommonJS codebases, use uuid@11 (but be aware this version will likely be deprecated in 2028).
#10 4.569 npm warn deprecated tar@6.2.1: Old versions of tar are not supported, and contain widely publicized security vulnerabilities, which have been fixed in the current version. Please update. Support for old versions may be purchased (at exorbitant rates) by contacting i@izs.me
#10 4.769 npm warn deprecated glob@9.3.5: Old versions of glob are not supported, and contain widely publicized security vulnerabilities, which have been fixed in the current version. Please update. Support for old versions may be purchased (at exorbitant rates) by contacting i@izs.me
#10 8.382 
#10 8.382 added 656 packages, and audited 657 packages in 8s
#10 8.382 
#10 8.382 110 packages are looking for funding
#10 8.382   run `npm fund` for details
#10 8.416 
#10 8.416 8 vulnerabilities (2 moderate, 6 high)
#10 8.416 
#10 8.416 To address issues that do not require attention, run:
#10 8.416   npm audit fix
#10 8.416 
#10 8.416 Some issues need review, and may require choosing
#10 8.416 a different dependency.
#10 8.416 
#10 8.416 Run `npm audit` for details.
#10 8.416 npm notice
#10 8.416 npm notice New major version of npm available! 10.8.2 -> 12.0.1
#10 8.416 npm notice Changelog: https://github.com/npm/cli/releases/tag/v12.0.1
#10 8.416 npm notice To update run: npm install -g npm@12.0.1
#10 8.416 npm notice
#10 DONE 9.5s

#11 [builder 5/6] COPY . .
#11 DONE 0.7s

#12 [builder 6/6] RUN npm run build
#12 0.398 
#12 0.398 > coinepro-academy@1.0.0 build
#12 0.398 > node copy-crypto-icons.mjs && vite build
#12 0.398 
#12 0.802 [crypto-icons] copied 483 coin logos → public/crypto-icons/
#12 1.264 vite v6.4.3 building for production...
#12 1.685 transforming...
#12 14.23 ✓ 1786 modules transformed.
#12 15.30 rendering chunks...
#12 15.34 computing gzip size...
#12 15.49 dist/index.html                       5.59 kB │ gzip:   1.64 kB
#12 15.49 dist/assets/bn-logo-Cylz0xjn.png     77.96 kB
#12 15.49 dist/assets/index-BDC3pT6H.css       79.85 kB │ gzip:  15.55 kB
#12 15.49 dist/assets/index-DE77rbAv.js     2,399.40 kB │ gzip: 726.98 kB
#12 15.49 
#12 15.49 (!) Some chunks are larger than 500 kB after minification. Consider:
#12 15.49 - Using dynamic import() to code-split the application
#12 15.49 - Use build.rollupOptions.output.manualChunks to improve chunking: https://rollupjs.org/configuration-options/#output-manualchunks
#12 15.49 - Adjust chunk size limit for this warning via build.chunkSizeWarningLimit.
#12 15.49 ✓ built in 14.20s
#12 DONE 15.7s

#13 [production 2/5] RUN rm -rf /usr/share/nginx/html/*
#13 CACHED

#14 [production 3/5] COPY --from=builder /app/dist /usr/share/nginx/html
#14 DONE 0.1s

#15 [production 4/5] COPY nginx.conf /etc/nginx/conf.d/default.conf
#15 DONE 0.0s

#16 [production 5/5] COPY security-headers.conf /etc/nginx/prochart-security-headers.conf
#16 DONE 0.0s

#17 exporting to image
#17 exporting layers
#17 exporting layers 0.4s done
#17 exporting manifest sha256:5945a7d1f5054645e4b1b15230af8ddb7d79156d72ea57979c5056b3990d5c2a done
#17 exporting config sha256:7a6a14e0729b9c76f487db5e8cc1fb257f29d58ad9f0ca547faa1adeb57dc196 done
#17 exporting attestation manifest sha256:c42601fee7c3a131b718810f22602a43af99d554a4c024c6fbc7d3aed00a1d8d 0.0s done
#17 exporting manifest list sha256:070ef01faf461f65b600590d242ab3f455d9fe7ed1900f371e8b4b22034c360e done
#17 naming to docker.io/library/prochart-frontend-prochart:qa-phase1-20260715T025036Z done
#17 unpacking to docker.io/library/prochart-frontend-prochart:qa-phase1-20260715T025036Z
#17 unpacking to docker.io/library/prochart-frontend-prochart:qa-phase1-20260715T025036Z 0.2s done
#17 DONE 0.6s
