===== 2026-07-22 15:38:13 =====
Disk before:
/dev/sda1       301G   66G  223G  23% /
Pruning build cache older than 7 days (168h)...
ID						RECLAIMABLE	SIZE		LAST ACCESSED
qtefp2i2ztv8tsqz3ceeqeuup*              	true 		16.08MB   	7 days ago
nzcfrbdkupnrxqfm2ga7b3o1l*              	true 	4.788MB   	7 days ago
5yvxxk4th99nqgpew615zuimp               	true 	8.291kB   	7 days ago
663wnartdrqtpbqf9gcmouwt9*              	true 	16.08MB   	7 days ago
0cn31n3vbruni8heaqtdi3p6v*              	true 	5.595MB   	7 days ago
cohae5lo14rj5vfwp2elb3jme*              	true 	16.08MB   	7 days ago
esolb4fhgvhwrg3nnasi08uvk               	true 	33.56kB   	8 days ago
i051e9r2p8uzbwf5w4669wbty*              	true 	4.788MB   	7 days ago
hfnobi1arc2u6tiiw829yf1s2               	true 	21.61kB   	7 days ago
8q7ajwfbb4qlkqja272nzz4m3               	true 	30.44kB   	7 days ago
b61p6iqz6fhc0p6xx32ejshp5*              	true 	4.788MB   	7 days ago
21kuh6ihqg9jlcca94knec0pe               	true 	20.62kB   	7 days ago
hspmd9qahh4em0c8qjsm9y8dz               	true 	10.41MB   	7 days ago
2ez188ijlhyek1822913dpe7c               	true 	1.282MB   	7 days ago
ktjwyxdx8kbu495709cs4jtde*              	true 	16.08MB   	7 days ago
ukq02qfaxdzdmwqinq7v0wdvg               	true 	30.44kB   	7 days ago
z4xnvojcc8m0wj9fyj3v9qajz               	true 	35.01kB   	7 days ago
oaff2f2r33pb8kjsm92onsa3m               	true 	8.294kB   	7 days ago
8hkjd1n9c5tt5167a9xdled93               	true 	5.181MB   	7 days ago
k71r0527xis7qyxmf3r3bxo1z               	true 	470.2MB   	7 days ago
hk39dtwpq28xsl29jyxost72m               	true 	10.7MB    	7 days ago
lxg31y00qdfymxhlca3okxpcl               	true 	11.12MB   	7 days ago
uc9yph30t3xq9wtmiawdgtope               	true 	5.157MB   	7 days ago
qgcg63pwd4e6tjaxflhf8mjnv               	true 	62.18kB   	7 days ago
xactza2xas3zey91gp8bsu8lo               	true 	20.61kB   	7 days ago
oocpqfgalmqoxh67qcif13sxb               	true 	33.56kB   	7 days ago
o0oqajbm5qr6c961iap7z9di6               	true 	20.61kB   	3 weeks ago
uqettq51e8r2mwpzwdk9t31ur               	true 	21.61kB   	7 days ago
ufoymbcowzwwdpre3akd92ps1               	true 	14.39MB   	7 days ago
y6rv0jk969nplcqiaezbca1jj               	true 	21.61kB   	7 days ago
p6q8pp5vyw4uc6xz8c3ip8rxz               	true 	2.589MB   	11 days ago
p3s5gu61p0q4c3ep4c9lnvbfj               	true 	16.63kB   	7 days ago
pnzch12p3i39si3qyvobefe7b               	true 	2.59MB    	7 days ago
2o233tvjaffoaxiqy2wdr5114               	true 	905.2kB   	7 days ago
r3f4n7hscmr8xc1xro2hv99cx               	true 	35.01kB   	7 days ago
nev0cx2q2ahlk2a9zds6v7kdm               	true 	14.39MB   	7 days ago
9rg6kb911agsioo35tsljpzgk               	true 	62.18kB   	7 days ago
lwfo4touqbk4b1o69udl04qg1               	true 	20.62kB   	7 days ago
nms67yid0dgrex2ac33xxedw2*              	true 	5.595MB   	7 days ago
ybyxebeh5pis9axhpb19767tq               	true 	14.39MB   	7 days ago
7k5s3g7h13s87hjbwzb2ec22p*              	true 	16.08MB   	7 days ago
omv75hhbdhb6xylyp5k6zv970               	true 	8.294kB   	7 days ago
ayyd826pmj0m5wcjmm04cus4z               	true 	35.01kB   	7 days ago
pfp0m79ai03px51frh82y7jyn               	true 	905.2kB   	7 days ago
yma3rzoxne7zuvq1fmigiq4mb               	true 	21.6kB    	7 days ago
s425w1qf2kubff1n8bcl7siyw               	true 	29.61kB   	7 days ago
3tn703yh12gr9hquk9gjxzh0i               	true 	14.4MB    	7 days ago
mmsp7sh4psxuu7hacp84enm8z               	true 	905.2kB   	7 days ago
o7aearvs946tqkfbb6sm29hjw*              	true 	5.628MB   	7 days ago
z0sp5bvxj5289cf1pkdfb9a47*              	true 	4.784MB   	7 days ago
gjey8uskhz5dmqlodw3m6ffra               	true 	1.282MB   	7 days ago
ggf63nij6h9oaoqpby9ig1eto               	true 	338.1kB   	7 days ago
pbepqjig6hwi1q7mmly0l6cvu               	true 	33.56kB   	7 days ago
ihllh28cwhbt3kgnywwd2nv6r*              	true 	16.08MB   	7 days ago
w9n7kq1s7s137h41g4s8iqcfg               	true 	52.83kB   	3 weeks ago
e10dd1ywupk95hf5l62a5pa43               	true 	62.18kB   	7 days ago
vxqfxhtlx01twis6odcc9kmme               	true 	905.2kB   	7 days ago
tn12l9rx6vj6d8yt999th9vgm               	true 	338.1kB   	7 days ago
8g09olcf3zcsegmwfudw4ezo0               	true 	5.157MB   	7 days ago
gtrg9qhwppw1dvlx9b36k51z4               	true 	11.12MB   	7 days ago
g40s0fy9cgt34449nzeep34tw               	true 	338.1kB   	7 days ago
07909j3g2hotxs5xseb92axbd               	true 	20.62kB   	7 days ago
irppkvaai526q29n6u906e7i5               	true 	2.59MB    	7 days ago
zeohknhra3fgywtzb9cqb68fc               	true 	160.3MB   	7 days ago
xvz5yqc93rnzn27m6uzwv1tw7               	true 	8.291kB   	7 days ago
bxiy7xbw7gjetefk8rr73ogk8               	true 	33.56kB   	7 days ago
n6skdkcngnrhazzivnxs7kk1v               	true 	14.4MB    	7 days ago
vzgxjfdwwnata0jl0d4ybjst2               	true 	14.39MB   	7 days ago
ynibs9poz1yjw4wma1l3vl4tz               	true 	1.559MB   	7 days ago
23vfxcxjvl8ktgjkz7py5pvjb               	true 	10.71MB   	7 days ago
bj7iz36pfezhg6bsbw2vlsuv3               	true 	34.85kB   	7 days ago
9xrdfp2j8i91s2upvdeqewyhf               	true 	1.282MB   	7 days ago
andp2cypic2org3rlsmtcttho               	true 	314.3kB   	3 weeks ago
44c2wm22lw6727wp6svv0atmp               	true 	12.74kB   	7 days ago
76kdm8z19h0p249cy5d2us04e               	true 	12.74kB   	7 days ago
c6k8lrzlhmngxhj0tjo3bfd1w               	true 	53.45MB   	7 days ago
ibo9vnc91tnqojes5783kmm0v               	true 	12.74kB   	7 days ago
hownz27vfrzhknigu4c53s7at               	true 	172.8MB   	7 days ago
pcfv1ms3ijmqdelhsi2aze1u8               	true 	5.181MB   	7 days ago
d3pyvub1cbwjlbj5p5by991q2               	true 	62.18kB   	7 days ago
xdlj9dxan9vhwy73idbxzz9vr               	true 	2.59MB    	7 days ago
jpdnd3cfi3q4oscb8u6r6tpjb               	true 	338.1kB   	7 days ago
oczgwkj8xazl2i0z9gxfgrgzv               	true 	251.7kB   	7 days ago
s56xg0l6e13mlp00kb6g6pcdy               	true 	131.1kB   	7 days ago
01u8s7cs3xp1i33ljg2yoba2y               	true 	251.7kB   	7 days ago
9c4v6xxnom0apia71m1cl9udq               	true 	6.241MB   	7 days ago
lup1lvg1sqpyzg6b3keq7dfgz               	true 	172.9MB   	7 days ago
pgn46d71obx6gjxlnu7yxqmpu               	true 	251.7kB   	7 days ago
5jyh4ogf94tcxpw7akq0oshk9               	true 	12.74kB   	3 weeks ago
kyho1lw0xbyhpx3tt0hbuom9d               	true 	135.2kB   	7 days ago
wgodm7j1cg1ouz4ouvw8946fm               	true 	12.74kB   	7 days ago
mh9xcp3i8d0deftlrndh3qqsf               	true 	5.361MB   	7 days ago
o3sh4h42c5typ0xw8qfzux5tj               	true 	5.361MB   	7 days ago
sbhq1a6k21yojk1rrs8jhdejd               	true 	5.449MB   	7 days ago
f9gv1vz3qc116c9z0cr2wk7a8               	true 	251.7kB   	3 weeks ago
t49j21snza00305zlholgqg0t               	true 	20.62kB   	7 days ago
ddu7u8kw7oo7pxujq3le1ya9j               	true 	135.2kB   	7 days ago
4w5b5hv3b5deslw5eybuf9ecj               	true 	10.7MB    	7 days ago
8k4e1nhqulf9j3kk1ld5qlb7c               	true 	251.7kB   	7 days ago
su0xlm3rmzv9cvjchuzmqbd5u               	true 	3.894MB   	3 weeks ago
ydvl98vnf3czdtvnu0y69zc8d               	true 	904MB     	7 days ago
uble54v42b29dzrg1pmjg5xc9               	true 	904MB     	7 days ago
yt2v8nxcrc03o5j19lzr3f27l               	true 	37.08kB   	7 days ago
ow6xr0ii0lamjsqt8ievcmo04               	true 	62.18kB   	7 days ago
kthhbjy7xao5zmvw9tej4cibw               	true 	15.52MB   	3 weeks ago
j4dl8igsrur11ii83liitcu1d               	true 	13.6kB    	7 days ago
tkvg1236p2t2u870atwvu4rj5               	true 	12.32kB   	8 days ago
0l7cguv9e7w96iewvp7awjto6               	true 	5.449MB   	7 days ago
2zjvgz7oxk0xim7tv7h69grgy               	true 	13.6kB    	7 days ago
ztrztej03ojb7q08im5tzoiap               	true 	338.1kB   	7 days ago
jhvn3yv8gtd6zg38bu59ww3iu               	true 	8.285kB   	7 days ago
9u6up423rmchyjtlyb9363a5y               	true 	8.285kB   	7 days ago
unwwl6z63kxfdbmrxi57q9vg4               	true 	12.74kB   	7 days ago
l21nfx25h8j2hrzpfadu7ok5w               	true 	34.49MB   	3 weeks ago
940sdf6trje76i2crmnypry07               	true 	1.397kB   	3 weeks ago
78e2ukjdo6yjimj8c0y4fwljd               	true 	1.994MB   	7 days ago
ye5jzj339tahyurikejty8wdn               	true 	1.994MB   	7 days ago
dm8yvnft9oangar5sgtlnktih               	true 	251.7kB   	7 days ago
n2neg7ddip05buda9mgmv1m8l               	true 	1.209kB   	3 weeks ago
j02pxo05irspcb7i9q9wabq0t               	true 	2.669MB   	3 weeks ago
sozrzpga6g9ixf2tb8025omqv               	true 	270.6MB   	3 weeks ago
qvmlf84924tcotiwg92co6qfg               	true 	5.375MB   	7 days ago
xe5jn6xf549duelyuh0nfwj9c               	true 	402B      	3 weeks ago
l75jnaiqget4pjv99k9jkhhx0               	true 	955B      	3 weeks ago
yi8yb6iskjidutzyaxpajpfqy               	true 	9.65GB    	3 weeks ago
lfzrpkqa2kyls9iu5ruyifa6i               	true 	93.33MB   	3 weeks ago
bavhytlpgspvpu5x0wla6w06w               	true 	629B      	3 weeks ago
pira0zn3nsov3tso15ztd5nh4               	true 	1.791MB   	3 weeks ago
ycl770azp1kcom7pyfs38tw4k               	true 	13.65kB   	3 weeks ago
v4ra24dky9vmswxu31akdulev               	true 	3.642MB   	3 weeks ago
jn40pzqpxrbjak6m6f3w7euc6               	true 	8.285kB   	3 weeks ago
zqw2ajjczu8m1gbpamkgu8nea               	true 	8.951MB   	3 weeks ago
1n4r0hmb9as09az61t9shjors               	true 	470.2MB   	3 weeks ago
qx884phg0p7apg2h4wa1f6orq               	true 	248B      	3 weeks ago
gstnv6u1a32gibjmigcxz37hb               	true 	12.11MB   	3 weeks ago
lwlpqy2t5f9y36st187eio4lh               	true 	1.293MB   	3 weeks ago
pvoqdn7kfbfis7e1fw9c28f48               	true 	29.79MB   	3 weeks ago
Total:	13.8GB
Disk after:
/dev/sda1       301G   53G  236G  19% /

===== 2026-07-26 04:00:01 =====
Disk before:
/dev/sda1       301G   56G  233G  20% /
Pruning build cache older than 7 days (168h)...
ID						RECLAIMABLE	SIZE		LAST ACCESSED
mxzyj6l2c7p8b5cyqmtqnhz56*              	true 		55.91MB   	9 days ago
nf3sbgxy1ymv3qyx22w9xjdrl*              	true 	157.3MB   	9 days ago
qs18f8g3kq4g4tc47uexmginu*              	true 	157.3MB   	9 days ago
mv88rfrpjmbakmajn8wjkj62u*              	true 	157.3MB   	9 days ago
9m4isbqmihel83o3kcolbig30*              	true 	157.3MB   	9 days ago
23qc6m2k63spplh85wb3jjo0x*              	true 	157.3MB   	9 days ago
je939oyij2rlbzeyyodc6n8fp*              	true 	157.7MB   	8 days ago
w54asiqcptxpwzsjatgtoygfs*              	true 	157MB     	8 days ago
tzagl9wxn5ygltk7ir4h981py*              	true 	157.3MB   	9 days ago
f9ykjwuhb5foykwoh6ud22ch7*              	true 	157.3MB   	9 days ago
m69h5j8k2t0rrbxus2ybrp46t*              	true 	23.78MB   	10 days ago
yqjync8fcisvye6y93h6sish8*              	true 	157.7MB   	8 days ago
n9g1w9n39l97ygp8eggmq0cq7*              	true 	23.99MB   	9 days ago
izn1euvlczrlm2q4ii6bo7qx4               	true 	156.1MB   	9 days ago
lghdcsd8knqjymxa9s5uvo9kz               	true 	156.3MB   	9 days ago
jayrab7b7dmit0j3gvazdh64w*              	true 	157.3MB   	9 days ago
3awvcj8e5aqxeqqzvpmnv5sji*              	true 	23.96MB   	10 days ago
ki9xs59c5o2pvlynjyu4crbo1*              	true 	157.3MB   	9 days ago
r73q2tmjdlrv5gxx13g0fower*              	true 	157.3MB   	9 days ago
wt9j9krjdz6c6os56iysyb6zm*              	true 	157.3MB   	9 days ago
obnm9fys9tma5rekxzq5495gj*              	true 	157.3MB   	9 days ago
dnvz2fuhrg19rk8jq5fv2irr7*              	true 	157.3MB   	9 days ago
0dve6205yamvh8kowxebge0vl*              	true 	157.3MB   	9 days ago
h2ube7kezvx6k1s0y1t00va0v*              	true 	157.3MB   	9 days ago
0b1xsje5qpatcre1zlxoay7o6*              	true 	157.3MB   	9 days ago
9m16fz9fmz9fusgoq3ycd3t7e*              	true 	157.3MB   	9 days ago
k9f4t6ag8ngf2yq9hybl53i4a*              	true 	23.97MB   	10 days ago
nwbjjm87k8djbapwr482frz1y*              	true 	157.3MB   	9 days ago
n9hw5sy1mbmpjihqlhy4of5ap               	true 	156.1MB   	9 days ago
yrae5sr712p6l1xtjoerzzes3*              	true 	23.97MB   	10 days ago
rfq745ueag2h8v7qx2cti9dm6               	true 	156.1MB   	9 days ago
13mhexyexpa1cy5qxuo2q9b4j*              	true 	157.3MB   	9 days ago
4xfausk571idlm0qapsb7fjww               	true 	156.3MB   	9 days ago
tkkhztygds50spmheabhdtyca*              	true 	157MB     	8 days ago
xtsgw48n63hug863di92bk9h6               	true 	156MB     	9 days ago
qcopxxe7ddsk60mnar03a6erg               	true 	156.3MB   	9 days ago
wf6ixn0ga541a8o14kj8kt8np*              	true 	157.3MB   	9 days ago
ww5zdxkdf4fypa5wbr82odpom*              	true 	157.3MB   	9 days ago
qu1nt5u81g8z1lypefao6bbgm*              	true 	157.3MB   	9 days ago
kmhcglhx19p34pfim8x5t3q09*              	true 	157.3MB   	9 days ago
q3pr8k58m8bejca78wjhn8i79*              	true 	157.3MB   	9 days ago
q05uw6pysl6dszmbml513dgij*              	true 	157.3MB   	9 days ago
rj1qrtubb8ffynwb5e99kid5m*              	true 	157.3MB   	9 days ago
y9mlzl95tn0romujd1ny0n83j*              	true 	157.3MB   	9 days ago
qq2re5kynbp0kaa0c6hm2g8mw*              	true 	157.3MB   	9 days ago
qifpku30u7197cp2t87kdb7mh               	true 	156.3MB   	9 days ago
amb4wum1uybc4ik9beb1j30n4*              	true 	57.32MB   	9 days ago
gifcwiq35vqipdecxx9awwdrr               	true 	156.2MB   	9 days ago
xkhs5isp2asq5bfd8s93m0paq*              	true 	157.3MB   	9 days ago
ap0o9w6ahvalyrenna12odw0t               	true 	37.07kB   	8 days ago
018v7hpenuk4lr51cozpsdmgt               	true 	156.1MB   	9 days ago
hkirll5ygl4klywq1y72klf51*              	true 	17.08MB   	10 days ago
x4shnn5ww0pe4vxf98h0m4l8k*              	true 	23.97MB   	9 days ago
iyo2nwfvqfogi2fwxt93ogx3t*              	true 	157MB     	9 days ago
mr7icwhoibw16thzwtam9p9to               	true 	22.65MB   	10 days ago
unvzxp06izd3o3cr5lh0qegg1*              	true 	157.3MB   	9 days ago
lvv76brdn9pdye3m2g85ffbfb*              	true 	24.15MB   	9 days ago
9wmgcf1rj11dyhf6066dotn7a*              	true 	157.3MB   	9 days ago
5z8ws72o1cojumt9k3cos69l1*              	true 	157.3MB   	9 days ago
klv5vnu2xa0ozsipawu9rkibx               	true 	156.1MB   	8 days ago
xew4090pgp48498yeejaapp28*              	true 	157.3MB   	9 days ago
q9jg2ssh5zoeog9dhmr5bkiqj*              	true 	157.7MB   	8 days ago
iq4865vo3ltccpttai3kdmxyb               	true 	1.398kB   	11 days ago
6ad8k6f3k17kq43ue33k1fxw5               	true 	22.66MB   	9 days ago
oxhqwzuif4s5zagzqamczm95z               	true 	22.64MB   	10 days ago
m26wonef3gj5hrr0axgk37p1f               	true 	156.3MB   	8 days ago
9a6p5b6haxccqr8rfwaf8cq67*              	true 	157.7MB   	8 days ago
gltcwvo8ip2k02cujzm4bje3a               	true 	156.2MB   	8 days ago
a9mi8ldkywy771td4y1r22d7x               	true 	156MB     	9 days ago
afjt98hkacdhpdwhb0njanezv               	true 	156.1MB   	9 days ago
ocnjc9nx3q0ux3m7g0tb66k9t               	true 	156.1MB   	9 days ago
dci7u94ff4qxs5anyjhy671zb               	true 	22.65MB   	10 days ago
oowvz0k6g38ly6ggunw0jc5ji               	true 	1.212kB   	11 days ago
nluwxbgel9tme6njkjze1d1v4*              	true 	157.3MB   	9 days ago
t2oxxx9avtnzg5kth39uaemli*              	true 	157.3MB   	9 days ago
owp9wb4d9bp1yujnwos3nucx4               	true 	156.3MB   	9 days ago
b6zibztze8d454ih9mdtb7rdt               	true 	54.62MB   	9 days ago
oyanpmtar93v0iq70h8amyc2b               	true 	156.1MB   	9 days ago
a523ultwcqzkxfmijxqx4d7ag               	true 	156MB     	9 days ago
em1s0id1vrvtakc54yv9afp9m               	true 	156.3MB   	9 days ago
yv4hiwcag91sb4ojukvgfga3u*              	true 	24.15MB   	9 days ago
lww4m6mzxis3xj6bmcr76yv7a*              	true 	157.3MB   	9 days ago
rexjgkp047s7luqhxfnt1ve3f*              	true 	157.3MB   	9 days ago
y5hk8opgxraxe2xf8g6wxei1j*              	true 	23.9MB    	10 days ago
icc2w8as7rt3ab0obnmj6hjjm               	true 	156.1MB   	9 days ago
kctt379bf8cs6875lyurmnxiw*              	true 	157.3MB   	9 days ago
oax9xqoayhv7gdyfpcc4sd24n*              	true 	157.3MB   	9 days ago
u9fcc8r8bapoytikze5qklf4h*              	true 	157.3MB   	9 days ago
wyuc4i5z42897cxb1oy5bqwqu*              	true 	157.3MB   	9 days ago
ygthzv5joir1pw0jod8velu7n               	true 	156.3MB   	9 days ago
q91mmqn3of2o8qfuxb1s6ka7l               	true 	156.1MB   	9 days ago
i5colqbxw82k4v2ftx00y90iu*              	true 	157.3MB   	9 days ago
a3h118bk3yhevy8ywntvjaezs               	true 	156.3MB   	9 days ago
r2t2gv5irmjy2glt97jhh2xyw               	true 	156.1MB   	9 days ago
tdtdvpmgcc49ytbu6m53nbu16               	true 	156.3MB   	9 days ago
o5xca47khrzzz20m3t989yup3               	true 	156.3MB   	9 days ago
1m73lqo5xiivt26xs6vnm1rox*              	true 	157MB     	8 days ago
5vvfkxe6tphsuqbxishuycfmc               	true 	156.1MB   	9 days ago
lb40qc98p067zevp7ik1wylsv               	true 	15.4MB    	10 days ago
mph8towelk03yz71pxr3nf77f               	true 	156.2MB   	9 days ago
oqz9ay8uiy246l06fpg4lp2cr               	true 	22.65MB   	9 days ago
ncjlhm6u06reohl5iscjzl5vk               	true 	156.1MB   	9 days ago
xxuo0jhk5tgrh2wl2mfsr4v1e               	true 	156.3MB   	9 days ago
b3453t362nej4e6x3eskh7yc0               	true 	22.57MB   	10 days ago
ag0cr45d9mymrary5l32b4whr               	true 	22.83MB   	9 days ago
s30v86zjr1ep773v9040xbtak               	true 	156.1MB   	8 days ago
vm67br88ws40nq04few4xgkef               	true 	156.3MB   	9 days ago
v98rj92izufasf8dzy93xupak               	true 	156.1MB   	9 days ago
ue0zm44is9t2660otwt6ducm2               	true 	156.1MB   	8 days ago
e3jx76m4ldwhbogtvkx591xrl*              	true 	157.3MB   	9 days ago
i2u0eat50iquojaipnxfpq2eb*              	true 	23.96MB   	10 days ago
o3ulcwfphwfj4tycrbwqxdgq7               	true 	156.3MB   	9 days ago
fgvrsh62kkiydxbztl6bcqqc9*              	true 	23.79MB   	10 days ago
ypixsn92kure6hdrthf56erfw               	true 	22.45MB   	10 days ago
8fk5qvtf46oi0austyp4yksqp*              	true 	157.3MB   	9 days ago
lcljmtr9dqpzr9i0xhvu1mq7p*              	true 	157.3MB   	9 days ago
utakeytsrlkizi9pf0vzs42bz               	true 	156.1MB   	9 days ago
wht7mlij1u77ux3oxmdn0eyfc*              	true 	157.3MB   	9 days ago
an8s5akkcea39yodazxq2woqg*              	true 	157.3MB   	9 days ago
dr473wz3ocn0pze7kp6eqmdsv               	true 	156.3MB   	8 days ago
z6mees8sxuen6vo9c4wrk6zf4               	true 	156.1MB   	9 days ago
hcem9wug68kuaojbnmhuyplus               	true 	156.3MB   	9 days ago
izfubvcidhs4nzd5lgy7sc4pi               	true 	156MB     	9 days ago
cgwvh25edfivk6ce7hrscokes*              	true 	23.78MB   	10 days ago
7wi8y3in5cmgnz3m5dbebtdcg               	true 	156.3MB   	9 days ago
pj3398tzcdgwgutsrt8gcaqxp*              	true 	157.3MB   	9 days ago
y2225p636gwktyv9dmkddp4cb               	true 	56.03MB   	9 days ago
ovs5c7f48g128wgwmldqplgfu*              	true 	157.3MB   	9 days ago
ivuqbjeu1zuvm2g1709w0nb6i               	true 	405B      	11 days ago
tq36kevjvyk9zyg8khx4x8j43               	true 	156.1MB   	9 days ago
f0wpf3w36z8n003mrk43gthvl               	true 	22.45MB   	10 days ago
v1px81estnilu0xhzazb1s4wh*              	true 	157.3MB   	9 days ago
mrz766h1tuyw5xlrwj8sr0yl1               	true 	156.1MB   	9 days ago
64uin1krq7l8ibs5jno5emszr               	true 	156.3MB   	9 days ago
aamzoiygj3jzufp7nwjax7z2n               	true 	156.1MB   	9 days ago
e1mrcnnwlzaujonf91uod307j               	true 	156.3MB   	9 days ago
nezi33341jw7t9czzzntb0v8s*              	true 	156.9MB   	8 days ago
mgzydn0gg2g5lulhnh6fm8px7               	true 	156.1MB   	9 days ago
vtxfe77ot214c403tj03i0d9c               	true 	156.3MB   	9 days ago
cfljrullct3xxk9pi3q97ln44*              	true 	157.3MB   	9 days ago
ddz6214hzojnzc7ya1q3hw9jt               	true 	156.1MB   	9 days ago
0k8hakjkeludrgld3ytpxrhbo               	true 	156.1MB   	9 days ago
0l5t6iix31uoxr9nr1zcyj8k3               	true 	156.3MB   	9 days ago
pch9y2kplvhafti423yk5zm4s               	true 	22.83MB   	9 days ago
3okyfh1mr8gafyxeuln0u8m2t*              	true 	157.3MB   	9 days ago
m4z65qjw8z6xbrmxe9ac4pew5*              	true 	157.3MB   	9 days ago
4ymfejgse06dhx9g9muskribn               	true 	156.1MB   	9 days ago
oyyxf9z1q7xltn1gwc6wse3zx               	true 	156.1MB   	8 days ago
p7pd7c5ur7ytskdebrgdq1wtx               	true 	156.3MB   	9 days ago
ie6lzj9y10qfoa3l1e8hpjmyh               	true 	156.3MB   	9 days ago
a1ukzwqpyadfgnaup6zwi1pvk               	true 	156.3MB   	9 days ago
ywadxh16f6xgkz8cqqejhuuss               	true 	156.1MB   	9 days ago
unprfnh0ndulrw23l0ypm7npm               	true 	22.63MB   	10 days ago
muf70ku3xlmfvszzao3bl8adi               	true 	156.1MB   	9 days ago
td5vn0bv97hvsjz1zmdioqguv               	true 	22.45MB   	10 days ago
jupya9nhzy0ic2h8ebcvvar4n               	true 	956B      	11 days ago
llx6zxvdsnmp6wyo5r7cbhjug               	true 	156MB     	8 days ago
l40nel8raq8qzjo33sfcths5x               	true 	156.1MB   	9 days ago
x3nshe8wbzb7r28pcc3lea0rp               	true 	156.1MB   	9 days ago
tlvn9s5iex3216edebsmzkjny               	true 	627B      	11 days ago
pz942num4mr080zuwdovntsrm               	true 	446.1MB   	8 days ago
vwvpq8as8fp6vmq2ohnr8b35m               	true 	1.872MB   	11 days ago
lqsyuujdbonubdn6f2eou21fk               	true 	344.1kB   	11 days ago
qphow9ok7e4gmdicls5qeqc5i               	true 	3.844MB   	11 days ago
lch6vzb6ca6mlrdzov2t9mse4               	true 	8.192kB   	10 days ago
hpacyw8td4jedgkrazw99hddy               	true 	446B      	11 days ago
fzrkyxp579fkltpcefo3wr2tc               	true 	1.262MB   	11 days ago
2r40ti1vuqkyxgw2njn5uyh4m               	true 	52.31MB   	11 days ago
xfyrnd56vha2cxyg97zsqet3f               	true 	3.846MB   	11 days ago
Total:	20.76GB
Disk after:
/dev/sda1       301G   37G  252G  13% /

===== 2026-08-02 04:00:01 =====
Disk before:
/dev/sda1       301G   40G  249G  14% /
Pruning build cache older than 7 days (168h)...
ID						RECLAIMABLE	SIZE		LAST ACCESSED
vk2opxus0r5j1y7t3avigwtl6*              	true 		31.01MB   	10 days ago
jgm78abeukevhcz5quk35mof2               	true 	904MB     	12 days ago
d2qcq77hzxg67en26o7pnj7zs               	true 	509.3MB   	10 days ago
ov2ekah7h2ox8i0e32ctxb4c9               	true 	13.6kB    	2 weeks ago
wlysimpk954thgscaen23m445               	true 	439.8MB   	10 days ago
jyj1vnhbosnnwhr9fapd5s0wq               	true 	8.285kB   	2 weeks ago
lckf495t98o4rw94le8yevo6p               	true 	1.994MB   	2 weeks ago
7fyfwiqqyy6uw148paiog61td               	true 	344.1kB   	10 days ago
yulb6aoqjoav6ed9qgzvhrq0e               	true 	8.192kB   	10 days ago
m6fud20v2708ky2xwt1v7dla5               	true 	20.93kB   	10 days ago
3owqk7q8ui5mswn1xuvjg8o92               	true 	6.743MB   	10 days ago
p2fxc8ffazt4thnvgmn36r3sc               	true 	173.5MB   	10 days ago
t71yuf16qw4fk9wekz2kbov8j               	true 	3.864MB   	10 days ago
Total:	2.071GB
Disk after:
/dev/sda1       301G   38G  251G  13% /

