#0 building with "default" instance using docker driver

#1 [internal] load build definition from Dockerfile
#1 transferring dockerfile: 848B done
#1 DONE 0.0s

#2 [internal] load metadata for docker.io/library/node:22-alpine@sha256:16e22a550f3863206a3f701448c45f7912c6896a62de43add43bb9c86130c3e2
#2 DONE 0.0s

#3 [internal] load metadata for docker.io/library/nginx:1.30.3-alpine3.23-slim@sha256:d5b51cfc7d55fc7a7bcf4d1d577b9c3738331df56d68f0b1d8ac9795b9470a5a
#3 DONE 0.0s

#4 [internal] load .dockerignore
#4 transferring context: 110B done
#4 DONE 0.0s

#5 [internal] load build context
#5 transferring context: 47.15kB 0.1s done
#5 DONE 0.1s

#6 [builder 1/6] FROM docker.io/library/node:22-alpine@sha256:16e22a550f3863206a3f701448c45f7912c6896a62de43add43bb9c86130c3e2
#6 resolve docker.io/library/node:22-alpine@sha256:16e22a550f3863206a3f701448c45f7912c6896a62de43add43bb9c86130c3e2 0.0s done
#6 DONE 0.0s

#7 [production 1/5] FROM docker.io/library/nginx:1.30.3-alpine3.23-slim@sha256:d5b51cfc7d55fc7a7bcf4d1d577b9c3738331df56d68f0b1d8ac9795b9470a5a
#7 resolve docker.io/library/nginx:1.30.3-alpine3.23-slim@sha256:d5b51cfc7d55fc7a7bcf4d1d577b9c3738331df56d68f0b1d8ac9795b9470a5a 0.0s done
#7 DONE 0.0s

#8 [builder 2/6] WORKDIR /app
#8 CACHED

#9 [builder 3/6] COPY package.json package-lock.json* ./
#9 CACHED

#10 [builder 4/6] RUN npm ci --legacy-peer-deps
#10 CACHED

#11 [builder 5/6] COPY . .
#11 DONE 0.5s

#12 [builder 6/6] RUN npm run build
#12 0.380 
#12 0.380 > coinepro-academy@1.0.0 build
#12 0.380 > node copy-crypto-icons.mjs && vite build
#12 0.380 
#12 0.832 [crypto-icons] copied 483 coin logos → public/crypto-icons/
#12 1.648 vite v6.4.3 building for production...
#12 2.322 transforming...
#12 13.95 ✓ 1786 modules transformed.
#12 14.98 rendering chunks...
#12 15.02 computing gzip size...
#12 15.15 dist/index.html                       5.59 kB │ gzip:   1.64 kB
#12 15.15 dist/assets/bn-logo-Cylz0xjn.png     77.96 kB
#12 15.15 dist/assets/index-BDC3pT6H.css       79.85 kB │ gzip:  15.55 kB
#12 15.15 dist/assets/index-Cv9sgCx6.js     2,399.78 kB │ gzip: 727.17 kB
#12 15.15 
#12 15.15 (!) Some chunks are larger than 500 kB after minification. Consider:
#12 15.15 - Using dynamic import() to code-split the application
#12 15.15 - Use build.rollupOptions.output.manualChunks to improve chunking: https://rollupjs.org/configuration-options/#output-manualchunks
#12 15.15 - Adjust chunk size limit for this warning via build.chunkSizeWarningLimit.
#12 15.15 ✓ built in 13.48s
#12 DONE 15.4s

#13 [production 2/5] RUN rm -rf /usr/share/nginx/html/*
#13 CACHED

#14 [production 3/5] COPY --from=builder /app/dist /usr/share/nginx/html
#14 DONE 0.1s

#15 [production 4/5] COPY nginx.conf /etc/nginx/conf.d/default.conf
#15 DONE 0.0s

#16 [production 5/5] COPY security-headers.conf /etc/nginx/prochart-security-headers.conf
#16 DONE 0.0s

#17 exporting to image
#17 exporting layers
#17 exporting layers 0.4s done
#17 exporting manifest sha256:fb548f182bd1de60800bb9105cb053ca9e46536be2b087a3b720735aae95b463 done
#17 exporting config sha256:b656591768afe8feba20f8c659c59d979312b24d2af547bbeb1428da3434700f done
#17 exporting attestation manifest sha256:5127cb3f6a6e30c5b27846a16e9b3c2499c08e9d406842b946e73d071cbb7174 0.0s done
#17 exporting manifest list sha256:20e2ad31c1280f44850530a7ac12456f4817da8f163fdd230defe0436f7fa3ec done
#17 naming to docker.io/library/prochart-frontend-prochart:qa-supply-20260715T041253Z done
#17 unpacking to docker.io/library/prochart-frontend-prochart:qa-supply-20260715T041253Z
#17 unpacking to docker.io/library/prochart-frontend-prochart:qa-supply-20260715T041253Z 0.2s done
#17 DONE 0.7s
