
> bazaarnama-panel@1.0.0 test:navigation
> node --test src/navigation.test.mjs

TAP version 13
# Subtest: every enabled default palette target is an explicit non-wildcard route
ok 1 - every enabled default palette target is an explicit non-wildcard route
  ---
  duration_ms: 1.317029
  ...
# Subtest: the two safe replacements use canonical route-registry paths
ok 2 - the two safe replacements use canonical route-registry paths
  ---
  duration_ms: 0.52354
  ...
# Subtest: unsupported former destinations stay auditable and cannot render or receive keyboard selection
ok 3 - unsupported former destinations stay auditable and cannot render or receive keyboard selection
  ---
  duration_ms: 0.26793
  ...
# Subtest: App declares protected pages from the canonical route registry
ok 4 - App declares protected pages from the canonical route registry
  ---
  duration_ms: 5.013048
  ...
# Subtest: palette keyboard and dialog accessibility behavior remains present
ok 5 - palette keyboard and dialog accessibility behavior remains present
  ---
  duration_ms: 1.6557
  ...
1..5
# tests 5
# suites 0
# pass 5
# fail 0
# cancelled 0
# skipped 0
# todo 0
# duration_ms 57.053673
