#0 building with "default" instance using docker driver

#1 [internal] load build definition from Dockerfile
#1 transferring dockerfile: 1.80kB done
#1 DONE 0.0s

#2 [internal] load metadata for docker.io/library/nginx:1.30.3-alpine3.23-slim@sha256:d5b51cfc7d55fc7a7bcf4d1d577b9c3738331df56d68f0b1d8ac9795b9470a5a
#2 DONE 0.0s

#3 [internal] load metadata for docker.io/library/node:22-alpine@sha256:16e22a550f3863206a3f701448c45f7912c6896a62de43add43bb9c86130c3e2
#3 DONE 0.0s

#4 [internal] load .dockerignore
#4 transferring context: 88B done
#4 DONE 0.0s

#5 [builder 1/6] FROM docker.io/library/node:22-alpine@sha256:16e22a550f3863206a3f701448c45f7912c6896a62de43add43bb9c86130c3e2
#5 resolve docker.io/library/node:22-alpine@sha256:16e22a550f3863206a3f701448c45f7912c6896a62de43add43bb9c86130c3e2 0.0s done
#5 DONE 0.0s

#6 [production 1/4] FROM docker.io/library/nginx:1.30.3-alpine3.23-slim@sha256:d5b51cfc7d55fc7a7bcf4d1d577b9c3738331df56d68f0b1d8ac9795b9470a5a
#6 resolve docker.io/library/nginx:1.30.3-alpine3.23-slim@sha256:d5b51cfc7d55fc7a7bcf4d1d577b9c3738331df56d68f0b1d8ac9795b9470a5a 0.0s done
#6 DONE 0.0s

#7 [internal] load build context
#7 transferring context: 127.82kB done
#7 DONE 0.0s

#8 [builder 2/6] WORKDIR /app
#8 CACHED

#9 [builder 3/6] COPY package.json package-lock.json ./
#9 DONE 0.1s

#10 [builder 4/6] RUN npm ci --legacy-peer-deps
#10 2.300 npm warn deprecated recharts@2.15.4: 1.x and 2.x branches are no longer active. Bump to Recharts v3 to receive latest features and bugfixes. See https://github.com/recharts/recharts/wiki/3.0-migration-guide
#10 3.696 
#10 3.696 added 205 packages, and audited 206 packages in 3s
#10 3.696 
#10 3.696 35 packages are looking for funding
#10 3.696   run `npm fund` for details
#10 3.697 
#10 3.697 found 0 vulnerabilities
#10 3.698 npm notice
#10 3.698 npm notice New major version of npm available! 10.9.8 -> 12.0.1
#10 3.698 npm notice Changelog: https://github.com/npm/cli/releases/tag/v12.0.1
#10 3.698 npm notice To update run: npm install -g npm@12.0.1
#10 3.698 npm notice
#10 DONE 4.3s

#11 [builder 5/6] COPY . .
#11 DONE 0.1s

#12 [builder 6/6] RUN npm run build
#12 0.347 
#12 0.347 > bazaarnama-panel@1.0.0 build
#12 0.347 > vite build
#12 0.347 
#12 0.639 vite v6.4.3 building for production...
#12 1.015 transforming...
#12 5.337 ✓ 2369 modules transformed.
#12 5.624 rendering chunks...
#12 5.807 computing gzip size...
#12 5.822 dist/index.html                                     1.01 kB │ gzip:   0.61 kB
#12 5.822 dist/assets/index-6l_D_gsw.css                     42.54 kB │ gzip:   7.65 kB
#12 5.822 dist/assets/plus-sN-Lcfut.js                        0.32 kB │ gzip:   0.26 kB
#12 5.823 dist/assets/ban-gTg0MglZ.js                         0.34 kB │ gzip:   0.27 kB
#12 5.823 dist/assets/circle-check-CYwpuQXe.js                0.34 kB │ gzip:   0.27 kB
#12 5.823 dist/assets/power-ycKoiId9.js                       0.34 kB │ gzip:   0.27 kB
#12 5.823 dist/assets/clock-gOgzgumP.js                       0.35 kB │ gzip:   0.27 kB
#12 5.823 dist/assets/chart-line-BIIk87Wj.js                  0.35 kB │ gzip:   0.28 kB
#12 5.823 dist/assets/user-C5ceSsYR.js                        0.37 kB │ gzip:   0.29 kB
#12 5.823 dist/assets/lock-BkU04pG9.js                        0.38 kB │ gzip:   0.29 kB
#12 5.823 dist/assets/dollar-sign-DfTIXwh3.js                 0.39 kB │ gzip:   0.30 kB
#12 5.823 dist/assets/activity-GfNXud31.js                    0.40 kB │ gzip:   0.30 kB
#12 5.823 dist/assets/link-2-n7fe8EY4.js                      0.41 kB │ gzip:   0.31 kB
#12 5.823 dist/assets/globe-CFxwSz32.js                       0.41 kB │ gzip:   0.30 kB
#12 5.823 dist/assets/external-link-CVsFLXQb.js               0.42 kB │ gzip:   0.30 kB
#12 5.823 dist/assets/eye-DWMyetWK.js                         0.42 kB │ gzip:   0.30 kB
#12 5.823 dist/assets/list-checks-C9GVSIqa.js                 0.45 kB │ gzip:   0.29 kB
#12 5.823 dist/assets/badge-check-DiQ6QNGC.js                 0.48 kB │ gzip:   0.31 kB
#12 5.823 dist/assets/shield-check-bBEmtB-I.js                0.49 kB │ gzip:   0.35 kB
#12 5.823 dist/assets/refresh-cw-pSYcJCdG.js                  0.49 kB │ gzip:   0.33 kB
#12 5.823 dist/assets/save-DLBr4a8b.js                        0.50 kB │ gzip:   0.33 kB
#12 5.823 dist/assets/file-text-BeALW37-.js                   0.50 kB │ gzip:   0.32 kB
#12 5.823 dist/assets/bitcoin-O_vypSwO.js                     0.50 kB │ gzip:   0.36 kB
#12 5.823 dist/assets/calendar-plus-jxBLr60L.js               0.52 kB │ gzip:   0.33 kB
#12 5.823 dist/assets/trash-2-CH5Igihs.js                     0.53 kB │ gzip:   0.35 kB
#12 5.823 dist/assets/radio-BMBj0XRH.js                       0.53 kB │ gzip:   0.35 kB
#12 5.823 dist/assets/chevron-up-DY3Cg84o.js                  0.54 kB │ gzip:   0.28 kB
#12 5.823 dist/assets/shield-off-B4u3DTFU.js                  0.57 kB │ gzip:   0.38 kB
#12 5.823 dist/assets/calendar-days-CoEnfA67.js               0.66 kB │ gzip:   0.37 kB
#12 5.823 dist/assets/trending-up-DVBWWkw9.js                 0.70 kB │ gzip:   0.33 kB
#12 5.823 dist/assets/useConfirm-DsWN58ZJ.js                  0.89 kB │ gzip:   0.49 kB
#12 5.823 dist/assets/SearchInput-BpKV8J-Y.js                 1.00 kB │ gzip:   0.58 kB
#12 5.823 dist/assets/user-plus-B7_h_gCU.js                   1.02 kB │ gzip:   0.47 kB
#12 5.823 dist/assets/Skeleton-DJyUiuCg.js                    1.61 kB │ gzip:   0.60 kB
#12 5.823 dist/assets/StatCard-ChXzorL1.js                    1.72 kB │ gzip:   0.74 kB
#12 5.823 dist/assets/Modal-DddHvSDX.js                       1.96 kB │ gzip:   0.88 kB
#12 5.823 dist/assets/StatusBadge-DKhj4trr.js                 2.08 kB │ gzip:   0.89 kB
#12 5.823 dist/assets/AnimatedCounter-BVwQxT4f.js             3.59 kB │ gzip:   1.54 kB
#12 5.823 dist/assets/LoginPage-D5mqfsnt.js                   4.22 kB │ gzip:   1.80 kB
#12 5.823 dist/assets/ChartsPage-r90AYjcR.js                  5.08 kB │ gzip:   2.29 kB
#12 5.823 dist/assets/DataTable-BRa6H5iy.js                   5.29 kB │ gzip:   1.92 kB
#12 5.823 dist/assets/ConfirmDialog-Caj7SDg3.js               5.74 kB │ gzip:   2.45 kB
#12 5.823 dist/assets/NewsPage-YTTE7PMT.js                    6.37 kB │ gzip:   2.49 kB
#12 5.823 dist/assets/AiSignalsPage-HGOtGfKZ.js               7.11 kB │ gzip:   2.87 kB
#12 5.823 dist/assets/SettingsPage-F6xs1-eC.js                8.93 kB │ gzip:   3.58 kB
#12 5.823 dist/assets/OrdersPage-DPXXN0e5.js                 10.80 kB │ gzip:   3.88 kB
#12 5.823 dist/assets/BroadcastsPage-Bq4-hief.js             11.35 kB │ gzip:   3.84 kB
#12 5.823 dist/assets/ExchangePage-Cfjs7nxh.js               12.20 kB │ gzip:   4.16 kB
#12 5.823 dist/assets/AdsPage-CekNm6yI.js                    13.06 kB │ gzip:   4.29 kB
#12 5.823 dist/assets/ErrorState-Co5zzyHz.js                 13.69 kB │ gzip:   5.03 kB
#12 5.823 dist/assets/SubscriptionsPage-CpaftDp6.js          14.46 kB │ gzip:   4.34 kB
#12 5.823 dist/assets/AnalyticsPage-DeyRviU2.js              16.55 kB │ gzip:   4.76 kB
#12 5.823 dist/assets/index.esm-g9DGkqRy.js                  27.28 kB │ gzip:  10.09 kB
#12 5.823 dist/assets/AreaChart-DOUPX9nn.js                  36.91 kB │ gzip:   9.52 kB
#12 5.823 dist/assets/client-aZnILS4A.js                     50.89 kB │ gzip:  19.14 kB
#12 5.823 dist/assets/types-Lmmnp43y.js                      55.27 kB │ gzip:  12.92 kB
#12 5.823 dist/assets/DashboardPage-C0eerxei.js              55.91 kB │ gzip:  14.52 kB
#12 5.823 dist/assets/UsersPage-CbWzNGpR.js                  57.57 kB │ gzip:  15.56 kB
#12 5.823 dist/assets/index-B0R7385U.js                     235.97 kB │ gzip:  75.80 kB
#12 5.823 dist/assets/generateCategoricalChart-5A6w1Jro.js  384.29 kB │ gzip: 106.11 kB
#12 5.823 ✓ built in 5.16s
#12 DONE 6.0s

#13 [production 2/4] RUN rm -rf /usr/share/nginx/html/*
#13 CACHED

#14 [production 3/4] COPY --from=builder /app/dist /usr/share/nginx/html
#14 DONE 0.1s

#15 [production 4/4] RUN cat > /etc/nginx/conf.d/default.conf <<'NGINX'
#15 DONE 0.2s

#16 exporting to image
#16 exporting layers
#16 exporting layers 0.2s done
#16 exporting manifest sha256:4321a585e8809303eb177150a747da135dc7b7052d53235e5ee5cf27754f6be4 done
#16 exporting config sha256:bd34d3c18ccbdf4557e77f667621fd355b223e3c0149fdfbecac23bc0ce4a2e4 done
#16 exporting attestation manifest sha256:809189cdb129a72a7705eaf5dfce478ced05d854a4c738ff189d766cda4ab110 0.0s done
#16 exporting manifest list sha256:8b6231de18db8810b8d83e02b3db83960cb9b5f1b33de0549961360073535ea2 done
#16 naming to docker.io/library/prochart-admin:qa-supply-20260715T041253Z done
#16 unpacking to docker.io/library/prochart-admin:qa-supply-20260715T041253Z 0.1s done
#16 DONE 0.3s
