#0 building with "default" instance using docker driver

#1 [internal] load build definition from Dockerfile
#1 transferring dockerfile: 540B done
#1 DONE 0.0s

#2 [internal] load metadata for docker.io/library/node:22-alpine@sha256:16e22a550f3863206a3f701448c45f7912c6896a62de43add43bb9c86130c3e2
#2 DONE 0.0s

#3 [internal] load metadata for docker.io/library/nginx:1.30.3-alpine3.23-slim@sha256:d5b51cfc7d55fc7a7bcf4d1d577b9c3738331df56d68f0b1d8ac9795b9470a5a
#3 DONE 0.0s

#4 [internal] load .dockerignore
#4 transferring context: 88B done
#4 DONE 0.0s

#5 [internal] load build context
#5 transferring context: 2.42kB done
#5 DONE 0.0s

#6 [production 1/4] FROM docker.io/library/nginx:1.30.3-alpine3.23-slim@sha256:d5b51cfc7d55fc7a7bcf4d1d577b9c3738331df56d68f0b1d8ac9795b9470a5a
#6 resolve docker.io/library/nginx:1.30.3-alpine3.23-slim@sha256:d5b51cfc7d55fc7a7bcf4d1d577b9c3738331df56d68f0b1d8ac9795b9470a5a
#6 ...

#7 [builder 1/6] FROM docker.io/library/node:22-alpine@sha256:16e22a550f3863206a3f701448c45f7912c6896a62de43add43bb9c86130c3e2
#7 resolve docker.io/library/node:22-alpine@sha256:16e22a550f3863206a3f701448c45f7912c6896a62de43add43bb9c86130c3e2 0.0s done
#7 DONE 0.0s

#8 [builder 2/6] WORKDIR /app
#8 CACHED

#9 [builder 3/6] COPY package.json package-lock.json ./
#9 CACHED

#10 [builder 4/6] RUN npm ci --legacy-peer-deps
#10 CACHED

#11 [builder 5/6] COPY . .
#11 DONE 0.1s

#6 [production 1/4] FROM docker.io/library/nginx:1.30.3-alpine3.23-slim@sha256:d5b51cfc7d55fc7a7bcf4d1d577b9c3738331df56d68f0b1d8ac9795b9470a5a
#6 resolve docker.io/library/nginx:1.30.3-alpine3.23-slim@sha256:d5b51cfc7d55fc7a7bcf4d1d577b9c3738331df56d68f0b1d8ac9795b9470a5a 0.0s done
#6 DONE 0.2s

#12 [production 2/4] RUN rm -rf /usr/share/nginx/html/*
#12 DONE 0.2s

#13 [builder 6/6] RUN npm run build
#13 0.454 
#13 0.454 > bazaarnama-user@1.0.0 build
#13 0.454 > vite build
#13 0.454 
#13 0.826 vite v6.4.3 building for production...
#13 1.300 transforming...
#13 3.497 ✓ 1699 modules transformed.
#13 3.762 rendering chunks...
#13 3.777 computing gzip size...
#13 3.803 dist/index.html                   0.74 kB │ gzip:   0.49 kB
#13 3.803 dist/assets/index-kbvbtmqk.css   25.05 kB │ gzip:   5.57 kB
#13 3.803 dist/assets/index-Dw716ehn.js   411.80 kB │ gzip: 119.40 kB
#13 3.804 ✓ built in 2.95s
#13 DONE 4.0s

#14 [production 3/4] COPY --from=builder /app/dist /usr/share/nginx/html
#14 DONE 0.0s

#15 [production 4/4] COPY nginx.conf /etc/nginx/conf.d/default.conf
#15 DONE 0.0s

#16 exporting to image
#16 exporting layers 0.1s done
#16 exporting manifest sha256:5922d051c2a58fcb59ab00bc58f7c74b9ed518aefa8996b341e0fd08b5db9575 done
#16 exporting config sha256:6a65e722ea3fc8504287e0bdcf62e4479953f00d841aa1c8450e913038331f2f done
#16 exporting attestation manifest sha256:2fbe4339be7166eb8f8c15709f9ba05e572f7c2fa20ae25743fd4747d28eb33e 0.0s done
#16 exporting manifest list sha256:6a5c2512392cdb8257c804a0ca116c4fed9ce4186fd9a6e2685c313d1dcf6216 done
#16 naming to docker.io/library/prochart-user:qa-supply-20260715T041253Z done
#16 unpacking to docker.io/library/prochart-user:qa-supply-20260715T041253Z 0.1s done
#16 DONE 0.3s
