#0 building with "default" instance using docker driver

#1 [internal] load build definition from Dockerfile
#1 transferring dockerfile: 1.80kB done
#1 DONE 0.0s

#2 [internal] load metadata for docker.io/library/python:3.12-slim
#2 DONE 0.4s

#3 [internal] load .dockerignore
#3 transferring context: 393B done
#3 DONE 0.0s

#4 [ 1/15] FROM docker.io/library/python:3.12-slim@sha256:c3d81d25b3154142b0b42eb1e61300024426268edeb5b5a26dd7ddf64d9daf28
#4 resolve docker.io/library/python:3.12-slim@sha256:c3d81d25b3154142b0b42eb1e61300024426268edeb5b5a26dd7ddf64d9daf28 0.0s done
#4 DONE 0.0s

#5 [internal] load build context
#5 transferring context: 307.59kB 0.0s done
#5 DONE 0.0s

#6 [ 2/15] RUN apt-get update && apt-get install -y --no-install-recommends     build-essential     wget     curl     libpq-dev     && rm -rf /var/lib/apt/lists/*
#6 CACHED

#7 [ 3/15] RUN wget -q https://prdownloads.sourceforge.net/ta-lib/ta-lib-0.4.0-src.tar.gz &&     tar -xzf ta-lib-0.4.0-src.tar.gz &&     cd ta-lib &&     ./configure --prefix=/usr &&     make &&     make install &&     ldconfig &&     cd .. &&     rm -rf ta-lib ta-lib-0.4.0-src.tar.gz
#7 CACHED

#8 [ 4/15] WORKDIR /app
#8 CACHED

#9 [ 5/15] COPY requirements.txt .
#9 DONE 0.0s

#10 [ 6/15] RUN pip install --no-cache-dir numpy==2.2.6
#10 1.388 Collecting numpy==2.2.6
#10 1.415   Downloading numpy-2.2.6-cp312-cp312-manylinux_2_17_x86_64.manylinux2014_x86_64.whl.metadata (62 kB)
#10 1.439 Downloading numpy-2.2.6-cp312-cp312-manylinux_2_17_x86_64.manylinux2014_x86_64.whl (16.5 MB)
#10 1.513    ━━━━━━━━━━━━━━━━━━━━━━━━━━━━━━━━━━━━━━━━ 16.5/16.5 MB 247.2 MB/s eta 0:00:00
#10 1.543 Installing collected packages: numpy
#10 2.958 Successfully installed numpy-2.2.6
#10 2.958 WARNING: Running pip as the 'root' user can result in broken permissions and conflicting behaviour with the system package manager, possibly rendering your system unusable. It is recommended to use a virtual environment instead: https://pip.pypa.io/warnings/venv. Use the --root-user-action option if you know what you are doing and want to suppress this warning.
#10 3.013 
#10 3.013 [notice] A new release of pip is available: 25.0.1 -> 26.1.2
#10 3.013 [notice] To update, run: pip install --upgrade pip
#10 DONE 3.2s

#11 [ 7/15] RUN pip install --no-cache-dir -r requirements.txt
#11 1.229 Collecting fastapi==0.115.6 (from -r requirements.txt (line 2))
#11 1.259   Downloading fastapi-0.115.6-py3-none-any.whl.metadata (27 kB)
#11 1.284 Collecting uvicorn==0.34.0 (from uvicorn[standard]==0.34.0->-r requirements.txt (line 3))
#11 1.291   Downloading uvicorn-0.34.0-py3-none-any.whl.metadata (6.5 kB)
#11 1.307 Collecting python-multipart==0.0.27 (from -r requirements.txt (line 4))
#11 1.315   Downloading python_multipart-0.0.27-py3-none-any.whl.metadata (2.1 kB)
#11 1.369 Collecting websockets==14.1 (from -r requirements.txt (line 5))
#11 1.377   Downloading websockets-14.1-cp312-cp312-manylinux_2_5_x86_64.manylinux1_x86_64.manylinux_2_17_x86_64.manylinux2014_x86_64.whl.metadata (6.7 kB)
#11 1.396 Collecting aiogram==3.15.0 (from -r requirements.txt (line 8))
#11 1.403   Downloading aiogram-3.15.0-py3-none-any.whl.metadata (7.5 kB)
#11 1.572 Collecting sqlalchemy==2.0.36 (from sqlalchemy[asyncio]==2.0.36->-r requirements.txt (line 11))
#11 1.580   Downloading SQLAlchemy-2.0.36-cp312-cp312-manylinux_2_17_x86_64.manylinux2014_x86_64.whl.metadata (9.7 kB)
#11 1.609 Collecting asyncpg==0.30.0 (from -r requirements.txt (line 12))
#11 1.617   Downloading asyncpg-0.30.0-cp312-cp312-manylinux_2_17_x86_64.manylinux2014_x86_64.whl.metadata (5.0 kB)
#11 1.634 Collecting alembic==1.14.1 (from -r requirements.txt (line 13))
#11 1.642   Downloading alembic-1.14.1-py3-none-any.whl.metadata (7.4 kB)
#11 1.678 Collecting psycopg2-binary==2.9.10 (from -r requirements.txt (line 14))
#11 1.685   Downloading psycopg2_binary-2.9.10-cp312-cp312-manylinux_2_17_x86_64.manylinux2014_x86_64.whl.metadata (4.9 kB)
#11 1.704 Collecting redis==5.2.1 (from redis[hiredis]==5.2.1->-r requirements.txt (line 17))
#11 1.712   Downloading redis-5.2.1-py3-none-any.whl.metadata (9.1 kB)
#11 1.735 Collecting celery==5.4.0 (from celery[redis]==5.4.0->-r requirements.txt (line 20))
#11 1.743   Downloading celery-5.4.0-py3-none-any.whl.metadata (21 kB)
#11 1.766 Collecting python-jose==3.4.0 (from python-jose[cryptography]==3.4.0->-r requirements.txt (line 23))
#11 1.773   Downloading python_jose-3.4.0-py2.py3-none-any.whl.metadata (5.5 kB)
#11 1.784 Collecting passlib==1.7.4 (from passlib[bcrypt]==1.7.4->-r requirements.txt (line 24))
#11 1.790   Downloading passlib-1.7.4-py2.py3-none-any.whl.metadata (1.7 kB)
#11 1.819 Collecting bcrypt==4.0.1 (from -r requirements.txt (line 25))
#11 1.827   Downloading bcrypt-4.0.1-cp36-abi3-manylinux_2_28_x86_64.whl.metadata (9.0 kB)
#11 1.890 Collecting pydantic==2.9.2 (from -r requirements.txt (line 28))
#11 1.897   Downloading pydantic-2.9.2-py3-none-any.whl.metadata (149 kB)
#11 1.938 Collecting pydantic-settings==2.6.1 (from -r requirements.txt (line 29))
#11 1.947   Downloading pydantic_settings-2.6.1-py3-none-any.whl.metadata (3.5 kB)
#11 2.060 Collecting oandapyV20==0.7.2 (from -r requirements.txt (line 33))
#11 2.070   Downloading oandapyV20-0.7.2.tar.gz (51 kB)
#11 2.102   Installing build dependencies: started
#11 3.868   Installing build dependencies: finished with status 'done'
#11 3.870   Getting requirements to build wheel: started
#11 4.325   Getting requirements to build wheel: finished with status 'done'
#11 4.327   Preparing metadata (pyproject.toml): started
#11 4.782   Preparing metadata (pyproject.toml): finished with status 'done'
#11 4.802 Collecting twelvedata==1.2.28 (from -r requirements.txt (line 34))
#11 4.811   Downloading twelvedata-1.2.28-py3-none-any.whl.metadata (18 kB)
#11 4.851 Collecting yfinance==1.4.1 (from -r requirements.txt (line 36))
#11 4.861   Downloading yfinance-1.4.1-py2.py3-none-any.whl.metadata (6.2 kB)
#11 4.933 Collecting curl_cffi==0.15.0 (from -r requirements.txt (line 37))
#11 4.941   Downloading curl_cffi-0.15.0-cp310-abi3-manylinux2014_x86_64.manylinux_2_17_x86_64.whl.metadata (18 kB)
#11 4.946 Requirement already satisfied: numpy==2.2.6 in /usr/local/lib/python3.12/site-packages (from -r requirements.txt (line 40)) (2.2.6)
#11 5.014 Collecting pandas==2.2.3 (from -r requirements.txt (line 41))
#11 5.023   Downloading pandas-2.2.3-cp312-cp312-manylinux_2_17_x86_64.manylinux2014_x86_64.whl.metadata (89 kB)
#11 5.063 Collecting TA-Lib==0.4.32 (from -r requirements.txt (line 42))
#11 5.072   Downloading TA-Lib-0.4.32.tar.gz (368 kB)
#11 5.104   Installing build dependencies: started
#11 8.557   Installing build dependencies: finished with status 'done'
#11 8.558   Getting requirements to build wheel: started
#11 8.991   Getting requirements to build wheel: finished with status 'done'
#11 8.994   Preparing metadata (pyproject.toml): started
#11 9.517   Preparing metadata (pyproject.toml): finished with status 'done'
#11 9.540 Collecting xgboost==2.1.3 (from -r requirements.txt (line 45))
#11 9.548   Downloading xgboost-2.1.3-py3-none-manylinux_2_28_x86_64.whl.metadata (2.1 kB)
#11 9.564 Collecting lightgbm==4.5.0 (from -r requirements.txt (line 46))
#11 9.571   Downloading lightgbm-4.5.0-py3-none-manylinux_2_28_x86_64.whl.metadata (17 kB)
#11 9.605 Collecting torch==2.5.1 (from -r requirements.txt (line 47))
#11 9.616   Downloading torch-2.5.1-cp312-cp312-manylinux1_x86_64.whl.metadata (28 kB)
#11 9.634 Collecting optuna==4.1.0 (from -r requirements.txt (line 48))
#11 9.641   Downloading optuna-4.1.0-py3-none-any.whl.metadata (16 kB)
#11 9.693 Collecting scikit-learn==1.6.0 (from -r requirements.txt (line 49))
#11 9.701   Downloading scikit_learn-1.6.0-cp312-cp312-manylinux_2_17_x86_64.manylinux2014_x86_64.whl.metadata (18 kB)
#11 9.722 Collecting joblib==1.4.2 (from -r requirements.txt (line 50))
#11 9.732   Downloading joblib-1.4.2-py3-none-any.whl.metadata (5.4 kB)
#11 9.745 Collecting structlog==24.4.0 (from -r requirements.txt (line 53))
#11 9.752   Downloading structlog-24.4.0-py3-none-any.whl.metadata (7.3 kB)
#11 9.766 Collecting prometheus-client==0.21.1 (from -r requirements.txt (line 54))
#11 9.773   Downloading prometheus_client-0.21.1-py3-none-any.whl.metadata (1.8 kB)
#11 9.788 Collecting prometheus-fastapi-instrumentator==7.0.2 (from -r requirements.txt (line 55))
#11 9.798   Downloading prometheus_fastapi_instrumentator-7.0.2-py3-none-any.whl.metadata (13 kB)
#11 9.843 Collecting psutil==6.1.1 (from -r requirements.txt (line 58))
#11 9.851   Downloading psutil-6.1.1-cp36-abi3-manylinux_2_12_x86_64.manylinux2010_x86_64.manylinux_2_17_x86_64.manylinux2014_x86_64.whl.metadata (22 kB)
#11 9.868 Collecting httpx==0.28.1 (from -r requirements.txt (line 61))
#11 9.874   Downloading httpx-0.28.1-py3-none-any.whl.metadata (7.1 kB)
#11 10.20 Collecting aiohttp<3.11,>=3.10.11 (from -r requirements.txt (line 62))
#11 10.21   Downloading aiohttp-3.10.11-cp312-cp312-manylinux_2_17_x86_64.manylinux2014_x86_64.whl.metadata (7.7 kB)
#11 10.22 Collecting python-dotenv==1.2.2 (from -r requirements.txt (line 63))
#11 10.23   Downloading python_dotenv-1.2.2-py3-none-any.whl.metadata (27 kB)
#11 10.36 Collecting orjson==3.11.6 (from -r requirements.txt (line 64))
#11 10.38   Downloading orjson-3.11.6-cp312-cp312-manylinux_2_17_x86_64.manylinux2014_x86_64.whl.metadata (41 kB)
#11 10.40 Collecting jinja2==3.1.6 (from -r requirements.txt (line 65))
#11 10.40   Downloading jinja2-3.1.6-py3-none-any.whl.metadata (2.9 kB)
#11 10.42 Collecting apscheduler==3.10.4 (from -r requirements.txt (line 66))
#11 10.43   Downloading APScheduler-3.10.4-py3-none-any.whl.metadata (5.7 kB)
#11 10.44 Collecting bleach==6.2.0 (from -r requirements.txt (line 69))
#11 10.45   Downloading bleach-6.2.0-py3-none-any.whl.metadata (30 kB)
#11 10.47 Collecting pandera<0.21,>=0.18 (from -r requirements.txt (line 72))
#11 10.48   Downloading pandera-0.20.4-py3-none-any.whl.metadata (15 kB)
#11 10.51 Collecting uvloop<0.22,>=0.19 (from -r requirements.txt (line 76))
#11 10.52   Downloading uvloop-0.21.0-cp312-cp312-manylinux_2_17_x86_64.manylinux2014_x86_64.whl.metadata (4.9 kB)
#11 10.54 Collecting mlflow-skinny<2.18,>=2.12 (from -r requirements.txt (line 79))
#11 10.55   Downloading mlflow_skinny-2.17.2-py3-none-any.whl.metadata (30 kB)
#11 10.56 Collecting feedparser==6.0.11 (from -r requirements.txt (line 80))
#11 10.57   Downloading feedparser-6.0.11-py3-none-any.whl.metadata (2.4 kB)
#11 10.60 Collecting starlette<0.42.0,>=0.40.0 (from fastapi==0.115.6->-r requirements.txt (line 2))
#11 10.61   Downloading starlette-0.41.3-py3-none-any.whl.metadata (6.0 kB)
#11 10.64 Collecting typing-extensions>=4.8.0 (from fastapi==0.115.6->-r requirements.txt (line 2))
#11 10.65   Downloading typing_extensions-4.16.0-py3-none-any.whl.metadata (3.3 kB)
#11 10.66 Collecting click>=7.0 (from uvicorn==0.34.0->uvicorn[standard]==0.34.0->-r requirements.txt (line 3))
#11 10.67   Downloading click-8.4.2-py3-none-any.whl.metadata (2.6 kB)
#11 10.68 Collecting h11>=0.8 (from uvicorn==0.34.0->uvicorn[standard]==0.34.0->-r requirements.txt (line 3))
#11 10.69   Downloading h11-0.16.0-py3-none-any.whl.metadata (8.3 kB)
#11 10.70 Collecting aiofiles<24.2,>=23.2.1 (from aiogram==3.15.0->-r requirements.txt (line 8))
#11 10.71   Downloading aiofiles-24.1.0-py3-none-any.whl.metadata (10 kB)
#11 10.77 Collecting certifi>=2023.7.22 (from aiogram==3.15.0->-r requirements.txt (line 8))
#11 10.78   Downloading certifi-2026.6.17-py3-none-any.whl.metadata (2.5 kB)
#11 10.79 Collecting magic-filter<1.1,>=1.0.12 (from aiogram==3.15.0->-r requirements.txt (line 8))
#11 10.80   Downloading magic_filter-1.0.12-py3-none-any.whl.metadata (1.5 kB)
#11 10.90 Collecting greenlet!=0.4.17 (from sqlalchemy==2.0.36->sqlalchemy[asyncio]==2.0.36->-r requirements.txt (line 11))
#11 10.91   Downloading greenlet-3.5.3-cp312-cp312-manylinux_2_24_x86_64.manylinux_2_28_x86_64.whl.metadata (3.8 kB)
#11 10.93 Collecting Mako (from alembic==1.14.1->-r requirements.txt (line 13))
#11 10.94   Downloading mako-1.3.12-py3-none-any.whl.metadata (2.9 kB)
#11 10.96 Collecting billiard<5.0,>=4.2.0 (from celery==5.4.0->celery[redis]==5.4.0->-r requirements.txt (line 20))
#11 10.96   Downloading billiard-4.2.4-py3-none-any.whl.metadata (4.8 kB)
#11 10.99 Collecting kombu<6.0,>=5.3.4 (from celery==5.4.0->celery[redis]==5.4.0->-r requirements.txt (line 20))
#11 10.99   Downloading kombu-5.6.2-py3-none-any.whl.metadata (3.5 kB)
#11 11.01 Collecting vine<6.0,>=5.1.0 (from celery==5.4.0->celery[redis]==5.4.0->-r requirements.txt (line 20))
#11 11.02   Downloading vine-5.1.0-py3-none-any.whl.metadata (2.7 kB)
#11 11.03 Collecting click-didyoumean>=0.3.0 (from celery==5.4.0->celery[redis]==5.4.0->-r requirements.txt (line 20))
#11 11.03   Downloading click_didyoumean-0.3.1-py3-none-any.whl.metadata (3.9 kB)
#11 11.04 Collecting click-repl>=0.2.0 (from celery==5.4.0->celery[redis]==5.4.0->-r requirements.txt (line 20))
#11 11.05   Downloading click_repl-0.3.0-py3-none-any.whl.metadata (3.6 kB)
#11 11.06 Collecting click-plugins>=1.1.1 (from celery==5.4.0->celery[redis]==5.4.0->-r requirements.txt (line 20))
#11 11.07   Downloading click_plugins-1.1.1.2-py2.py3-none-any.whl.metadata (6.5 kB)
#11 11.08 Collecting tzdata>=2022.7 (from celery==5.4.0->celery[redis]==5.4.0->-r requirements.txt (line 20))
#11 11.08   Downloading tzdata-2026.3-py2.py3-none-any.whl.metadata (1.4 kB)
#11 11.10 Collecting python-dateutil>=2.8.2 (from celery==5.4.0->celery[redis]==5.4.0->-r requirements.txt (line 20))
#11 11.10   Downloading python_dateutil-2.9.0.post0-py2.py3-none-any.whl.metadata (8.4 kB)
#11 11.11 Collecting ecdsa!=0.15 (from python-jose==3.4.0->python-jose[cryptography]==3.4.0->-r requirements.txt (line 23))
#11 11.12   Downloading ecdsa-0.19.2-py2.py3-none-any.whl.metadata (29 kB)
#11 11.14 Collecting rsa!=4.1.1,!=4.4,<5.0,>=4.0 (from python-jose==3.4.0->python-jose[cryptography]==3.4.0->-r requirements.txt (line 23))
#11 11.14   Downloading rsa-4.9.1-py3-none-any.whl.metadata (5.6 kB)
#11 11.16 Collecting pyasn1<0.5.0,>=0.4.1 (from python-jose==3.4.0->python-jose[cryptography]==3.4.0->-r requirements.txt (line 23))
#11 11.17   Downloading pyasn1-0.4.8-py2.py3-none-any.whl.metadata (1.5 kB)
#11 11.18 Collecting annotated-types>=0.6.0 (from pydantic==2.9.2->-r requirements.txt (line 28))
#11 11.18   Downloading annotated_types-0.7.0-py3-none-any.whl.metadata (15 kB)
#11 11.68 Collecting pydantic-core==2.23.4 (from pydantic==2.9.2->-r requirements.txt (line 28))
#11 11.68   Downloading pydantic_core-2.23.4-cp312-cp312-manylinux_2_17_x86_64.manylinux2014_x86_64.whl.metadata (6.6 kB)
#11 11.72 Collecting pytimeparse<2,>=1.1 (from twelvedata==1.2.28->-r requirements.txt (line 34))
#11 11.73   Downloading pytimeparse-1.1.8-py2.py3-none-any.whl.metadata (3.4 kB)
#11 11.75 Collecting requests<3,>=2.22 (from twelvedata==1.2.28->-r requirements.txt (line 34))
#11 11.75   Downloading requests-2.34.2-py3-none-any.whl.metadata (4.8 kB)
#11 11.78 Collecting multitasking>=0.0.7 (from yfinance==1.4.1->-r requirements.txt (line 36))
#11 11.78   Downloading multitasking-0.0.13-py3-none-any.whl.metadata (16 kB)
#11 11.80 Collecting platformdirs>=2.0.0 (from yfinance==1.4.1->-r requirements.txt (line 36))
#11 11.81   Downloading platformdirs-4.10.0-py3-none-any.whl.metadata (5.5 kB)
#11 11.83 Collecting pytz>=2022.5 (from yfinance==1.4.1->-r requirements.txt (line 36))
#11 11.84   Downloading pytz-2026.2-py2.py3-none-any.whl.metadata (22 kB)
#11 11.86 Collecting peewee>=3.16.2 (from yfinance==1.4.1->-r requirements.txt (line 36))
#11 11.87   Downloading peewee-4.2.3-py3-none-any.whl.metadata (10 kB)
#11 11.88 Collecting beautifulsoup4>=4.11.1 (from yfinance==1.4.1->-r requirements.txt (line 36))
#11 11.89   Downloading beautifulsoup4-4.15.0-py3-none-any.whl.metadata (3.8 kB)
#11 11.99 Collecting protobuf>=3.19.0 (from yfinance==1.4.1->-r requirements.txt (line 36))
#11 11.99   Downloading protobuf-7.35.1-cp310-abi3-manylinux2014_x86_64.whl.metadata (595 bytes)
#11 12.06 Collecting cffi>=2.0.0 (from curl_cffi==0.15.0->-r requirements.txt (line 37))
#11 12.07   Downloading cffi-2.1.0-cp312-cp312-manylinux2014_x86_64.manylinux_2_17_x86_64.whl.metadata (2.5 kB)
#11 12.10 Collecting rich (from curl_cffi==0.15.0->-r requirements.txt (line 37))
#11 12.11   Downloading rich-15.0.0-py3-none-any.whl.metadata (18 kB)
#11 12.13 Collecting nvidia-nccl-cu12 (from xgboost==2.1.3->-r requirements.txt (line 45))
#11 12.14   Downloading nvidia_nccl_cu12-2.30.7-py3-none-manylinux_2_18_x86_64.whl.metadata (2.1 kB)
#11 12.28 Collecting scipy (from xgboost==2.1.3->-r requirements.txt (line 45))
#11 12.28   Downloading scipy-1.18.0-cp312-cp312-manylinux_2_27_x86_64.manylinux_2_28_x86_64.whl.metadata (62 kB)
#11 12.31 Collecting filelock (from torch==2.5.1->-r requirements.txt (line 47))
#11 12.32   Downloading filelock-3.29.7-py3-none-any.whl.metadata (2.0 kB)
#11 12.35 Collecting networkx (from torch==2.5.1->-r requirements.txt (line 47))
#11 12.35   Downloading networkx-3.6.1-py3-none-any.whl.metadata (6.8 kB)
#11 12.38 Collecting fsspec (from torch==2.5.1->-r requirements.txt (line 47))
#11 12.38   Downloading fsspec-2026.6.0-py3-none-any.whl.metadata (10 kB)
#11 12.41 Collecting nvidia-cuda-nvrtc-cu12==12.4.127 (from torch==2.5.1->-r requirements.txt (line 47))
#11 12.42   Downloading nvidia_cuda_nvrtc_cu12-12.4.127-py3-none-manylinux2014_x86_64.whl.metadata (1.5 kB)
#11 12.43 Collecting nvidia-cuda-runtime-cu12==12.4.127 (from torch==2.5.1->-r requirements.txt (line 47))
#11 12.44   Downloading nvidia_cuda_runtime_cu12-12.4.127-py3-none-manylinux2014_x86_64.whl.metadata (1.5 kB)
#11 12.45 Collecting nvidia-cuda-cupti-cu12==12.4.127 (from torch==2.5.1->-r requirements.txt (line 47))
#11 12.45   Downloading nvidia_cuda_cupti_cu12-12.4.127-py3-none-manylinux2014_x86_64.whl.metadata (1.6 kB)
#11 12.47 Collecting nvidia-cudnn-cu12==9.1.0.70 (from torch==2.5.1->-r requirements.txt (line 47))
#11 12.48   Downloading nvidia_cudnn_cu12-9.1.0.70-py3-none-manylinux2014_x86_64.whl.metadata (1.6 kB)
#11 12.49 Collecting nvidia-cublas-cu12==12.4.5.8 (from torch==2.5.1->-r requirements.txt (line 47))
#11 12.49   Downloading nvidia_cublas_cu12-12.4.5.8-py3-none-manylinux2014_x86_64.whl.metadata (1.5 kB)
#11 12.51 Collecting nvidia-cufft-cu12==11.2.1.3 (from torch==2.5.1->-r requirements.txt (line 47))
#11 12.51   Downloading nvidia_cufft_cu12-11.2.1.3-py3-none-manylinux2014_x86_64.whl.metadata (1.5 kB)
#11 12.52 Collecting nvidia-curand-cu12==10.3.5.147 (from torch==2.5.1->-r requirements.txt (line 47))
#11 12.53   Downloading nvidia_curand_cu12-10.3.5.147-py3-none-manylinux2014_x86_64.whl.metadata (1.5 kB)
#11 12.54 Collecting nvidia-cusolver-cu12==11.6.1.9 (from torch==2.5.1->-r requirements.txt (line 47))
#11 12.55   Downloading nvidia_cusolver_cu12-11.6.1.9-py3-none-manylinux2014_x86_64.whl.metadata (1.6 kB)
#11 12.56 Collecting nvidia-cusparse-cu12==12.3.1.170 (from torch==2.5.1->-r requirements.txt (line 47))
#11 12.57   Downloading nvidia_cusparse_cu12-12.3.1.170-py3-none-manylinux2014_x86_64.whl.metadata (1.6 kB)
#11 12.57 Collecting nvidia-nccl-cu12 (from xgboost==2.1.3->-r requirements.txt (line 45))
#11 12.58   Downloading nvidia_nccl_cu12-2.21.5-py3-none-manylinux2014_x86_64.whl.metadata (1.8 kB)
#11 12.59 Collecting nvidia-nvtx-cu12==12.4.127 (from torch==2.5.1->-r requirements.txt (line 47))
#11 12.60   Downloading nvidia_nvtx_cu12-12.4.127-py3-none-manylinux2014_x86_64.whl.metadata (1.7 kB)
#11 12.62 Collecting nvidia-nvjitlink-cu12==12.4.127 (from torch==2.5.1->-r requirements.txt (line 47))
#11 12.62   Downloading nvidia_nvjitlink_cu12-12.4.127-py3-none-manylinux2014_x86_64.whl.metadata (1.5 kB)
#11 12.65 Collecting triton==3.1.0 (from torch==2.5.1->-r requirements.txt (line 47))
#11 12.65   Downloading triton-3.1.0-cp312-cp312-manylinux_2_17_x86_64.manylinux2014_x86_64.whl.metadata (1.3 kB)
#11 12.73 Collecting setuptools (from torch==2.5.1->-r requirements.txt (line 47))
#11 12.74   Downloading setuptools-83.0.0-py3-none-any.whl.metadata (6.6 kB)
#11 12.76 Collecting sympy==1.13.1 (from torch==2.5.1->-r requirements.txt (line 47))
#11 12.76   Downloading sympy-1.13.1-py3-none-any.whl.metadata (12 kB)
#11 12.78 Collecting colorlog (from optuna==4.1.0->-r requirements.txt (line 48))
#11 12.79   Downloading colorlog-6.10.1-py3-none-any.whl.metadata (11 kB)
#11 12.81 Collecting packaging>=20.0 (from optuna==4.1.0->-r requirements.txt (line 48))
#11 12.82   Downloading packaging-26.2-py3-none-any.whl.metadata (3.5 kB)
#11 12.86 Collecting tqdm (from optuna==4.1.0->-r requirements.txt (line 48))
#11 12.87   Downloading tqdm-4.68.4-py3-none-any.whl.metadata (57 kB)
#11 12.89 Collecting PyYAML (from optuna==4.1.0->-r requirements.txt (line 48))
#11 12.90   Downloading pyyaml-6.0.3-cp312-cp312-manylinux2014_x86_64.manylinux_2_17_x86_64.manylinux_2_28_x86_64.whl.metadata (2.4 kB)
#11 12.92 Collecting threadpoolctl>=3.1.0 (from scikit-learn==1.6.0->-r requirements.txt (line 49))
#11 12.93   Downloading threadpoolctl-3.6.0-py3-none-any.whl.metadata (13 kB)
#11 12.96 Collecting anyio (from httpx==0.28.1->-r requirements.txt (line 61))
#11 12.96   Downloading anyio-4.14.2-py3-none-any.whl.metadata (4.6 kB)
#11 12.98 Collecting httpcore==1.* (from httpx==0.28.1->-r requirements.txt (line 61))
#11 12.98   Downloading httpcore-1.0.9-py3-none-any.whl.metadata (21 kB)
#11 13.00 Collecting idna (from httpx==0.28.1->-r requirements.txt (line 61))
#11 13.00   Downloading idna-3.18-py3-none-any.whl.metadata (6.1 kB)
#11 13.04 Collecting MarkupSafe>=2.0 (from jinja2==3.1.6->-r requirements.txt (line 65))
#11 13.05   Downloading markupsafe-3.0.3-cp312-cp312-manylinux2014_x86_64.manylinux_2_17_x86_64.manylinux_2_28_x86_64.whl.metadata (2.7 kB)
#11 13.06 Collecting six>=1.4.0 (from apscheduler==3.10.4->-r requirements.txt (line 66))
#11 13.06   Downloading six-1.17.0-py2.py3-none-any.whl.metadata (1.7 kB)
#11 13.08 Collecting tzlocal!=3.*,>=2.0 (from apscheduler==3.10.4->-r requirements.txt (line 66))
#11 13.08   Downloading tzlocal-5.4.4-py3-none-any.whl.metadata (7.7 kB)
#11 13.10 Collecting webencodings (from bleach==6.2.0->-r requirements.txt (line 69))
#11 13.10   Downloading webencodings-0.5.1-py2.py3-none-any.whl.metadata (2.1 kB)
#11 13.11 Collecting sgmllib3k (from feedparser==6.0.11->-r requirements.txt (line 80))
#11 13.12   Downloading sgmllib3k-1.0.0.tar.gz (5.8 kB)
#11 13.12   Installing build dependencies: started
#11 14.85   Installing build dependencies: finished with status 'done'
#11 14.85   Getting requirements to build wheel: started
#11 15.27   Getting requirements to build wheel: finished with status 'done'
#11 15.28   Preparing metadata (pyproject.toml): started
#11 15.70   Preparing metadata (pyproject.toml): finished with status 'done'
#11 15.95 Collecting cryptography>=3.4.0 (from python-jose[cryptography]==3.4.0->-r requirements.txt (line 23))
#11 15.96   Downloading cryptography-49.0.0-cp311-abi3-manylinux_2_34_x86_64.whl.metadata (4.3 kB)
#11 16.03 Collecting hiredis>=3.0.0 (from redis[hiredis]==5.2.1->-r requirements.txt (line 17))
#11 16.03   Downloading hiredis-3.4.0-cp312-cp312-manylinux2014_x86_64.manylinux_2_17_x86_64.manylinux_2_28_x86_64.whl.metadata (7.5 kB)
#11 16.07 Collecting httptools>=0.6.3 (from uvicorn[standard]==0.34.0->-r requirements.txt (line 3))
#11 16.07   Downloading httptools-0.8.0-cp312-cp312-manylinux1_x86_64.manylinux_2_28_x86_64.manylinux_2_5_x86_64.whl.metadata (3.5 kB)
#11 16.15 Collecting watchfiles>=0.13 (from uvicorn[standard]==0.34.0->-r requirements.txt (line 3))
#11 16.16   Downloading watchfiles-1.2.0-cp312-cp312-manylinux_2_17_x86_64.manylinux2014_x86_64.whl.metadata (4.9 kB)
#11 16.21 Collecting mpmath<1.4,>=1.1.0 (from sympy==1.13.1->torch==2.5.1->-r requirements.txt (line 47))
#11 16.21   Downloading mpmath-1.3.0-py3-none-any.whl.metadata (8.6 kB)
#11 16.23 Collecting aiohappyeyeballs>=2.3.0 (from aiohttp<3.11,>=3.10.11->-r requirements.txt (line 62))
#11 16.24   Downloading aiohappyeyeballs-2.7.1-py3-none-any.whl.metadata (5.9 kB)
#11 16.25 Collecting aiosignal>=1.1.2 (from aiohttp<3.11,>=3.10.11->-r requirements.txt (line 62))
#11 16.26   Downloading aiosignal-1.4.0-py3-none-any.whl.metadata (3.7 kB)
#11 16.28 Collecting attrs>=17.3.0 (from aiohttp<3.11,>=3.10.11->-r requirements.txt (line 62))
#11 16.29   Downloading attrs-26.1.0-py3-none-any.whl.metadata (8.8 kB)
#11 16.34 Collecting frozenlist>=1.1.1 (from aiohttp<3.11,>=3.10.11->-r requirements.txt (line 62))
#11 16.35   Downloading frozenlist-1.8.0-cp312-cp312-manylinux1_x86_64.manylinux_2_28_x86_64.manylinux_2_5_x86_64.whl.metadata (20 kB)
#11 16.48 Collecting multidict<7.0,>=4.5 (from aiohttp<3.11,>=3.10.11->-r requirements.txt (line 62))
#11 16.49   Downloading multidict-6.7.1-cp312-cp312-manylinux2014_x86_64.manylinux_2_17_x86_64.manylinux_2_28_x86_64.whl.metadata (5.3 kB)
#11 16.73 Collecting yarl<2.0,>=1.12.0 (from aiohttp<3.11,>=3.10.11->-r requirements.txt (line 62))
#11 16.74   Downloading yarl-1.24.2-cp312-cp312-manylinux2014_x86_64.manylinux_2_17_x86_64.manylinux_2_28_x86_64.whl.metadata (94 kB)
#11 16.76 Collecting multimethod<=1.10.0 (from pandera<0.21,>=0.18->-r requirements.txt (line 72))
#11 16.77   Downloading multimethod-1.10-py3-none-any.whl.metadata (8.2 kB)
#11 16.79 Collecting typeguard (from pandera<0.21,>=0.18->-r requirements.txt (line 72))
#11 16.80   Downloading typeguard-4.5.2-py3-none-any.whl.metadata (3.8 kB)
#11 16.81 Collecting typing-inspect>=0.6.0 (from pandera<0.21,>=0.18->-r requirements.txt (line 72))
#11 16.82   Downloading typing_inspect-0.9.0-py3-none-any.whl.metadata (1.5 kB)
#11 16.96 Collecting wrapt (from pandera<0.21,>=0.18->-r requirements.txt (line 72))
#11 16.97   Downloading wrapt-2.2.2-cp312-cp312-manylinux1_x86_64.manylinux_2_28_x86_64.manylinux_2_5_x86_64.whl.metadata (7.4 kB)
#11 16.99 Collecting cachetools<6,>=5.0.0 (from mlflow-skinny<2.18,>=2.12->-r requirements.txt (line 79))
#11 17.00   Downloading cachetools-5.5.2-py3-none-any.whl.metadata (5.4 kB)
#11 17.01 Collecting cloudpickle<4 (from mlflow-skinny<2.18,>=2.12->-r requirements.txt (line 79))
#11 17.02   Downloading cloudpickle-3.1.2-py3-none-any.whl.metadata (7.1 kB)
#11 17.05 Collecting databricks-sdk<1,>=0.20.0 (from mlflow-skinny<2.18,>=2.12->-r requirements.txt (line 79))
#11 17.06   Downloading databricks_sdk-0.120.0-py3-none-any.whl.metadata (43 kB)
#11 17.08 Collecting gitpython<4,>=3.1.9 (from mlflow-skinny<2.18,>=2.12->-r requirements.txt (line 79))
#11 17.09   Downloading gitpython-3.1.51-py3-none-any.whl.metadata (14 kB)
#11 17.12 Collecting importlib-metadata!=4.7.0,<9,>=3.7.0 (from mlflow-skinny<2.18,>=2.12->-r requirements.txt (line 79))
#11 17.13   Downloading importlib_metadata-8.9.0-py3-none-any.whl.metadata (4.5 kB)
#11 17.14 Collecting opentelemetry-api<3,>=1.9.0 (from mlflow-skinny<2.18,>=2.12->-r requirements.txt (line 79))
#11 17.15   Downloading opentelemetry_api-1.43.0-py3-none-any.whl.metadata (1.4 kB)
#11 17.17 Collecting opentelemetry-sdk<3,>=1.9.0 (from mlflow-skinny<2.18,>=2.12->-r requirements.txt (line 79))
#11 17.18   Downloading opentelemetry_sdk-1.43.0-py3-none-any.whl.metadata (1.7 kB)
#11 17.18 Collecting packaging>=20.0 (from optuna==4.1.0->-r requirements.txt (line 48))
#11 17.19   Downloading packaging-24.2-py3-none-any.whl.metadata (3.2 kB)
#11 17.20 Collecting protobuf>=3.19.0 (from yfinance==1.4.1->-r requirements.txt (line 36))
#11 17.21   Downloading protobuf-5.29.6-cp38-abi3-manylinux2014_x86_64.whl.metadata (592 bytes)
#11 17.23 Collecting sqlparse<1,>=0.4.0 (from mlflow-skinny<2.18,>=2.12->-r requirements.txt (line 79))
#11 17.24   Downloading sqlparse-0.5.5-py3-none-any.whl.metadata (4.7 kB)
#11 17.27 Collecting soupsieve>=1.6.1 (from beautifulsoup4>=4.11.1->yfinance==1.4.1->-r requirements.txt (line 36))
#11 17.28   Downloading soupsieve-2.8.4-py3-none-any.whl.metadata (4.6 kB)
#11 17.29 Collecting pycparser (from cffi>=2.0.0->curl_cffi==0.15.0->-r requirements.txt (line 37))
#11 17.30   Downloading pycparser-3.0-py3-none-any.whl.metadata (8.2 kB)
#11 17.33 Collecting prompt-toolkit>=3.0.36 (from click-repl>=0.2.0->celery==5.4.0->celery[redis]==5.4.0->-r requirements.txt (line 20))
#11 17.34   Downloading prompt_toolkit-3.0.52-py3-none-any.whl.metadata (6.4 kB)
#11 17.39 Collecting google-auth~=2.0 (from databricks-sdk<1,>=0.20.0->mlflow-skinny<2.18,>=2.12->-r requirements.txt (line 79))
#11 17.39   Downloading google_auth-2.56.0-py3-none-any.whl.metadata (6.0 kB)
#11 17.44 Collecting urllib3<3,>=1.26 (from databricks-sdk<1,>=0.20.0->mlflow-skinny<2.18,>=2.12->-r requirements.txt (line 79))
#11 17.45   Downloading urllib3-2.7.0-py3-none-any.whl.metadata (6.9 kB)
#11 17.47 Collecting gitdb<5,>=4.0.1 (from gitpython<4,>=3.1.9->mlflow-skinny<2.18,>=2.12->-r requirements.txt (line 79))
#11 17.48   Downloading gitdb-4.0.12-py3-none-any.whl.metadata (1.2 kB)
#11 17.50 Collecting zipp>=3.20 (from importlib-metadata!=4.7.0,<9,>=3.7.0->mlflow-skinny<2.18,>=2.12->-r requirements.txt (line 79))
#11 17.51   Downloading zipp-4.1.0-py3-none-any.whl.metadata (3.6 kB)
#11 17.53 Collecting amqp<6.0.0,>=5.1.1 (from kombu<6.0,>=5.3.4->celery==5.4.0->celery[redis]==5.4.0->-r requirements.txt (line 20))
#11 17.53   Downloading amqp-5.3.1-py3-none-any.whl.metadata (8.9 kB)
#11 17.58 Collecting opentelemetry-semantic-conventions==0.64b0 (from opentelemetry-sdk<3,>=1.9.0->mlflow-skinny<2.18,>=2.12->-r requirements.txt (line 79))
#11 17.59   Downloading opentelemetry_semantic_conventions-0.64b0-py3-none-any.whl.metadata (2.4 kB)
#11 17.67 Collecting charset_normalizer<4,>=2 (from requests<3,>=2.22->twelvedata==1.2.28->-r requirements.txt (line 34))
#11 17.68   Downloading charset_normalizer-3.4.9-cp312-cp312-manylinux2014_x86_64.manylinux_2_17_x86_64.manylinux_2_28_x86_64.whl.metadata (41 kB)
#11 17.73 Collecting mypy-extensions>=0.3.0 (from typing-inspect>=0.6.0->pandera<0.21,>=0.18->-r requirements.txt (line 72))
#11 17.74   Downloading mypy_extensions-1.1.0-py3-none-any.whl.metadata (1.1 kB)
#11 17.80 Collecting propcache>=0.2.1 (from yarl<2.0,>=1.12.0->aiohttp<3.11,>=3.10.11->-r requirements.txt (line 62))
#11 17.80   Downloading propcache-0.5.2-cp312-cp312-manylinux2014_x86_64.manylinux_2_17_x86_64.manylinux_2_28_x86_64.whl.metadata (16 kB)
#11 17.83 Collecting markdown-it-py>=2.2.0 (from rich->curl_cffi==0.15.0->-r requirements.txt (line 37))
#11 17.84   Downloading markdown_it_py-4.2.0-py3-none-any.whl.metadata (7.4 kB)
#11 17.86 Collecting pygments<3.0.0,>=2.13.0 (from rich->curl_cffi==0.15.0->-r requirements.txt (line 37))
#11 17.86   Downloading pygments-2.20.0-py3-none-any.whl.metadata (2.5 kB)
#11 17.90 Collecting smmap<6,>=3.0.1 (from gitdb<5,>=4.0.1->gitpython<4,>=3.1.9->mlflow-skinny<2.18,>=2.12->-r requirements.txt (line 79))
#11 17.90   Downloading smmap-5.0.3-py3-none-any.whl.metadata (4.6 kB)
#11 17.92 Collecting pyasn1-modules>=0.2.1 (from google-auth~=2.0->databricks-sdk<1,>=0.20.0->mlflow-skinny<2.18,>=2.12->-r requirements.txt (line 79))
#11 17.93   Downloading pyasn1_modules-0.4.2-py3-none-any.whl.metadata (3.5 kB)
#11 17.95 Collecting mdurl~=0.1 (from markdown-it-py>=2.2.0->rich->curl_cffi==0.15.0->-r requirements.txt (line 37))
#11 17.96   Downloading mdurl-0.1.2-py3-none-any.whl.metadata (1.6 kB)
#11 17.98 Collecting wcwidth (from prompt-toolkit>=3.0.36->click-repl>=0.2.0->celery==5.4.0->celery[redis]==5.4.0->-r requirements.txt (line 20))
#11 17.98   Downloading wcwidth-0.8.2-py3-none-any.whl.metadata (43 kB)
#11 18.01 INFO: pip is looking at multiple versions of pyasn1-modules to determine which version is compatible with other requirements. This could take a while.
#11 18.01 Collecting pyasn1-modules>=0.2.1 (from google-auth~=2.0->databricks-sdk<1,>=0.20.0->mlflow-skinny<2.18,>=2.12->-r requirements.txt (line 79))
#11 18.02   Downloading pyasn1_modules-0.4.1-py3-none-any.whl.metadata (3.5 kB)
#11 18.04 Downloading fastapi-0.115.6-py3-none-any.whl (94 kB)
#11 18.05 Downloading uvicorn-0.34.0-py3-none-any.whl (62 kB)
#11 18.06 Downloading python_multipart-0.0.27-py3-none-any.whl (29 kB)
#11 18.06 Downloading websockets-14.1-cp312-cp312-manylinux_2_5_x86_64.manylinux1_x86_64.manylinux_2_17_x86_64.manylinux2014_x86_64.whl (169 kB)
#11 18.07 Downloading aiogram-3.15.0-py3-none-any.whl (603 kB)
#11 18.08    ━━━━━━━━━━━━━━━━━━━━━━━━━━━━━━━━━━━━━━━━ 603.9/603.9 kB 88.3 MB/s eta 0:00:00
#11 18.09 Downloading SQLAlchemy-2.0.36-cp312-cp312-manylinux_2_17_x86_64.manylinux2014_x86_64.whl (3.2 MB)
#11 18.10    ━━━━━━━━━━━━━━━━━━━━━━━━━━━━━━━━━━━━━━━━ 3.2/3.2 MB 254.4 MB/s eta 0:00:00
#11 18.12 Downloading asyncpg-0.30.0-cp312-cp312-manylinux_2_17_x86_64.manylinux2014_x86_64.whl (3.6 MB)
#11 18.14    ━━━━━━━━━━━━━━━━━━━━━━━━━━━━━━━━━━━━━━━━ 3.6/3.6 MB 178.1 MB/s eta 0:00:00
#11 18.15 Downloading alembic-1.14.1-py3-none-any.whl (233 kB)
#11 18.16 Downloading psycopg2_binary-2.9.10-cp312-cp312-manylinux_2_17_x86_64.manylinux2014_x86_64.whl (3.0 MB)
#11 18.18    ━━━━━━━━━━━━━━━━━━━━━━━━━━━━━━━━━━━━━━━━ 3.0/3.0 MB 723.2 MB/s eta 0:00:00
#11 18.18 Downloading redis-5.2.1-py3-none-any.whl (261 kB)
#11 18.19 Downloading celery-5.4.0-py3-none-any.whl (425 kB)
#11 18.20 Downloading python_jose-3.4.0-py2.py3-none-any.whl (34 kB)
#11 18.21 Downloading passlib-1.7.4-py2.py3-none-any.whl (525 kB)
#11 18.22    ━━━━━━━━━━━━━━━━━━━━━━━━━━━━━━━━━━━━━━━ 525.6/525.6 kB 722.9 MB/s eta 0:00:00
#11 18.23 Downloading bcrypt-4.0.1-cp36-abi3-manylinux_2_28_x86_64.whl (593 kB)
#11 18.23    ━━━━━━━━━━━━━━━━━━━━━━━━━━━━━━━━━━━━━━━ 593.7/593.7 kB 311.1 MB/s eta 0:00:00
#11 18.24 Downloading pydantic-2.9.2-py3-none-any.whl (434 kB)
#11 18.25 Downloading pydantic_settings-2.6.1-py3-none-any.whl (28 kB)
#11 18.26 Downloading twelvedata-1.2.28-py3-none-any.whl (46 kB)
#11 18.27 Downloading yfinance-1.4.1-py2.py3-none-any.whl (137 kB)
#11 18.28 Downloading curl_cffi-0.15.0-cp310-abi3-manylinux2014_x86_64.manylinux_2_17_x86_64.whl (11.1 MB)
#11 18.32    ━━━━━━━━━━━━━━━━━━━━━━━━━━━━━━━━━━━━━━━━ 11.1/11.1 MB 288.9 MB/s eta 0:00:00
#11 18.34 Downloading pandas-2.2.3-cp312-cp312-manylinux_2_17_x86_64.manylinux2014_x86_64.whl (12.7 MB)
#11 18.37    ━━━━━━━━━━━━━━━━━━━━━━━━━━━━━━━━━━━━━━━━ 12.7/12.7 MB 324.8 MB/s eta 0:00:00
#11 18.38 Downloading xgboost-2.1.3-py3-none-manylinux_2_28_x86_64.whl (153.9 MB)
#11 19.26    ━━━━━━━━━━━━━━━━━━━━━━━━━━━━━━━━━━━━━━━ 153.9/153.9 MB 177.1 MB/s eta 0:00:00
#11 19.27 Downloading lightgbm-4.5.0-py3-none-manylinux_2_28_x86_64.whl (3.6 MB)
#11 19.28    ━━━━━━━━━━━━━━━━━━━━━━━━━━━━━━━━━━━━━━━━ 3.6/3.6 MB 619.5 MB/s eta 0:00:00
#11 19.29 Downloading torch-2.5.1-cp312-cp312-manylinux1_x86_64.whl (906.4 MB)
#11 22.62    ━━━━━━━━━━━━━━━━━━━━━━━━━━━━━━━━━━━━━━━ 906.4/906.4 MB 256.7 MB/s eta 0:00:00
#11 22.63 Downloading optuna-4.1.0-py3-none-any.whl (364 kB)
#11 22.64 Downloading scikit_learn-1.6.0-cp312-cp312-manylinux_2_17_x86_64.manylinux2014_x86_64.whl (13.1 MB)
#11 22.80    ━━━━━━━━━━━━━━━━━━━━━━━━━━━━━━━━━━━━━━━━ 13.1/13.1 MB 85.0 MB/s eta 0:00:00
#11 22.81 Downloading joblib-1.4.2-py3-none-any.whl (301 kB)
#11 22.81 Downloading structlog-24.4.0-py3-none-any.whl (67 kB)
#11 22.82 Downloading prometheus_client-0.21.1-py3-none-any.whl (54 kB)
#11 22.83 Downloading prometheus_fastapi_instrumentator-7.0.2-py3-none-any.whl (18 kB)
#11 22.84 Downloading psutil-6.1.1-cp36-abi3-manylinux_2_12_x86_64.manylinux2010_x86_64.manylinux_2_17_x86_64.manylinux2014_x86_64.whl (287 kB)
#11 22.85 Downloading httpx-0.28.1-py3-none-any.whl (73 kB)
#11 22.86 Downloading python_dotenv-1.2.2-py3-none-any.whl (22 kB)
#11 22.87 Downloading orjson-3.11.6-cp312-cp312-manylinux_2_17_x86_64.manylinux2014_x86_64.whl (145 kB)
#11 22.88 Downloading jinja2-3.1.6-py3-none-any.whl (134 kB)
#11 22.89 Downloading APScheduler-3.10.4-py3-none-any.whl (59 kB)
#11 22.90 Downloading bleach-6.2.0-py3-none-any.whl (163 kB)
#11 22.91 Downloading feedparser-6.0.11-py3-none-any.whl (81 kB)
#11 22.92 Downloading httpcore-1.0.9-py3-none-any.whl (78 kB)
#11 22.93 Downloading nvidia_cublas_cu12-12.4.5.8-py3-none-manylinux2014_x86_64.whl (363.4 MB)
#11 24.12    ━━━━━━━━━━━━━━━━━━━━━━━━━━━━━━━━━━━━━━━ 363.4/363.4 MB 349.6 MB/s eta 0:00:00
#11 24.13 Downloading nvidia_cuda_cupti_cu12-12.4.127-py3-none-manylinux2014_x86_64.whl (13.8 MB)
#11 24.17    ━━━━━━━━━━━━━━━━━━━━━━━━━━━━━━━━━━━━━━━━ 13.8/13.8 MB 363.9 MB/s eta 0:00:00
#11 24.18 Downloading nvidia_cuda_nvrtc_cu12-12.4.127-py3-none-manylinux2014_x86_64.whl (24.6 MB)
#11 24.26    ━━━━━━━━━━━━━━━━━━━━━━━━━━━━━━━━━━━━━━━━ 24.6/24.6 MB 312.3 MB/s eta 0:00:00
#11 24.27 Downloading nvidia_cuda_runtime_cu12-12.4.127-py3-none-manylinux2014_x86_64.whl (883 kB)
#11 24.27    ━━━━━━━━━━━━━━━━━━━━━━━━━━━━━━━━━━━━━━━ 883.7/883.7 kB 459.2 MB/s eta 0:00:00
#11 24.28 Downloading nvidia_cudnn_cu12-9.1.0.70-py3-none-manylinux2014_x86_64.whl (664.8 MB)
#11 26.32    ━━━━━━━━━━━━━━━━━━━━━━━━━━━━━━━━━━━━━━━ 664.8/664.8 MB 314.6 MB/s eta 0:00:00
#11 26.33 Downloading nvidia_cufft_cu12-11.2.1.3-py3-none-manylinux2014_x86_64.whl (211.5 MB)
#11 27.01    ━━━━━━━━━━━━━━━━━━━━━━━━━━━━━━━━━━━━━━━ 211.5/211.5 MB 314.1 MB/s eta 0:00:00
#11 27.02 Downloading nvidia_curand_cu12-10.3.5.147-py3-none-manylinux2014_x86_64.whl (56.3 MB)
#11 27.18    ━━━━━━━━━━━━━━━━━━━━━━━━━━━━━━━━━━━━━━━━ 56.3/56.3 MB 340.6 MB/s eta 0:00:00
#11 27.19 Downloading nvidia_cusolver_cu12-11.6.1.9-py3-none-manylinux2014_x86_64.whl (127.9 MB)
#11 27.57    ━━━━━━━━━━━━━━━━━━━━━━━━━━━━━━━━━━━━━━━ 127.9/127.9 MB 335.3 MB/s eta 0:00:00
#11 27.58 Downloading nvidia_cusparse_cu12-12.3.1.170-py3-none-manylinux2014_x86_64.whl (207.5 MB)
#11 28.17    ━━━━━━━━━━━━━━━━━━━━━━━━━━━━━━━━━━━━━━━ 207.5/207.5 MB 355.2 MB/s eta 0:00:00
#11 28.18 Downloading nvidia_nccl_cu12-2.21.5-py3-none-manylinux2014_x86_64.whl (188.7 MB)
#11 28.74    ━━━━━━━━━━━━━━━━━━━━━━━━━━━━━━━━━━━━━━━ 188.7/188.7 MB 339.8 MB/s eta 0:00:00
#11 28.74 Downloading nvidia_nvjitlink_cu12-12.4.127-py3-none-manylinux2014_x86_64.whl (21.1 MB)
#11 28.82    ━━━━━━━━━━━━━━━━━━━━━━━━━━━━━━━━━━━━━━━━ 21.1/21.1 MB 298.9 MB/s eta 0:00:00
#11 28.82 Downloading nvidia_nvtx_cu12-12.4.127-py3-none-manylinux2014_x86_64.whl (99 kB)
#11 28.83 Downloading pydantic_core-2.23.4-cp312-cp312-manylinux_2_17_x86_64.manylinux2014_x86_64.whl (2.1 MB)
#11 28.84    ━━━━━━━━━━━━━━━━━━━━━━━━━━━━━━━━━━━━━━━━ 2.1/2.1 MB 360.4 MB/s eta 0:00:00
#11 28.85 Downloading sympy-1.13.1-py3-none-any.whl (6.2 MB)
#11 28.87    ━━━━━━━━━━━━━━━━━━━━━━━━━━━━━━━━━━━━━━━━ 6.2/6.2 MB 271.1 MB/s eta 0:00:00
#11 28.88 Downloading triton-3.1.0-cp312-cp312-manylinux_2_17_x86_64.manylinux2014_x86_64.whl (209.6 MB)
#11 29.78    ━━━━━━━━━━━━━━━━━━━━━━━━━━━━━━━━━━━━━━━ 209.6/209.6 MB 233.1 MB/s eta 0:00:00
#11 29.79 Downloading aiohttp-3.10.11-cp312-cp312-manylinux_2_17_x86_64.manylinux2014_x86_64.whl (1.3 MB)
#11 29.80    ━━━━━━━━━━━━━━━━━━━━━━━━━━━━━━━━━━━━━━━━ 1.3/1.3 MB 345.6 MB/s eta 0:00:00
#11 29.80 Downloading pandera-0.20.4-py3-none-any.whl (259 kB)
#11 29.82 Downloading uvloop-0.21.0-cp312-cp312-manylinux_2_17_x86_64.manylinux2014_x86_64.whl (4.7 MB)
#11 29.84    ━━━━━━━━━━━━━━━━━━━━━━━━━━━━━━━━━━━━━━━━ 4.7/4.7 MB 279.0 MB/s eta 0:00:00
#11 29.85 Downloading mlflow_skinny-2.17.2-py3-none-any.whl (5.7 MB)
#11 29.88    ━━━━━━━━━━━━━━━━━━━━━━━━━━━━━━━━━━━━━━━━ 5.7/5.7 MB 164.3 MB/s eta 0:00:00
#11 29.89 Downloading aiofiles-24.1.0-py3-none-any.whl (15 kB)
#11 29.90 Downloading aiohappyeyeballs-2.7.1-py3-none-any.whl (15 kB)
#11 29.91 Downloading aiosignal-1.4.0-py3-none-any.whl (7.5 kB)
#11 29.91 Downloading annotated_types-0.7.0-py3-none-any.whl (13 kB)
#11 29.92 Downloading attrs-26.1.0-py3-none-any.whl (67 kB)
#11 29.93 Downloading beautifulsoup4-4.15.0-py3-none-any.whl (109 kB)
#11 29.94 Downloading billiard-4.2.4-py3-none-any.whl (87 kB)
#11 29.94 Downloading cachetools-5.5.2-py3-none-any.whl (10 kB)
#11 29.95 Downloading certifi-2026.6.17-py3-none-any.whl (133 kB)
#11 29.96 Downloading cffi-2.1.0-cp312-cp312-manylinux2014_x86_64.manylinux_2_17_x86_64.whl (221 kB)
#11 29.97 Downloading click-8.4.2-py3-none-any.whl (119 kB)
#11 29.98 Downloading click_didyoumean-0.3.1-py3-none-any.whl (3.6 kB)
#11 29.98 Downloading click_plugins-1.1.1.2-py2.py3-none-any.whl (11 kB)
#11 29.99 Downloading click_repl-0.3.0-py3-none-any.whl (10 kB)
#11 30.00 Downloading cloudpickle-3.1.2-py3-none-any.whl (22 kB)
#11 30.01 Downloading cryptography-49.0.0-cp311-abi3-manylinux_2_34_x86_64.whl (4.7 MB)
#11 30.04    ━━━━━━━━━━━━━━━━━━━━━━━━━━━━━━━━━━━━━━━━ 4.7/4.7 MB 289.0 MB/s eta 0:00:00
#11 30.05 Downloading databricks_sdk-0.120.0-py3-none-any.whl (954 kB)
#11 30.06    ━━━━━━━━━━━━━━━━━━━━━━━━━━━━━━━━━━━━━━━ 954.6/954.6 kB 221.0 MB/s eta 0:00:00
#11 30.07 Downloading ecdsa-0.19.2-py2.py3-none-any.whl (150 kB)
#11 30.08 Downloading frozenlist-1.8.0-cp312-cp312-manylinux1_x86_64.manylinux_2_28_x86_64.manylinux_2_5_x86_64.whl (242 kB)
#11 30.09 Downloading gitpython-3.1.51-py3-none-any.whl (215 kB)
#11 30.10 Downloading greenlet-3.5.3-cp312-cp312-manylinux_2_24_x86_64.manylinux_2_28_x86_64.whl (614 kB)
#11 30.10    ━━━━━━━━━━━━━━━━━━━━━━━━━━━━━━━━━━━━━━━ 614.2/614.2 kB 183.6 MB/s eta 0:00:00
#11 30.11 Downloading h11-0.16.0-py3-none-any.whl (37 kB)
#11 30.12 Downloading hiredis-3.4.0-cp312-cp312-manylinux2014_x86_64.manylinux_2_17_x86_64.manylinux_2_28_x86_64.whl (313 kB)
#11 30.13 Downloading httptools-0.8.0-cp312-cp312-manylinux1_x86_64.manylinux_2_28_x86_64.manylinux_2_5_x86_64.whl (523 kB)
#11 30.14 Downloading importlib_metadata-8.9.0-py3-none-any.whl (27 kB)
#11 30.15 Downloading kombu-5.6.2-py3-none-any.whl (214 kB)
#11 30.16 Downloading vine-5.1.0-py3-none-any.whl (9.6 kB)
#11 30.17 Downloading magic_filter-1.0.12-py3-none-any.whl (11 kB)
#11 30.18 Downloading markupsafe-3.0.3-cp312-cp312-manylinux2014_x86_64.manylinux_2_17_x86_64.manylinux_2_28_x86_64.whl (22 kB)
#11 30.19 Downloading multidict-6.7.1-cp312-cp312-manylinux2014_x86_64.manylinux_2_17_x86_64.manylinux_2_28_x86_64.whl (256 kB)
#11 30.20 Downloading multimethod-1.10-py3-none-any.whl (9.9 kB)
#11 30.21 Downloading multitasking-0.0.13-py3-none-any.whl (16 kB)
#11 30.22 Downloading opentelemetry_api-1.43.0-py3-none-any.whl (61 kB)
#11 30.22 Downloading opentelemetry_sdk-1.43.0-py3-none-any.whl (178 kB)
#11 30.23 Downloading opentelemetry_semantic_conventions-0.64b0-py3-none-any.whl (203 kB)
#11 30.24 Downloading packaging-24.2-py3-none-any.whl (65 kB)
#11 30.25 Downloading peewee-4.2.3-py3-none-any.whl (173 kB)
#11 30.26 Downloading platformdirs-4.10.0-py3-none-any.whl (22 kB)
#11 30.27 Downloading protobuf-5.29.6-cp38-abi3-manylinux2014_x86_64.whl (320 kB)
#11 30.28 Downloading pyasn1-0.4.8-py2.py3-none-any.whl (77 kB)
#11 30.29 Downloading python_dateutil-2.9.0.post0-py2.py3-none-any.whl (229 kB)
#11 30.30 Downloading pytimeparse-1.1.8-py2.py3-none-any.whl (10.0 kB)
#11 30.31 Downloading pytz-2026.2-py2.py3-none-any.whl (510 kB)
#11 30.32 Downloading pyyaml-6.0.3-cp312-cp312-manylinux2014_x86_64.manylinux_2_17_x86_64.manylinux_2_28_x86_64.whl (807 kB)
#11 30.33    ━━━━━━━━━━━━━━━━━━━━━━━━━━━━━━━━━━━━━━━ 807.9/807.9 kB 209.4 MB/s eta 0:00:00
#11 30.33 Downloading requests-2.34.2-py3-none-any.whl (73 kB)
#11 30.34 Downloading idna-3.18-py3-none-any.whl (65 kB)
#11 30.35 Downloading rsa-4.9.1-py3-none-any.whl (34 kB)
#11 30.37 Downloading scipy-1.18.0-cp312-cp312-manylinux_2_27_x86_64.manylinux_2_28_x86_64.whl (35.3 MB)
#11 30.50    ━━━━━━━━━━━━━━━━━━━━━━━━━━━━━━━━━━━━━━━━ 35.3/35.3 MB 269.1 MB/s eta 0:00:00
#11 30.51 Downloading six-1.17.0-py2.py3-none-any.whl (11 kB)
#11 30.51 Downloading sqlparse-0.5.5-py3-none-any.whl (46 kB)
#11 30.52 Downloading starlette-0.41.3-py3-none-any.whl (73 kB)
#11 30.53 Downloading anyio-4.14.2-py3-none-any.whl (125 kB)
#11 30.54 Downloading threadpoolctl-3.6.0-py3-none-any.whl (18 kB)
#11 30.55 Downloading typing_extensions-4.16.0-py3-none-any.whl (45 kB)
#11 30.56 Downloading typing_inspect-0.9.0-py3-none-any.whl (8.8 kB)
#11 30.57 Downloading tzdata-2026.3-py2.py3-none-any.whl (348 kB)
#11 30.57 Downloading tzlocal-5.4.4-py3-none-any.whl (18 kB)
#11 30.58 Downloading watchfiles-1.2.0-cp312-cp312-manylinux_2_17_x86_64.manylinux2014_x86_64.whl (456 kB)
#11 30.59 Downloading yarl-1.24.2-cp312-cp312-manylinux2014_x86_64.manylinux_2_17_x86_64.manylinux_2_28_x86_64.whl (105 kB)
#11 30.60 Downloading colorlog-6.10.1-py3-none-any.whl (11 kB)
#11 30.61 Downloading filelock-3.29.7-py3-none-any.whl (46 kB)
#11 30.62 Downloading fsspec-2026.6.0-py3-none-any.whl (203 kB)
#11 30.63 Downloading mako-1.3.12-py3-none-any.whl (78 kB)
#11 30.64 Downloading networkx-3.6.1-py3-none-any.whl (2.1 MB)
#11 30.65    ━━━━━━━━━━━━━━━━━━━━━━━━━━━━━━━━━━━━━━━━ 2.1/2.1 MB 160.3 MB/s eta 0:00:00
#11 30.66 Downloading rich-15.0.0-py3-none-any.whl (310 kB)
#11 30.67 Downloading setuptools-83.0.0-py3-none-any.whl (1.0 MB)
#11 30.68    ━━━━━━━━━━━━━━━━━━━━━━━━━━━━━━━━━━━━━━━━ 1.0/1.0 MB 175.4 MB/s eta 0:00:00
#11 30.69 Downloading tqdm-4.68.4-py3-none-any.whl (676 kB)
#11 30.70    ━━━━━━━━━━━━━━━━━━━━━━━━━━━━━━━━━━━━━━━ 676.6/676.6 kB 144.8 MB/s eta 0:00:00
#11 30.70 Downloading typeguard-4.5.2-py3-none-any.whl (36 kB)
#11 30.71 Downloading webencodings-0.5.1-py2.py3-none-any.whl (11 kB)
#11 30.72 Downloading wrapt-2.2.2-cp312-cp312-manylinux1_x86_64.manylinux_2_28_x86_64.manylinux_2_5_x86_64.whl (169 kB)
#11 30.73 Downloading amqp-5.3.1-py3-none-any.whl (50 kB)
#11 30.74 Downloading charset_normalizer-3.4.9-cp312-cp312-manylinux2014_x86_64.manylinux_2_17_x86_64.manylinux_2_28_x86_64.whl (224 kB)
#11 30.75 Downloading gitdb-4.0.12-py3-none-any.whl (62 kB)
#11 30.76 Downloading google_auth-2.56.0-py3-none-any.whl (257 kB)
#11 30.77 Downloading markdown_it_py-4.2.0-py3-none-any.whl (91 kB)
#11 30.79 Downloading mpmath-1.3.0-py3-none-any.whl (536 kB)
#11 30.79    ━━━━━━━━━━━━━━━━━━━━━━━━━━━━━━━━━━━━━━━ 536.2/536.2 kB 478.0 MB/s eta 0:00:00
#11 30.80 Downloading mypy_extensions-1.1.0-py3-none-any.whl (5.0 kB)
#11 30.81 Downloading prompt_toolkit-3.0.52-py3-none-any.whl (391 kB)
#11 30.82 Downloading propcache-0.5.2-cp312-cp312-manylinux2014_x86_64.manylinux_2_17_x86_64.manylinux_2_28_x86_64.whl (61 kB)
#11 30.83 Downloading pygments-2.20.0-py3-none-any.whl (1.2 MB)
#11 30.83    ━━━━━━━━━━━━━━━━━━━━━━━━━━━━━━━━━━━━━━━━ 1.2/1.2 MB 732.7 MB/s eta 0:00:00
#11 30.84 Downloading soupsieve-2.8.4-py3-none-any.whl (37 kB)
#11 30.85 Downloading urllib3-2.7.0-py3-none-any.whl (131 kB)
#11 30.86 Downloading zipp-4.1.0-py3-none-any.whl (10 kB)
#11 30.86 Downloading pycparser-3.0-py3-none-any.whl (48 kB)
#11 30.87 Downloading mdurl-0.1.2-py3-none-any.whl (10.0 kB)
#11 30.88 Downloading pyasn1_modules-0.4.1-py3-none-any.whl (181 kB)
#11 30.89 Downloading smmap-5.0.3-py3-none-any.whl (24 kB)
#11 30.90 Downloading wcwidth-0.8.2-py3-none-any.whl (323 kB)
#11 34.78 Building wheels for collected packages: oandapyV20, TA-Lib, sgmllib3k
#11 34.78   Building wheel for oandapyV20 (pyproject.toml): started
#11 35.38   Building wheel for oandapyV20 (pyproject.toml): finished with status 'done'
#11 35.38   Created wheel for oandapyV20: filename=oandapyv20-0.7.2-py3-none-any.whl size=69855 sha256=b15d5eaffbdceda3a33eb1a1a74badcdeb0583937fd65272e8deac5c9b8d8603
#11 35.38   Stored in directory: /tmp/pip-ephem-wheel-cache-ndn08t6s/wheels/52/60/64/15a6efd4a4408bbaf15e799879a817647c8cac5444e351a525
#11 35.39   Building wheel for TA-Lib (pyproject.toml): started
#11 86.13   Building wheel for TA-Lib (pyproject.toml): finished with status 'done'
#11 86.14   Created wheel for TA-Lib: filename=ta_lib-0.4.32-cp312-cp312-linux_x86_64.whl size=5314488 sha256=0d736ba0e99242151883cc357e4c8461585d4724698ec0c9606e9e0f3c32c0db
#11 86.14   Stored in directory: /tmp/pip-ephem-wheel-cache-ndn08t6s/wheels/c8/9b/85/3c2fa7c468bf36799a42995e2b202cb37bea58cdfe1b4602fb
#11 86.14   Building wheel for sgmllib3k (pyproject.toml): started
#11 86.74   Building wheel for sgmllib3k (pyproject.toml): finished with status 'done'
#11 86.74   Created wheel for sgmllib3k: filename=sgmllib3k-1.0.0-py3-none-any.whl size=6089 sha256=952d65a94ced017aa7cf9bae9c5206eed16f0dfdaeae48e46f83f5f9a0a87d75
#11 86.74   Stored in directory: /tmp/pip-ephem-wheel-cache-ndn08t6s/wheels/03/f5/1a/23761066dac1d0e8e683e5fdb27e12de53209d05a4a37e6246
#11 86.75 Successfully built oandapyV20 TA-Lib sgmllib3k
#11 87.08 Installing collected packages: webencodings, sgmllib3k, pytz, pytimeparse, pyasn1, peewee, passlib, oandapyV20, multitasking, mpmath, zipp, wrapt, websockets, wcwidth, vine, uvloop, urllib3, tzlocal, tzdata, typing-extensions, tqdm, threadpoolctl, TA-Lib, sympy, structlog, sqlparse, soupsieve, smmap, six, setuptools, scipy, rsa, redis, PyYAML, python-multipart, python-dotenv, pygments, pycparser, pyasn1-modules, psycopg2-binary, psutil, protobuf, propcache, prometheus-client, platformdirs, packaging, orjson, nvidia-nvtx-cu12, nvidia-nvjitlink-cu12, nvidia-nccl-cu12, nvidia-curand-cu12, nvidia-cufft-cu12, nvidia-cuda-runtime-cu12, nvidia-cuda-nvrtc-cu12, nvidia-cuda-cupti-cu12, nvidia-cublas-cu12, networkx, mypy-extensions, multimethod, multidict, mdurl, MarkupSafe, magic-filter, joblib, idna, httptools, hiredis, h11, greenlet, fsspec, frozenlist, filelock, feedparser, colorlog, cloudpickle, click, charset_normalizer, certifi, cachetools, bleach, billiard, bcrypt, attrs, asyncpg, annotated-types, aiohappyeyeballs, aiofiles, yarl, xgboost, uvicorn, typing-inspect, typeguard, triton, sqlalchemy, scikit-learn, requests, python-dateutil, pydantic-core, prompt-toolkit, opentelemetry-api, nvidia-cusparse-cu12, nvidia-cudnn-cu12, markdown-it-py, Mako, lightgbm, jinja2, importlib-metadata, httpcore, gitdb, ecdsa, click-plugins, click-didyoumean, cffi, beautifulsoup4, apscheduler, anyio, amqp, aiosignal, watchfiles, twelvedata, starlette, rich, python-jose, pydantic, pandas, opentelemetry-semantic-conventions, nvidia-cusolver-cu12, kombu, httpx, gitpython, cryptography, click-repl, alembic, aiohttp, torch, pydantic-settings, prometheus-fastapi-instrumentator, pandera, optuna, opentelemetry-sdk, google-auth, fastapi, curl_cffi, celery, aiogram, yfinance, databricks-sdk, mlflow-skinny
#11 144.1 Successfully installed Mako-1.3.12 MarkupSafe-3.0.3 PyYAML-6.0.3 TA-Lib-0.4.32 aiofiles-24.1.0 aiogram-3.15.0 aiohappyeyeballs-2.7.1 aiohttp-3.10.11 aiosignal-1.4.0 alembic-1.14.1 amqp-5.3.1 annotated-types-0.7.0 anyio-4.14.2 apscheduler-3.10.4 asyncpg-0.30.0 attrs-26.1.0 bcrypt-4.0.1 beautifulsoup4-4.15.0 billiard-4.2.4 bleach-6.2.0 cachetools-5.5.2 celery-5.4.0 certifi-2026.6.17 cffi-2.1.0 charset_normalizer-3.4.9 click-8.4.2 click-didyoumean-0.3.1 click-plugins-1.1.1.2 click-repl-0.3.0 cloudpickle-3.1.2 colorlog-6.10.1 cryptography-49.0.0 curl_cffi-0.15.0 databricks-sdk-0.120.0 ecdsa-0.19.2 fastapi-0.115.6 feedparser-6.0.11 filelock-3.29.7 frozenlist-1.8.0 fsspec-2026.6.0 gitdb-4.0.12 gitpython-3.1.51 google-auth-2.56.0 greenlet-3.5.3 h11-0.16.0 hiredis-3.4.0 httpcore-1.0.9 httptools-0.8.0 httpx-0.28.1 idna-3.18 importlib-metadata-8.9.0 jinja2-3.1.6 joblib-1.4.2 kombu-5.6.2 lightgbm-4.5.0 magic-filter-1.0.12 markdown-it-py-4.2.0 mdurl-0.1.2 mlflow-skinny-2.17.2 mpmath-1.3.0 multidict-6.7.1 multimethod-1.10 multitasking-0.0.13 mypy-extensions-1.1.0 networkx-3.6.1 nvidia-cublas-cu12-12.4.5.8 nvidia-cuda-cupti-cu12-12.4.127 nvidia-cuda-nvrtc-cu12-12.4.127 nvidia-cuda-runtime-cu12-12.4.127 nvidia-cudnn-cu12-9.1.0.70 nvidia-cufft-cu12-11.2.1.3 nvidia-curand-cu12-10.3.5.147 nvidia-cusolver-cu12-11.6.1.9 nvidia-cusparse-cu12-12.3.1.170 nvidia-nccl-cu12-2.21.5 nvidia-nvjitlink-cu12-12.4.127 nvidia-nvtx-cu12-12.4.127 oandapyV20-0.7.2 opentelemetry-api-1.43.0 opentelemetry-sdk-1.43.0 opentelemetry-semantic-conventions-0.64b0 optuna-4.1.0 orjson-3.11.6 packaging-24.2 pandas-2.2.3 pandera-0.20.4 passlib-1.7.4 peewee-4.2.3 platformdirs-4.10.0 prometheus-client-0.21.1 prometheus-fastapi-instrumentator-7.0.2 prompt-toolkit-3.0.52 propcache-0.5.2 protobuf-5.29.6 psutil-6.1.1 psycopg2-binary-2.9.10 pyasn1-0.4.8 pyasn1-modules-0.4.1 pycparser-3.0 pydantic-2.9.2 pydantic-core-2.23.4 pydantic-settings-2.6.1 pygments-2.20.0 python-dateutil-2.9.0.post0 python-dotenv-1.2.2 python-jose-3.4.0 python-multipart-0.0.27 pytimeparse-1.1.8 pytz-2026.2 redis-5.2.1 requests-2.34.2 rich-15.0.0 rsa-4.9.1 scikit-learn-1.6.0 scipy-1.18.0 setuptools-83.0.0 sgmllib3k-1.0.0 six-1.17.0 smmap-5.0.3 soupsieve-2.8.4 sqlalchemy-2.0.36 sqlparse-0.5.5 starlette-0.41.3 structlog-24.4.0 sympy-1.13.1 threadpoolctl-3.6.0 torch-2.5.1 tqdm-4.68.4 triton-3.1.0 twelvedata-1.2.28 typeguard-4.5.2 typing-extensions-4.16.0 typing-inspect-0.9.0 tzdata-2026.3 tzlocal-5.4.4 urllib3-2.7.0 uvicorn-0.34.0 uvloop-0.21.0 vine-5.1.0 watchfiles-1.2.0 wcwidth-0.8.2 webencodings-0.5.1 websockets-14.1 wrapt-2.2.2 xgboost-2.1.3 yarl-1.24.2 yfinance-1.4.1 zipp-4.1.0
#11 144.1 WARNING: Running pip as the 'root' user can result in broken permissions and conflicting behaviour with the system package manager, possibly rendering your system unusable. It is recommended to use a virtual environment instead: https://pip.pypa.io/warnings/venv. Use the --root-user-action option if you know what you are doing and want to suppress this warning.
#11 144.2 
#11 144.2 [notice] A new release of pip is available: 25.0.1 -> 26.1.2
#11 144.2 [notice] To update, run: pip install --upgrade pip
#11 DONE 145.9s

#12 [ 8/15] RUN pip install --no-cache-dir cython setuptools wheel &&     pip install --no-cache-dir --no-binary TA-Lib --no-build-isolation --no-deps --force-reinstall TA-Lib==0.4.32
#12 1.979 Collecting cython
#12 2.006   Downloading cython-3.2.8-cp312-cp312-manylinux2014_x86_64.manylinux_2_17_x86_64.manylinux_2_28_x86_64.whl.metadata (4.2 kB)
#12 2.008 Requirement already satisfied: setuptools in /usr/local/lib/python3.12/site-packages (83.0.0)
#12 2.021 Collecting wheel
#12 2.029   Downloading wheel-0.47.0-py3-none-any.whl.metadata (2.3 kB)
#12 2.034 Requirement already satisfied: packaging>=24.0 in /usr/local/lib/python3.12/site-packages (from wheel) (24.2)
#12 2.042 Downloading cython-3.2.8-cp312-cp312-manylinux2014_x86_64.manylinux_2_17_x86_64.manylinux_2_28_x86_64.whl (3.4 MB)
#12 2.081    ━━━━━━━━━━━━━━━━━━━━━━━━━━━━━━━━━━━━━━━━ 3.4/3.4 MB 162.4 MB/s eta 0:00:00
#12 2.090 Downloading wheel-0.47.0-py3-none-any.whl (32 kB)
#12 2.297 Installing collected packages: wheel, cython
#12 2.907 Successfully installed cython-3.2.8 wheel-0.47.0
#12 2.908 WARNING: Running pip as the 'root' user can result in broken permissions and conflicting behaviour with the system package manager, possibly rendering your system unusable. It is recommended to use a virtual environment instead: https://pip.pypa.io/warnings/venv. Use the --root-user-action option if you know what you are doing and want to suppress this warning.
#12 2.989 
#12 2.989 [notice] A new release of pip is available: 25.0.1 -> 26.1.2
#12 2.989 [notice] To update, run: pip install --upgrade pip
#12 4.089 Collecting TA-Lib==0.4.32
#12 4.116   Downloading TA-Lib-0.4.32.tar.gz (368 kB)
#12 4.161   Preparing metadata (pyproject.toml): started
#12 4.833   Preparing metadata (pyproject.toml): finished with status 'done'
#12 4.835 Building wheels for collected packages: TA-Lib
#12 4.836   Building wheel for TA-Lib (pyproject.toml): started
#12 47.15   Building wheel for TA-Lib (pyproject.toml): finished with status 'done'
#12 47.16   Created wheel for TA-Lib: filename=ta_lib-0.4.32-cp312-cp312-linux_x86_64.whl size=2870384 sha256=a6df2c5d62feb152d681c25c26b0460a559d4502537e2ae64075d41e56f74370
#12 47.16   Stored in directory: /tmp/pip-ephem-wheel-cache-4xyhyvw0/wheels/c8/9b/85/3c2fa7c468bf36799a42995e2b202cb37bea58cdfe1b4602fb
#12 47.16 Successfully built TA-Lib
#12 47.16 Installing collected packages: TA-Lib
#12 47.16   Attempting uninstall: TA-Lib
#12 47.16     Found existing installation: TA-Lib 0.4.32
#12 47.17     Uninstalling TA-Lib-0.4.32:
#12 47.25       Successfully uninstalled TA-Lib-0.4.32
#12 47.32 Successfully installed TA-Lib-0.4.32
#12 47.32 WARNING: Running pip as the 'root' user can result in broken permissions and conflicting behaviour with the system package manager, possibly rendering your system unusable. It is recommended to use a virtual environment instead: https://pip.pypa.io/warnings/venv. Use the --root-user-action option if you know what you are doing and want to suppress this warning.
#12 47.40 
#12 47.40 [notice] A new release of pip is available: 25.0.1 -> 26.1.2
#12 47.40 [notice] To update, run: pip install --upgrade pip
#12 DONE 47.5s

#13 [ 9/15] RUN pip install --no-cache-dir "numpy==2.2.6" &&     python -c "import numpy,pandas,talib; print('numpy',numpy.__version__,'pandas',pandas.__version__,'talib',talib.__version__)" &&     python -m pip check
#13 1.187 Requirement already satisfied: numpy==2.2.6 in /usr/local/lib/python3.12/site-packages (2.2.6)
#13 1.319 WARNING: Running pip as the 'root' user can result in broken permissions and conflicting behaviour with the system package manager, possibly rendering your system unusable. It is recommended to use a virtual environment instead: https://pip.pypa.io/warnings/venv. Use the --root-user-action option if you know what you are doing and want to suppress this warning.
#13 1.397 
#13 1.397 [notice] A new release of pip is available: 25.0.1 -> 26.1.2
#13 1.397 [notice] To update, run: pip install --upgrade pip
#13 2.200 numpy 2.2.6 pandas 2.2.3 talib 0.4.32
#13 3.191 No broken requirements found.
#13 DONE 3.3s

#14 [10/15] COPY src/ ./src/
#14 DONE 0.1s

#15 [11/15] COPY alembic/ ./alembic/
#15 DONE 0.1s

#16 [12/15] COPY alembic/alembic.ini ./alembic.ini
#16 DONE 0.0s

#17 [13/15] COPY scripts/ ./scripts/
#17 DONE 0.0s

#18 [14/15] COPY run_*.py ./
#18 DONE 0.0s

#19 [15/15] RUN mkdir -p /app/logs /app/ml_models
#19 DONE 0.2s

#20 exporting to image
#20 exporting layers
#20 exporting layers 323.2s done
#20 exporting manifest sha256:3d9c503c9e857e3aa6ab47fd96dc0978a98504a36b7ca3f1f4a54d4e650dc7a9 done
#20 exporting config sha256:c050e6152779927fb1b2ca1cbe2d0a14e2e4ca65d8e71bf50bd1d4ce81bac419 done
#20 exporting attestation manifest sha256:719a8966bc038ba1a751cf51bcb70c121a37ed0784d0229c387e66b7542a5681 0.0s done
#20 exporting manifest list sha256:cc19127436c9f67bc5304a890ed6231feed212aa9f1eec9b7094abe2d0437833 done
#20 naming to docker.io/library/prochart-api:qa-deps-20260714 done
#20 unpacking to docker.io/library/prochart-api:qa-deps-20260714
#20 unpacking to docker.io/library/prochart-api:qa-deps-20260714 34.5s done
#20 DONE 357.8s
