#0 building with "default" instance using docker driver

#1 [internal] load build definition from Dockerfile
#1 transferring dockerfile: 1.30kB done
#1 DONE 0.0s

#2 [internal] load metadata for docker.io/library/python:3.13.14-slim@sha256:bffeb7bd6a85767587059c6ba23e1e9122078e3aa3fa836099171b9bb5a9bb00
#2 DONE 0.0s

#3 [internal] load .dockerignore
#3 transferring context: 480B done
#3 DONE 0.0s

#4 [ 1/11] FROM docker.io/library/python:3.13.14-slim@sha256:bffeb7bd6a85767587059c6ba23e1e9122078e3aa3fa836099171b9bb5a9bb00
#4 resolve docker.io/library/python:3.13.14-slim@sha256:bffeb7bd6a85767587059c6ba23e1e9122078e3aa3fa836099171b9bb5a9bb00 0.0s done
#4 DONE 0.0s

#5 [internal] load build context
#5 transferring context: 446.92kB 0.0s done
#5 DONE 0.0s

#6 [ 2/11] RUN apt-get update && apt-get install -y --no-install-recommends     libgomp1     && rm -rf /var/lib/apt/lists/*
#6 CACHED

#7 [ 3/11] WORKDIR /app
#7 CACHED

#8 [ 4/11] COPY requirements.txt .
#8 CACHED

#9 [ 5/11] RUN python -m pip install --no-cache-dir -r requirements.txt &&     python -c "import fastapi,lightgbm,numpy,pandas,talib,xgboost; print('fastapi',fastapi.__version__,'numpy',numpy.__version__,'pandas',pandas.__version__,'talib',talib.__version__,'lightgbm',lightgbm.__version__,'xgboost',xgboost.__version__)" &&     python -m pip check
#9 CACHED

#10 [ 6/11] COPY src/ ./src/
#10 DONE 0.1s

#11 [ 7/11] COPY alembic/ ./alembic/
#11 DONE 0.1s

#12 [ 8/11] COPY alembic/alembic.ini ./alembic.ini
#12 DONE 0.0s

#13 [ 9/11] COPY scripts/ ./scripts/
#13 DONE 0.0s

#14 [10/11] COPY run_*.py ./
#14 DONE 0.0s

#15 [11/11] RUN mkdir -p /app/logs /app/ml_models &&     chown -R 1000:1000 /app/logs /app/ml_models
#15 DONE 0.2s

#16 exporting to image
#16 exporting layers
#16 exporting layers 0.2s done
#16 exporting manifest sha256:0e9ea61c0396cbb1ccac868d94f7ad68054e8c8ae03c21292537cb43403c5f90 done
#16 exporting config sha256:4199209d3661875ba0b2c29cec1a8d47b02e22a40609cbcf51c657d747795df0 done
#16 exporting attestation manifest sha256:89882323088d45d0f3b6c255a1d6a8f88c81c108176dfa4ac3471deb5ce5d421 0.0s done
#16 exporting manifest list sha256:23f49262ce660e6ad405ae72cd96037aa4d70e75a085163143dc07d98646223e done
#16 naming to docker.io/library/prochart-api:qa-referral-20260715T035617Z done
#16 unpacking to docker.io/library/prochart-api:qa-referral-20260715T035617Z 0.1s done
#16 DONE 0.4s
