#0 building with "default" instance using docker driver

#1 [internal] load build definition from Dockerfile
#1 transferring dockerfile: 837B done
#1 DONE 0.0s

#2 [internal] load metadata for docker.io/library/nginx:1.27-alpine@sha256:65645c7bb6a0661892a8b03b89d0743208a18dd2f3f17a54ef4b76fb8e2f2a10
#2 DONE 0.0s

#3 [internal] load metadata for docker.io/library/node:22-alpine@sha256:16e22a550f3863206a3f701448c45f7912c6896a62de43add43bb9c86130c3e2
#3 DONE 0.0s

#4 [internal] load .dockerignore
#4 transferring context: 110B done
#4 DONE 0.0s

#5 [production 1/5] FROM docker.io/library/nginx:1.27-alpine@sha256:65645c7bb6a0661892a8b03b89d0743208a18dd2f3f17a54ef4b76fb8e2f2a10
#5 resolve docker.io/library/nginx:1.27-alpine@sha256:65645c7bb6a0661892a8b03b89d0743208a18dd2f3f17a54ef4b76fb8e2f2a10 0.0s done
#5 DONE 0.0s

#6 [builder 1/6] FROM docker.io/library/node:22-alpine@sha256:16e22a550f3863206a3f701448c45f7912c6896a62de43add43bb9c86130c3e2
#6 resolve docker.io/library/node:22-alpine@sha256:16e22a550f3863206a3f701448c45f7912c6896a62de43add43bb9c86130c3e2 0.0s done
#6 DONE 0.0s

#7 [internal] load build context
#7 transferring context: 876.15kB 0.1s done
#7 DONE 0.1s

#8 [builder 3/6] COPY package.json package-lock.json* ./
#8 CACHED

#9 [builder 2/6] WORKDIR /app
#9 CACHED

#10 [builder 4/6] RUN npm ci --legacy-peer-deps
#10 CACHED

#11 [builder 5/6] COPY . .
#11 DONE 0.3s

#12 [builder 6/6] RUN npm run build
#12 0.450 
#12 0.450 > coinepro-academy@1.0.0 build
#12 0.450 > node copy-crypto-icons.mjs && vite build
#12 0.450 
#12 0.972 [crypto-icons] copied 483 coin logos → public/crypto-icons/
#12 1.927 vite v6.4.3 building for production...
#12 2.613 transforming...
#12 14.50 ✓ 1786 modules transformed.
#12 15.53 rendering chunks...
#12 15.57 computing gzip size...
#12 15.72 dist/index.html                       5.59 kB │ gzip:   1.64 kB
#12 15.72 dist/assets/bn-logo-Cylz0xjn.png     77.96 kB
#12 15.72 dist/assets/index-BDC3pT6H.css       79.85 kB │ gzip:  15.55 kB
#12 15.72 dist/assets/index-Cv9sgCx6.js     2,399.78 kB │ gzip: 727.17 kB
#12 15.72 
#12 15.72 (!) Some chunks are larger than 500 kB after minification. Consider:
#12 15.72 - Using dynamic import() to code-split the application
#12 15.72 - Use build.rollupOptions.output.manualChunks to improve chunking: https://rollupjs.org/configuration-options/#output-manualchunks
#12 15.72 - Adjust chunk size limit for this warning via build.chunkSizeWarningLimit.
#12 15.72 ✓ built in 13.76s
#12 DONE 16.0s

#13 [production 2/5] RUN rm -rf /usr/share/nginx/html/*
#13 CACHED

#14 [production 3/5] COPY --from=builder /app/dist /usr/share/nginx/html
#14 DONE 0.1s

#15 [production 4/5] COPY nginx.conf /etc/nginx/conf.d/default.conf
#15 DONE 0.0s

#16 [production 5/5] COPY security-headers.conf /etc/nginx/prochart-security-headers.conf
#16 DONE 0.0s

#17 exporting to image
#17 exporting layers
#17 exporting layers 0.4s done
#17 exporting manifest sha256:048ea14530ab7756798f58e9176530f2fa994eaf4e971ae1b126dea7c7e9bcca 0.0s done
#17 exporting config sha256:fe6c452d0b308efb6fb87c25f0e24c2f17bf515a90ed2d45fb4e69b9cc5a87b5 done
#17 exporting attestation manifest sha256:a21f32d1a3a2d8f21e98dbe511c79d02e526fa330eef916b5f7dd1597efdd69f 0.0s done
#17 exporting manifest list sha256:d660b16159b82401e6bb3060de05c8798582f46e4db0e0103edcc46b7c92a536 done
#17 naming to docker.io/library/prochart-frontend-prochart:qa-referral-20260715T035617Z done
#17 unpacking to docker.io/library/prochart-frontend-prochart:qa-referral-20260715T035617Z
#17 unpacking to docker.io/library/prochart-frontend-prochart:qa-referral-20260715T035617Z 0.2s done
#17 DONE 0.6s
