#0 building with "default" instance using docker driver

#1 [internal] load build definition from Dockerfile
#1 transferring dockerfile: 529B done
#1 DONE 0.0s

#2 [internal] load metadata for docker.io/library/node:22-alpine@sha256:16e22a550f3863206a3f701448c45f7912c6896a62de43add43bb9c86130c3e2
#2 DONE 0.0s

#3 [internal] load metadata for docker.io/library/nginx:1.27-alpine@sha256:65645c7bb6a0661892a8b03b89d0743208a18dd2f3f17a54ef4b76fb8e2f2a10
#3 DONE 0.0s

#4 [internal] load .dockerignore
#4 transferring context:
#4 transferring context: 88B done
#4 DONE 0.0s

#5 [builder 1/6] FROM docker.io/library/node:22-alpine@sha256:16e22a550f3863206a3f701448c45f7912c6896a62de43add43bb9c86130c3e2
#5 resolve docker.io/library/node:22-alpine@sha256:16e22a550f3863206a3f701448c45f7912c6896a62de43add43bb9c86130c3e2 0.0s done
#5 DONE 0.0s

#6 [production 1/4] FROM docker.io/library/nginx:1.27-alpine@sha256:65645c7bb6a0661892a8b03b89d0743208a18dd2f3f17a54ef4b76fb8e2f2a10
#6 resolve docker.io/library/nginx:1.27-alpine@sha256:65645c7bb6a0661892a8b03b89d0743208a18dd2f3f17a54ef4b76fb8e2f2a10 0.0s done
#6 DONE 0.1s

#7 [internal] load build context
#7 transferring context: 776.29kB 0.0s done
#7 DONE 0.1s

#8 [builder 2/6] WORKDIR /app
#8 CACHED

#9 [builder 3/6] COPY package.json package-lock.json ./
#9 DONE 0.0s

#10 [builder 4/6] RUN npm ci --legacy-peer-deps
#10 2.508 npm warn deprecated recharts@2.15.4: 1.x and 2.x branches are no longer active. Bump to Recharts v3 to receive latest features and bugfixes. See https://github.com/recharts/recharts/wiki/3.0-migration-guide
#10 3.934 
#10 3.934 added 198 packages, and audited 199 packages in 3s
#10 3.934 
#10 3.934 32 packages are looking for funding
#10 3.934   run `npm fund` for details
#10 3.935 
#10 3.935 found 0 vulnerabilities
#10 3.937 npm notice
#10 3.937 npm notice New major version of npm available! 10.9.8 -> 12.0.1
#10 3.937 npm notice Changelog: https://github.com/npm/cli/releases/tag/v12.0.1
#10 3.937 npm notice To update run: npm install -g npm@12.0.1
#10 3.937 npm notice
#10 DONE 4.5s

#11 [builder 5/6] COPY . .
#11 DONE 0.2s

#12 [builder 6/6] RUN npm run build
#12 0.452 
#12 0.452 > bazaarnama-user@1.0.0 build
#12 0.452 > vite build
#12 0.452 
#12 0.845 vite v6.4.3 building for production...
#12 1.188 transforming...
#12 3.355 ✓ 1699 modules transformed.
#12 3.639 rendering chunks...
#12 3.653 computing gzip size...
#12 3.680 dist/index.html                   0.74 kB │ gzip:   0.49 kB
#12 3.680 dist/assets/index-kbvbtmqk.css   25.05 kB │ gzip:   5.57 kB
#12 3.680 dist/assets/index-Dw716ehn.js   411.80 kB │ gzip: 119.40 kB
#12 3.680 ✓ built in 2.81s
#12 DONE 3.9s

#13 [production 2/4] RUN rm -rf /usr/share/nginx/html/*
#13 CACHED

#14 [production 3/4] COPY --from=builder /app/dist /usr/share/nginx/html
#14 DONE 0.0s

#15 [production 4/4] COPY nginx.conf /etc/nginx/conf.d/default.conf
#15 DONE 0.0s

#16 exporting to image
#16 exporting layers 0.1s done
#16 exporting manifest sha256:b2884f8c877180b5b7eda5e9576871efa333b1ffa579a136daea747a5752388a done
#16 exporting config sha256:e58d6faeb13e2f5ceeb3abb7bb8fdd1a8f15536715118df3d2c81e3496b845dc done
#16 exporting attestation manifest sha256:12a93bd7270f90a00706b415599812dea1d8f4575d31d986960924ae6631f54e 0.0s done
#16 exporting manifest list sha256:88cb39acf58e5ad73d589f6dc16db619dd2ca4e11ce0c09eacfca17105733cc6 done
#16 naming to docker.io/library/prochart-user:qa-referral-20260715T035617Z done
#16 unpacking to docker.io/library/prochart-user:qa-referral-20260715T035617Z 0.1s done
#16 DONE 0.3s
