#0 building with "default" instance using docker driver

#1 [internal] load build definition from Dockerfile
#1 transferring dockerfile: 796B done
#1 DONE 0.0s

#2 [internal] load metadata for docker.io/library/nginx:1.27-alpine
#2 DONE 0.0s

#3 [internal] load metadata for docker.io/library/node:20-alpine
#3 DONE 0.7s

#4 [internal] load .dockerignore
#4 transferring context: 2B done
#4 DONE 0.0s

#5 [builder 1/6] FROM docker.io/library/node:20-alpine@sha256:fb4cd12c85ee03686f6af5362a0b0d56d50c58a04632e6c0fb8363f609372293
#5 resolve docker.io/library/node:20-alpine@sha256:fb4cd12c85ee03686f6af5362a0b0d56d50c58a04632e6c0fb8363f609372293 0.0s done
#5 DONE 0.0s

#6 [production 1/5] FROM docker.io/library/nginx:1.27-alpine@sha256:65645c7bb6a0661892a8b03b89d0743208a18dd2f3f17a54ef4b76fb8e2f2a10
#6 resolve docker.io/library/nginx:1.27-alpine@sha256:65645c7bb6a0661892a8b03b89d0743208a18dd2f3f17a54ef4b76fb8e2f2a10 0.0s done
#6 DONE 0.0s

#7 [internal] load build context
#7 transferring context: 2.44MB 1.1s done
#7 DONE 1.3s

#8 [builder 2/6] WORKDIR /app
#8 CACHED

#9 [builder 3/6] COPY package.json package-lock.json* ./
#9 CACHED

#10 [builder 4/6] RUN npm install --legacy-peer-deps
#10 CACHED

#11 [builder 5/6] COPY . .
#11 DONE 16.6s

#12 [builder 6/6] RUN npm run build
#12 1.004 
#12 1.004 > coinepro-academy@1.0.0 build
#12 1.004 > node copy-crypto-icons.mjs && vite build
#12 1.004 
#12 1.358 [crypto-icons] copied 483 coin logos → public/crypto-icons/
#12 1.888 vite v6.4.3 building for production...
#12 2.151 transforming...
#12 6.704 ✓ 1785 modules transformed.
#12 7.603 rendering chunks...
#12 7.646 computing gzip size...
#12 7.768 dist/index.html                       5.59 kB │ gzip:   1.64 kB
#12 7.768 dist/assets/bn-logo-Cylz0xjn.png     77.96 kB
#12 7.768 dist/assets/index-BDC3pT6H.css       79.85 kB │ gzip:  15.55 kB
#12 7.768 dist/assets/index-Bg4x9Xx_.js     2,133.59 kB │ gzip: 586.62 kB
#12 7.768 
#12 7.768 (!) Some chunks are larger than 500 kB after minification. Consider:
#12 7.768 - Using dynamic import() to code-split the application
#12 7.768 - Use build.rollupOptions.output.manualChunks to improve chunking: https://rollupjs.org/configuration-options/#output-manualchunks
#12 7.768 - Adjust chunk size limit for this warning via build.chunkSizeWarningLimit.
#12 7.769 ✓ built in 5.84s
#12 DONE 8.0s

#13 [production 2/5] RUN rm -rf /usr/share/nginx/html/*
#13 CACHED

#14 [production 3/5] COPY --from=builder /app/dist /usr/share/nginx/html
#14 DONE 0.1s

#15 [production 4/5] COPY nginx.conf /etc/nginx/conf.d/default.conf
#15 DONE 0.0s

#16 [production 5/5] COPY security-headers.conf /etc/nginx/prochart-security-headers.conf
#16 DONE 0.0s

#17 exporting to image
#17 exporting layers
#17 exporting layers 0.4s done
#17 exporting manifest sha256:a03ddaf340e02b86b2a893a445eefe8b1f58288ca8e41676b38d72f3f3dfdd1e done
#17 exporting config sha256:0f851981b452dd5e6d93a6b94f21a0217da5c28af51d721ce612ff78eb45a44b done
#17 exporting attestation manifest sha256:28c67e48df603508906e20380cec59652c10f745db179e29a88e55cf4af3a3f5 0.0s done
#17 exporting manifest list sha256:018cf92e3b491615a9ca8abb5ff14b1326b31a19e8873144f0d27e0a10492456 done
#17 naming to docker.io/library/prochart-frontend:qa-security-080033ae56e3-20260715T012839Z done
#17 unpacking to docker.io/library/prochart-frontend:qa-security-080033ae56e3-20260715T012839Z
#17 unpacking to docker.io/library/prochart-frontend:qa-security-080033ae56e3-20260715T012839Z 0.2s done
#17 DONE 0.6s
