./api-helper-container-id.txt: OK
./api-helper-container-inspect.json: OK
./api-helper-container.log: OK
./api-helper-identity.txt: OK
./api-helper-image-inspect.json: OK
./api-middleware-regression-attempt1-missing-pythonpath.log: OK
./api-middleware-regression.log: OK
./api-referral-middleware-regression.log: OK
./artifact-inventory.txt: OK
./asvs-mapping.txt: OK
./cleanup-summary.json: OK
./compatibility-source-evidence.txt: OK
./deployment-state-comparison.json: OK
./disposable-cleanup.log: OK
./frontend-image-inspect.json: OK
./gitleaks-attempt1-public-base-image-gpg-env-redacted.json: OK
./gitleaks-attempt1-public-base-image-gpg-env.log: OK
./gitleaks-attempt2-cleanup-field-exit-code.txt: OK
./gitleaks-attempt2-cleanup-field-redacted.json: OK
./gitleaks-attempt2-cleanup-field.log: OK
./gitleaks-exit-code.txt: OK
./gitleaks-pre-zap.json: OK
./gitleaks-pre-zap.log: OK
./gitleaks-version.txt: OK
./gitleaks.json: OK
./gitleaks.log: OK
./image-baked-fingerprints.txt: OK
./image-build.log: OK
./image-identity.txt: OK
./inspect-redaction-policy.txt: OK
./integrity-policy.txt: OK
./live-container-state-after-final.json: OK
./live-container-state-before-final.json: OK
./live-deployment-headers.txt: OK
./nginx-effective-config.log: OK
./operator-attempts.txt: OK
./playwright-attempt1-ip-canonicalization/html/data/5f2b4df11ef3926b6127b61f8051c6910c8c971e.md: OK
./playwright-attempt1-ip-canonicalization/html/data/64f73e59eee0ac0940e025ba9f590cda22b53a12.zip: OK
./playwright-attempt1-ip-canonicalization/html/data/b870bee6bfbcca2f3c21b5460a08b9a77f7f6bf2.webm: OK
./playwright-attempt1-ip-canonicalization/html/data/c2b7828940e84d98992a6676b89fa79acf9a326c.png: OK
./playwright-attempt1-ip-canonicalization/html/index.html: OK
./playwright-attempt1-ip-canonicalization/html/trace/assets/codeMirrorModule-LEHpjmcn.js: OK
./playwright-attempt1-ip-canonicalization/html/trace/assets/defaultSettingsView-BNmKHKpQ.js: OK
./playwright-attempt1-ip-canonicalization/html/trace/assets/urlMatch-BYQrIQwR.js: OK
./playwright-attempt1-ip-canonicalization/html/trace/codeMirrorModule.DYBRYzYX.css: OK
./playwright-attempt1-ip-canonicalization/html/trace/codicon.DCmgc-ay.ttf: OK
./playwright-attempt1-ip-canonicalization/html/trace/defaultSettingsView.CjdS-WJx.css: OK
./playwright-attempt1-ip-canonicalization/html/trace/index.CzXZzn5A.css: OK
./playwright-attempt1-ip-canonicalization/html/trace/index.DEBl1tfz.js: OK
./playwright-attempt1-ip-canonicalization/html/trace/index.html: OK
./playwright-attempt1-ip-canonicalization/html/trace/manifest.webmanifest: OK
./playwright-attempt1-ip-canonicalization/html/trace/playwright-logo.svg: OK
./playwright-attempt1-ip-canonicalization/html/trace/snapshot.html: OK
./playwright-attempt1-ip-canonicalization/html/trace/snapshot.v8KI4P3m.js: OK
./playwright-attempt1-ip-canonicalization/html/trace/sw.bundle.js: OK
./playwright-attempt1-ip-canonicalization/html/trace/uiMode.BZQ54Kgt.css: OK
./playwright-attempt1-ip-canonicalization/html/trace/uiMode.Ut8wwJNp.js: OK
./playwright-attempt1-ip-canonicalization/html/trace/uiMode.html: OK
./playwright-attempt1-ip-canonicalization/html/trace/xtermModule.DYP7pi_n.css: OK
./playwright-attempt1-ip-canonicalization/report.json: OK
./playwright-attempt1-ip-canonicalization/test-results/.last-run.json: OK
./playwright-attempt1-ip-canonicalization/test-results/security-headers-PC-130-ru-45a90-s-an-unlisted-script-origin-chromium-desktop/error-context.md: OK
./playwright-attempt1-ip-canonicalization/test-results/security-headers-PC-130-ru-45a90-s-an-unlisted-script-origin-chromium-desktop/test-failed-1.png: OK
./playwright-attempt1-ip-canonicalization/test-results/security-headers-PC-130-ru-45a90-s-an-unlisted-script-origin-chromium-desktop/trace.zip: OK
./playwright-attempt1-ip-canonicalization/test-results/security-headers-PC-130-ru-45a90-s-an-unlisted-script-origin-chromium-desktop/video.webm: OK
./playwright-final.log: OK
./playwright-final/html/data/9cdb2ca765ff254c210dc56a35dc7135b90fd58c.webm: OK
./playwright-final/html/data/9ce7631f0b486d6699a02bbc550cbff1e7db03a0.zip: OK
./playwright-final/html/index.html: OK
./playwright-final/html/trace/assets/codeMirrorModule-LEHpjmcn.js: OK
./playwright-final/html/trace/assets/defaultSettingsView-BNmKHKpQ.js: OK
./playwright-final/html/trace/assets/urlMatch-BYQrIQwR.js: OK
./playwright-final/html/trace/codeMirrorModule.DYBRYzYX.css: OK
./playwright-final/html/trace/codicon.DCmgc-ay.ttf: OK
./playwright-final/html/trace/defaultSettingsView.CjdS-WJx.css: OK
./playwright-final/html/trace/index.CzXZzn5A.css: OK
./playwright-final/html/trace/index.DEBl1tfz.js: OK
./playwright-final/html/trace/index.html: OK
./playwright-final/html/trace/manifest.webmanifest: OK
./playwright-final/html/trace/playwright-logo.svg: OK
./playwright-final/html/trace/snapshot.html: OK
./playwright-final/html/trace/snapshot.v8KI4P3m.js: OK
./playwright-final/html/trace/sw.bundle.js: OK
./playwright-final/html/trace/uiMode.BZQ54Kgt.css: OK
./playwright-final/html/trace/uiMode.Ut8wwJNp.js: OK
./playwright-final/html/trace/uiMode.html: OK
./playwright-final/html/trace/xtermModule.DYP7pi_n.css: OK
./playwright-final/report.json: OK
./playwright-final/test-results/.last-run.json: OK
./playwright-final/test-results/security-headers-PC-130-ru-45a90-s-an-unlisted-script-origin-chromium-desktop/trace.zip: OK
./playwright-final/test-results/security-headers-PC-130-ru-45a90-s-an-unlisted-script-origin-chromium-desktop/video.webm: OK
./playwright-summary.json: OK
./referral-access-log-assertion.txt: OK
./reproducibility-caveats.txt: OK
./run-metadata.json: OK
./runtime-container-id.txt: OK
./runtime-container-inspect.json: OK
./runtime-container.log: OK
./runtime-headers.json: OK
./runtime-headers.log: OK
./scoped-worktree-status.txt: OK
./shared-preview-state-after-final.json: OK
./shared-preview-state-before-final.json: OK
./source-fingerprints.txt: OK
./source-stability.txt: OK
./tool-versions.txt: OK
./zap-baseline.log: OK
./zap-exit-code.txt: OK
./zap-report.html: OK
./zap-report.json: OK
./zap-report.md: OK
./zap-summary.json: OK
./zap-version.txt: OK
./zap.yaml: OK
