### GET /
HTTP/2 200 
server: nginx/1.27.5
date: Wed, 15 Jul 2026 01:30:39 GMT
content-type: text/html
content-length: 5590
last-modified: Wed, 15 Jul 2026 01:29:24 GMT
etag: "6a56e274-15d6"
strict-transport-security: max-age=31536000; includeSubDomains
x-frame-options: DENY
x-content-type-options: nosniff
x-xss-protection: 0
referrer-policy: strict-origin-when-cross-origin
permissions-policy: accelerometer=(), camera=(), geolocation=(), gyroscope=(), magnetometer=(), microphone=(), payment=(), usb=(), fullscreen=(self), clipboard-write=(self)
content-security-policy: default-src 'self'; base-uri 'none'; object-src 'none'; frame-ancestors 'none'; form-action 'self'; script-src 'self' 'unsafe-eval' 'sha256-aF/iCowKFbkBQV8blW86a4NG08HFM7xzzyuKi3NeF9c=' https://telegram.org; script-src-attr 'none'; worker-src 'self' blob:; style-src 'self' 'unsafe-inline'; font-src 'self' data:; img-src 'self' data: blob: https:; media-src 'self' blob:; connect-src 'self' wss://pro-chart.ir wss://pro-chart.com; frame-src https://oauth.telegram.org; manifest-src 'self'; upgrade-insecure-requests
cache-control: no-cache, no-store, must-revalidate
accept-ranges: bytes

### GET /assets/index-Bg4x9Xx_.js
HTTP/2 200 
server: nginx/1.27.5
date: Wed, 15 Jul 2026 01:30:39 GMT
content-type: application/javascript
content-length: 2133594
last-modified: Wed, 15 Jul 2026 01:29:24 GMT
etag: "6a56e274-208e5a"
expires: Thu, 15 Jul 2027 01:30:39 GMT
cache-control: max-age=31536000
strict-transport-security: max-age=31536000; includeSubDomains
x-frame-options: DENY
x-content-type-options: nosniff
x-xss-protection: 0
referrer-policy: strict-origin-when-cross-origin
permissions-policy: accelerometer=(), camera=(), geolocation=(), gyroscope=(), magnetometer=(), microphone=(), payment=(), usb=(), fullscreen=(self), clipboard-write=(self)
content-security-policy: default-src 'self'; base-uri 'none'; object-src 'none'; frame-ancestors 'none'; form-action 'self'; script-src 'self' 'unsafe-eval' 'sha256-aF/iCowKFbkBQV8blW86a4NG08HFM7xzzyuKi3NeF9c=' https://telegram.org; script-src-attr 'none'; worker-src 'self' blob:; style-src 'self' 'unsafe-inline'; font-src 'self' data:; img-src 'self' data: blob: https:; media-src 'self' blob:; connect-src 'self' wss://pro-chart.ir wss://pro-chart.com; frame-src https://oauth.telegram.org; manifest-src 'self'; upgrade-insecure-requests
cache-control: public, immutable
accept-ranges: bytes

### GET /assets/does-not-exist-pc130.js
HTTP/2 404 
server: nginx/1.27.5
date: Wed, 15 Jul 2026 01:30:39 GMT
content-type: text/html
content-length: 153
strict-transport-security: max-age=31536000; includeSubDomains
x-frame-options: DENY
x-content-type-options: nosniff
x-xss-protection: 0
referrer-policy: strict-origin-when-cross-origin
permissions-policy: accelerometer=(), camera=(), geolocation=(), gyroscope=(), magnetometer=(), microphone=(), payment=(), usb=(), fullscreen=(self), clipboard-write=(self)
content-security-policy: default-src 'self'; base-uri 'none'; object-src 'none'; frame-ancestors 'none'; form-action 'self'; script-src 'self' 'unsafe-eval' 'sha256-aF/iCowKFbkBQV8blW86a4NG08HFM7xzzyuKi3NeF9c=' https://telegram.org; script-src-attr 'none'; worker-src 'self' blob:; style-src 'self' 'unsafe-inline'; font-src 'self' data:; img-src 'self' data: blob: https:; media-src 'self' blob:; connect-src 'self' wss://pro-chart.ir wss://pro-chart.com; frame-src https://oauth.telegram.org; manifest-src 'self'; upgrade-insecure-requests

### OPTIONS /
HTTP/2 405 
server: nginx/1.27.5
date: Wed, 15 Jul 2026 01:30:39 GMT
content-type: text/html
content-length: 157
strict-transport-security: max-age=31536000; includeSubDomains
x-frame-options: DENY
x-content-type-options: nosniff
x-xss-protection: 0
referrer-policy: strict-origin-when-cross-origin
permissions-policy: accelerometer=(), camera=(), geolocation=(), gyroscope=(), magnetometer=(), microphone=(), payment=(), usb=(), fullscreen=(self), clipboard-write=(self)
content-security-policy: default-src 'self'; base-uri 'none'; object-src 'none'; frame-ancestors 'none'; form-action 'self'; script-src 'self' 'unsafe-eval' 'sha256-aF/iCowKFbkBQV8blW86a4NG08HFM7xzzyuKi3NeF9c=' https://telegram.org; script-src-attr 'none'; worker-src 'self' blob:; style-src 'self' 'unsafe-inline'; font-src 'self' data:; img-src 'self' data: blob: https:; media-src 'self' blob:; connect-src 'self' wss://pro-chart.ir wss://pro-chart.com; frame-src https://oauth.telegram.org; manifest-src 'self'; upgrade-insecure-requests

### GET /health
HTTP/2 200 
server: nginx/1.27.5
date: Wed, 15 Jul 2026 01:30:39 GMT
content-type: application/octet-stream
content-length: 15
strict-transport-security: max-age=31536000; includeSubDomains
x-frame-options: DENY
x-content-type-options: nosniff
x-xss-protection: 0
referrer-policy: strict-origin-when-cross-origin
permissions-policy: accelerometer=(), camera=(), geolocation=(), gyroscope=(), magnetometer=(), microphone=(), payment=(), usb=(), fullscreen=(self), clipboard-write=(self)
content-security-policy: default-src 'self'; base-uri 'none'; object-src 'none'; frame-ancestors 'none'; form-action 'self'; script-src 'self' 'unsafe-eval' 'sha256-aF/iCowKFbkBQV8blW86a4NG08HFM7xzzyuKi3NeF9c=' https://telegram.org; script-src-attr 'none'; worker-src 'self' blob:; style-src 'self' 'unsafe-inline'; font-src 'self' data:; img-src 'self' data: blob: https:; media-src 'self' blob:; connect-src 'self' wss://pro-chart.ir wss://pro-chart.com; frame-src https://oauth.telegram.org; manifest-src 'self'; upgrade-insecure-requests
content-type: application/json

### GET /manifest.webmanifest
HTTP/2 200 
server: nginx/1.27.5
date: Wed, 15 Jul 2026 01:30:39 GMT
content-type: application/octet-stream
content-length: 962
last-modified: Wed, 15 Jul 2026 01:29:23 GMT
etag: "6a56e273-3c2"
strict-transport-security: max-age=31536000; includeSubDomains
x-frame-options: DENY
x-content-type-options: nosniff
x-xss-protection: 0
referrer-policy: strict-origin-when-cross-origin
permissions-policy: accelerometer=(), camera=(), geolocation=(), gyroscope=(), magnetometer=(), microphone=(), payment=(), usb=(), fullscreen=(self), clipboard-write=(self)
content-security-policy: default-src 'self'; base-uri 'none'; object-src 'none'; frame-ancestors 'none'; form-action 'self'; script-src 'self' 'unsafe-eval' 'sha256-aF/iCowKFbkBQV8blW86a4NG08HFM7xzzyuKi3NeF9c=' https://telegram.org; script-src-attr 'none'; worker-src 'self' blob:; style-src 'self' 'unsafe-inline'; font-src 'self' data:; img-src 'self' data: blob: https:; media-src 'self' blob:; connect-src 'self' wss://pro-chart.ir wss://pro-chart.com; frame-src https://oauth.telegram.org; manifest-src 'self'; upgrade-insecure-requests
cache-control: no-cache, no-store, must-revalidate
accept-ranges: bytes

### GET /sw.js
HTTP/2 200 
server: nginx/1.27.5
date: Wed, 15 Jul 2026 01:30:39 GMT
content-type: application/javascript
content-length: 1138
last-modified: Wed, 15 Jul 2026 01:29:23 GMT
etag: "6a56e273-472"
strict-transport-security: max-age=31536000; includeSubDomains
x-frame-options: DENY
x-content-type-options: nosniff
x-xss-protection: 0
referrer-policy: strict-origin-when-cross-origin
permissions-policy: accelerometer=(), camera=(), geolocation=(), gyroscope=(), magnetometer=(), microphone=(), payment=(), usb=(), fullscreen=(self), clipboard-write=(self)
content-security-policy: default-src 'self'; base-uri 'none'; object-src 'none'; frame-ancestors 'none'; form-action 'self'; script-src 'self' 'unsafe-eval' 'sha256-aF/iCowKFbkBQV8blW86a4NG08HFM7xzzyuKi3NeF9c=' https://telegram.org; script-src-attr 'none'; worker-src 'self' blob:; style-src 'self' 'unsafe-inline'; font-src 'self' data:; img-src 'self' data: blob: https:; media-src 'self' blob:; connect-src 'self' wss://pro-chart.ir wss://pro-chart.com; frame-src https://oauth.telegram.org; manifest-src 'self'; upgrade-insecure-requests
cache-control: no-cache, no-store, must-revalidate
service-worker-allowed: /
accept-ranges: bytes

### GET /go/lbank?next=https%3A%2F%2Fattacker.invalid
HTTP/2 302 
server: nginx/1.27.5
date: Wed, 15 Jul 2026 01:30:39 GMT
content-length: 0
location: https://www.lbank.com/ref/PROCHART
cache-control: no-store
pragma: no-cache
strict-transport-security: max-age=31536000; includeSubDomains
x-frame-options: DENY
x-content-type-options: nosniff
x-xss-protection: 0
referrer-policy: strict-origin-when-cross-origin
permissions-policy: accelerometer=(), camera=(), geolocation=(), gyroscope=(), magnetometer=(), microphone=(), payment=(), usb=(), fullscreen=(self), clipboard-write=(self)
content-security-policy: default-src 'self'; base-uri 'none'; object-src 'none'; frame-ancestors 'none'; form-action 'self'; script-src 'self' 'unsafe-eval' 'sha256-aF/iCowKFbkBQV8blW86a4NG08HFM7xzzyuKi3NeF9c=' https://telegram.org; script-src-attr 'none'; worker-src 'self' blob:; style-src 'self' 'unsafe-inline'; font-src 'self' data:; img-src 'self' data: blob: https:; media-src 'self' blob:; connect-src 'self' wss://pro-chart.ir wss://pro-chart.com; frame-src https://oauth.telegram.org; manifest-src 'self'; upgrade-insecure-requests

### GET /go/oneroyal?destination=https%3A%2F%2Fattacker.invalid
HTTP/2 302 
server: nginx/1.27.5
date: Wed, 15 Jul 2026 01:30:39 GMT
content-length: 0
location: https://vc.cabinet.oneroyal.com/fa/links/go/12412
cache-control: no-store
pragma: no-cache
strict-transport-security: max-age=31536000; includeSubDomains
x-frame-options: DENY
x-content-type-options: nosniff
x-xss-protection: 0
referrer-policy: strict-origin-when-cross-origin
permissions-policy: accelerometer=(), camera=(), geolocation=(), gyroscope=(), magnetometer=(), microphone=(), payment=(), usb=(), fullscreen=(self), clipboard-write=(self)
content-security-policy: default-src 'self'; base-uri 'none'; object-src 'none'; frame-ancestors 'none'; form-action 'self'; script-src 'self' 'unsafe-eval' 'sha256-aF/iCowKFbkBQV8blW86a4NG08HFM7xzzyuKi3NeF9c=' https://telegram.org; script-src-attr 'none'; worker-src 'self' blob:; style-src 'self' 'unsafe-inline'; font-src 'self' data:; img-src 'self' data: blob: https:; media-src 'self' blob:; connect-src 'self' wss://pro-chart.ir wss://pro-chart.com; frame-src https://oauth.telegram.org; manifest-src 'self'; upgrade-insecure-requests

### OPTIONS /go/lbank
HTTP/2 405 
server: nginx/1.27.5
date: Wed, 15 Jul 2026 01:30:39 GMT
content-type: application/json
content-length: 31
allow: GET
strict-transport-security: max-age=31536000; includeSubDomains
x-frame-options: DENY
x-content-type-options: nosniff
x-xss-protection: 0
referrer-policy: strict-origin-when-cross-origin
permissions-policy: accelerometer=(), camera=(), geolocation=(), gyroscope=(), magnetometer=(), microphone=(), payment=(), usb=(), fullscreen=(self), clipboard-write=(self)
content-security-policy: default-src 'self'; base-uri 'none'; object-src 'none'; frame-ancestors 'none'; form-action 'self'; script-src 'self' 'unsafe-eval' 'sha256-aF/iCowKFbkBQV8blW86a4NG08HFM7xzzyuKi3NeF9c=' https://telegram.org; script-src-attr 'none'; worker-src 'self' blob:; style-src 'self' 'unsafe-inline'; font-src 'self' data:; img-src 'self' data: blob: https:; media-src 'self' blob:; connect-src 'self' wss://pro-chart.ir wss://pro-chart.com; frame-src https://oauth.telegram.org; manifest-src 'self'; upgrade-insecure-requests

