
> coinepro-academy@1.0.0 build
> vite build

vite v6.4.3 building for production...
transforming...
src/components/Layout.jsx (54:12): Cannot reassign a variable declared with `const`
src/pages/Mentor.jsx (90:6): Cannot reassign a variable declared with `const`
src/pages/Lesson.jsx (26:4): Cannot reassign a variable declared with `const`
src/pages/Bootcamp.jsx (21:10): Cannot reassign a variable declared with `const`
src/pages/Portfolio.jsx (26:8): Cannot reassign a variable declared with `const`
src/bazaarnama/indicators.js (1:2355): Cannot reassign a variable declared with `const`
src/bazaarnama/chartbuilders.js (1:1890): Cannot reassign a variable declared with `const`
✓ 1738 modules transformed.
rendering chunks...
computing gzip size...
dist/index.html                       1.45 kB │ gzip:   0.76 kB
dist/assets/bn-logo-CLr9xDny.png      6.17 kB
dist/assets/index-CeSq8mdg.css       44.60 kB │ gzip:   8.47 kB
dist/assets/index-1wlmjzus.js     2,880.45 kB │ gzip: 898.88 kB

(!) Some chunks are larger than 500 kB after minification. Consider:
- Using dynamic import() to code-split the application
- Use build.rollupOptions.output.manualChunks to improve chunking: https://rollupjs.org/configuration-options/#output-manualchunks
- Adjust chunk size limit for this warning via build.chunkSizeWarningLimit.
✓ built in 18.37s
