 Container prochart-crypto-ws-1 Recreate 
 Container prochart-crypto-ws-1 Recreated 
 Container prochart-crypto-ws-1 Starting 
 Container prochart-crypto-ws-1 Started 
 Container prochart-finnhub-ws-1 Recreate 
 Container prochart-finnhub-ws-1 Recreated 
 Container prochart-finnhub-ws-1 Starting 
 Container prochart-finnhub-ws-1 Started 
 Container prochart-data-feed-1 Recreate 
 Container prochart-data-feed-1 Recreated 
 Container prochart-data-feed-1 Starting 
 Container prochart-data-feed-1 Started 
 Container prochart-news-worker-1 Recreate 
 Container prochart-news-worker-1 Recreated 
 Container prochart-news-worker-1 Starting 
 Container prochart-news-worker-1 Started 
 Container prochart-api-1 Recreate 
 Container prochart-api-1 Recreated 
 Container prochart-api-1 Starting 
 Container prochart-api-1 Started 
 Container prochart-api-1 Waiting 
 Container prochart-api-1 Healthy 
