 Container prochart-finnhub-ws-1 Recreate 
 Container prochart-crypto-ws-1 Recreate 
 Container prochart-news-worker-1 Recreate 
 Container prochart-data-feed-1 Recreate 
 Container prochart-api-1 Recreate 
 Container prochart-api-1 Recreated 
 Container prochart-admin-frontend Recreate 
 Container prochart-user-frontend Recreate 
 Container prochart-admin-frontend Recreated 
 Container prochart-frontend-prochart-1 Recreate 
 Container prochart-user-frontend Recreated 
 Container prochart-frontend-prochart-1 Recreated 
 Container prochart-finnhub-ws-1 Recreated 
 Container prochart-data-feed-1 Recreated 
 Container prochart-news-worker-1 Recreated 
 Container prochart-crypto-ws-1 Recreated 
 Container prochart-finnhub-ws-1 Starting 
 Container prochart-crypto-ws-1 Starting 
 Container prochart-data-feed-1 Starting 
 Container prochart-api-1 Starting 
 Container prochart-news-worker-1 Starting 
 Container prochart-news-worker-1 Started 
 Container prochart-crypto-ws-1 Started 
 Container prochart-finnhub-ws-1 Started 
 Container prochart-api-1 Started 
 Container prochart-user-frontend Starting 
 Container prochart-admin-frontend Starting 
 Container prochart-data-feed-1 Started 
 Container prochart-user-frontend Started 
 Container prochart-admin-frontend Started 
 Container prochart-frontend-prochart-1 Starting 
 Container prochart-frontend-prochart-1 Started 
