============================= test session starts ==============================
platform linux -- Python 3.13.14, pytest-9.1.1, pluggy-1.6.0 -- /usr/local/bin/python
rootdir: /workspace
configfile: pyproject.toml
plugins: asyncio-1.4.0, anyio-4.14.2, typeguard-4.5.2
asyncio: mode=Mode.AUTO, debug=False, asyncio_default_fixture_loop_scope=None, asyncio_default_test_loop_scope=function
collecting ... collected 591 items

tests/test_api.py::test_health_endpoint PASSED                           [  0%]
tests/test_api.py::test_signals_list PASSED                              [  0%]
tests/test_api.py::test_performance_summary PASSED                       [  0%]
tests/test_api.py::test_auth_login_missing_credentials PASSED            [  0%]
tests/test_bot_v2_channel.py::test_create_invite_uses_single_use_and_expiry PASSED [  0%]
tests/test_bot_v2_channel.py::test_create_invite_returns_none_when_forbidden PASSED [  1%]
tests/test_bot_v2_channel.py::test_remove_member_bans_then_unbans PASSED [  1%]
tests/test_bot_v2_channel.py::test_remove_member_treats_not_member_as_success PASSED [  1%]
tests/test_bot_v2_channel.py::test_remove_member_fails_when_forbidden PASSED [  1%]
tests/test_bot_v2_phone.py::test_valid_numbers_normalize_to_canonical[09121234567] PASSED [  1%]
tests/test_bot_v2_phone.py::test_valid_numbers_normalize_to_canonical[+989121234567] PASSED [  1%]
tests/test_bot_v2_phone.py::test_valid_numbers_normalize_to_canonical[00989121234567] PASSED [  2%]
tests/test_bot_v2_phone.py::test_valid_numbers_normalize_to_canonical[989121234567] PASSED [  2%]
tests/test_bot_v2_phone.py::test_valid_numbers_normalize_to_canonical[9121234567] PASSED [  2%]
tests/test_bot_v2_phone.py::test_valid_numbers_normalize_to_canonical[0912 123 4567] PASSED [  2%]
tests/test_bot_v2_phone.py::test_valid_numbers_normalize_to_canonical[0912-123-4567] PASSED [  2%]
tests/test_bot_v2_phone.py::test_valid_numbers_normalize_to_canonical[\u06f0\u06f9\u06f1\u06f2\u06f1\u06f2\u06f3\u06f4\u06f5\u06f6\u06f7] PASSED [  2%]
tests/test_bot_v2_phone.py::test_invalid_numbers_return_none[] PASSED    [  3%]
tests/test_bot_v2_phone.py::test_invalid_numbers_return_none[12345] PASSED [  3%]
tests/test_bot_v2_phone.py::test_invalid_numbers_return_none[0812123456] PASSED [  3%]
tests/test_bot_v2_phone.py::test_invalid_numbers_return_none[081234567890] PASSED [  3%]
tests/test_bot_v2_phone.py::test_invalid_numbers_return_none[+1202555019] PASSED [  3%]
tests/test_bot_v2_phone.py::test_invalid_numbers_return_none[0912abc4567] PASSED [  3%]
tests/test_bot_v2_phone.py::test_invalid_numbers_return_none[0912123456] PASSED [  4%]
tests/test_bot_v2_phone.py::test_invalid_numbers_return_none[091212345678] PASSED [  4%]
tests/test_bot_v2_phone.py::test_is_valid_helper PASSED                  [  4%]
tests/test_bot_v2_quiz.py::test_total_questions_is_four PASSED           [  4%]
tests/test_bot_v2_quiz.py::test_score_all_correct PASSED                 [  4%]
tests/test_bot_v2_quiz.py::test_score_all_wrong PASSED                   [  4%]
tests/test_bot_v2_quiz.py::test_score_partial PASSED                     [  5%]
tests/test_bot_v2_quiz.py::test_score_missing_answers_counts_zero PASSED [  5%]
tests/test_bot_v2_quiz.py::test_skill_level_boundaries[0-beginner] PASSED [  5%]
tests/test_bot_v2_quiz.py::test_skill_level_boundaries[1-beginner] PASSED [  5%]
tests/test_bot_v2_quiz.py::test_skill_level_boundaries[2-intermediate] PASSED [  5%]
tests/test_bot_v2_quiz.py::test_skill_level_boundaries[3-advanced] PASSED [  5%]
tests/test_bot_v2_quiz.py::test_skill_level_boundaries[4-expert] PASSED  [  6%]
tests/test_bot_v2_quiz.py::test_skill_score_percent[0-0] PASSED          [  6%]
tests/test_bot_v2_quiz.py::test_skill_score_percent[1-25] PASSED         [  6%]
tests/test_bot_v2_quiz.py::test_skill_score_percent[2-50] PASSED         [  6%]
tests/test_bot_v2_quiz.py::test_skill_score_percent[3-75] PASSED         [  6%]
tests/test_bot_v2_quiz.py::test_skill_score_percent[4-100] PASSED        [  6%]
tests/test_bot_v2_quiz.py::test_skill_label_has_emoji PASSED             [  7%]
tests/test_bot_v2_referral.py::test_generate_default_length_and_charset PASSED [  7%]
tests/test_bot_v2_referral.py::test_generate_custom_length PASSED        [  7%]
tests/test_bot_v2_referral.py::test_generate_unique_enough PASSED        [  7%]
tests/test_bot_v2_referral.py::test_is_valid_accepts_generated PASSED    [  7%]
tests/test_bot_v2_referral.py::test_is_valid_rejects_bad PASSED          [  7%]
tests/test_bot_v2_referral.py::test_normalize_uppercases_and_strips PASSED [  8%]
tests/test_bot_v2_subscription.py::test_plan_prices_from_settings PASSED [  8%]
tests/test_bot_v2_subscription.py::test_plan_days[monthly-30] PASSED     [  8%]
tests/test_bot_v2_subscription.py::test_plan_days[quarterly-90] PASSED   [  8%]
tests/test_bot_v2_subscription.py::test_plan_days[biannual-180] PASSED   [  8%]
tests/test_bot_v2_subscription.py::test_is_paid_plan PASSED              [  8%]
tests/test_bot_v2_subscription.py::test_trial_expiry_uses_trial_hours PASSED [  9%]
tests/test_bot_v2_subscription.py::test_compute_expiry_fresh_monthly PASSED [  9%]
tests/test_bot_v2_subscription.py::test_compute_expiry_trial PASSED      [  9%]
tests/test_bot_v2_subscription.py::test_renewal_extends_from_current_expiry_not_now PASSED [  9%]
tests/test_bot_v2_subscription.py::test_renewal_from_now_when_already_expired PASSED [  9%]
tests/test_bot_v2_subscription.py::test_plan_label PASSED                [  9%]
tests/test_ml.py::TestFeatureEngine::test_build_features PASSED          [ 10%]
tests/test_ml.py::TestFeatureEngine::test_get_feature_columns PASSED     [ 10%]
tests/test_ml.py::TestFeatureEngine::test_build_target PASSED            [ 10%]
tests/test_ml.py::TestFeatureEngine::test_insufficient_data PASSED       [ 10%]
tests/test_patterns.py::TestCandlestickAnalyzer::test_analyze_returns_dict PASSED [ 10%]
tests/test_patterns.py::TestCandlestickAnalyzer::test_analyze_has_pattern_score PASSED [ 10%]
tests/test_patterns.py::TestCandlestickAnalyzer::test_patterns_found_is_list PASSED [ 11%]
tests/test_patterns.py::TestChartPatternAnalyzer::test_analyze_returns_dict PASSED [ 11%]
tests/test_patterns.py::TestChartPatternAnalyzer::test_analyze_has_pattern_score PASSED [ 11%]
tests/test_patterns.py::TestChartPatternAnalyzer::test_dominant_direction PASSED [ 11%]
tests/test_phase0_fixes.py::test_redis_client_uses_property_not_method PASSED [ 11%]
tests/test_phase0_fixes.py::test_redis_client_property_raises_when_not_connected PASSED [ 12%]
tests/test_phase0_fixes.py::test_jwt_access_token_contains_jti_and_iat PASSED [ 12%]
tests/test_phase0_fixes.py::test_two_tokens_have_different_jti PASSED    [ 12%]
tests/test_phase0_fixes.py::test_refresh_token_contains_jti PASSED       [ 12%]
tests/test_phase0_fixes.py::test_settings_rejects_default_passwords_in_production PASSED [ 12%]
tests/test_phase0_fixes.py::test_settings_rejects_short_jwt_secret_in_production PASSED [ 12%]
tests/test_phase0_fixes.py::test_settings_allows_defaults_in_debug PASSED [ 13%]
tests/test_phase0_fixes.py::test_settings_accepts_strong_secrets PASSED  [ 13%]
tests/test_phase0_fixes.py::test_drop_unclosed_candle_removes_incomplete PASSED [ 13%]
tests/test_phase0_fixes.py::test_drop_unclosed_candle_keeps_closed PASSED [ 13%]
tests/test_phase0_fixes.py::test_drop_unclosed_candle_handles_empty_df PASSED [ 13%]
tests/test_phase0_fixes.py::test_drop_unclosed_candle_handles_unknown_timeframe PASSED [ 13%]
tests/test_phase0_fixes.py::test_rate_limit_middleware_imports_correctly PASSED [ 14%]
tests/test_phase0_fixes.py::test_rate_limit_middleware_registered_in_app PASSED [ 14%]
tests/test_phase10_ml_rebuild.py::TestFinancialMetrics::test_empty_input PASSED [ 14%]
tests/test_phase10_ml_rebuild.py::TestFinancialMetrics::test_all_correct_long_predictions PASSED [ 14%]
tests/test_phase10_ml_rebuild.py::TestFinancialMetrics::test_all_neutral_predictions_no_trades PASSED [ 14%]
tests/test_phase10_ml_rebuild.py::TestFinancialMetrics::test_short_prediction_on_negative_return_wins PASSED [ 14%]
tests/test_phase10_ml_rebuild.py::TestFinancialMetrics::test_profit_factor_calculation PASSED [ 15%]
tests/test_phase10_ml_rebuild.py::TestFinancialMetrics::test_directional_accuracy PASSED [ 15%]
tests/test_phase10_ml_rebuild.py::TestFinancialMetrics::test_is_model_tradable_rejects_low_sharpe PASSED [ 15%]
tests/test_phase10_ml_rebuild.py::TestFinancialMetrics::test_is_model_tradable_rejects_low_trades PASSED [ 15%]
tests/test_phase10_ml_rebuild.py::TestDriftDetection::test_ks_test_identical_distributions PASSED [ 15%]
tests/test_phase10_ml_rebuild.py::TestDriftDetection::test_ks_test_different_distributions PASSED [ 15%]
tests/test_phase10_ml_rebuild.py::TestDriftDetection::test_no_drift_with_similar_distributions PASSED [ 16%]
tests/test_phase10_ml_rebuild.py::TestDriftDetection::test_severe_drift_recommends_retrain PASSED [ 16%]
tests/test_phase10_ml_rebuild.py::TestDriftDetection::test_prediction_drift_detected PASSED [ 16%]
tests/test_phase10_ml_rebuild.py::TestPurgedKFold::test_basic_split_structure PASSED [ 16%]
tests/test_phase10_ml_rebuild.py::TestPurgedKFold::test_no_train_test_overlap PASSED [ 16%]
tests/test_phase10_ml_rebuild.py::TestPurgedKFold::test_purging_removes_lookahead_samples PASSED [ 16%]
tests/test_phase10_ml_rebuild.py::TestPurgedKFold::test_embargo_removes_post_test_samples PASSED [ 17%]
tests/test_phase10_ml_rebuild.py::TestPurgedKFold::test_raises_when_n_samples_too_small PASSED [ 17%]
tests/test_phase10_ml_rebuild.py::TestCalibration::test_platt_fits_perfectly_calibrated_data PASSED [ 17%]
tests/test_phase10_ml_rebuild.py::TestCalibration::test_isotonic_preserves_monotonicity PASSED [ 17%]
tests/test_phase10_ml_rebuild.py::TestCalibration::test_calibration_report_perfect_predictions PASSED [ 17%]
tests/test_phase10_ml_rebuild.py::TestCalibration::test_calibration_report_terrible_calibration PASSED [ 17%]
tests/test_phase10_ml_rebuild.py::TestCalibration::test_platt_raises_before_fit PASSED [ 18%]
tests/test_phase10_ml_rebuild.py::TestDeterminism::test_set_global_seed_sets_environment PASSED [ 18%]
tests/test_phase10_ml_rebuild.py::TestDeterminism::test_numpy_reproducibility PASSED [ 18%]
tests/test_phase10_ml_rebuild.py::TestDeterminism::test_python_random_reproducibility PASSED [ 18%]
tests/test_phase10_ml_rebuild.py::TestDeterminism::test_verify_determinism_returns_dict PASSED [ 18%]
tests/test_phase10_ml_rebuild.py::TestFeatureSelector::test_correlation_prune_removes_redundant PASSED [ 18%]
tests/test_phase10_ml_rebuild.py::TestFeatureSelector::test_correlation_prune_keeps_all_uncorrelated PASSED [ 19%]
tests/test_phase10_ml_rebuild.py::TestFeatureSelector::test_select_features_full_pipeline PASSED [ 19%]
tests/test_phase10_ml_rebuild.py::TestTripleBarrier::test_uptrend_hits_upper_barrier PASSED [ 19%]
tests/test_phase10_ml_rebuild.py::TestTripleBarrier::test_downtrend_hits_lower_barrier PASSED [ 19%]
tests/test_phase10_ml_rebuild.py::TestTripleBarrier::test_flat_market_returns_zero PASSED [ 19%]
tests/test_phase10_ml_rebuild.py::TestTripleBarrier::test_meta_label_correctness PASSED [ 19%]
tests/test_phase10_ml_rebuild.py::TestTripleBarrier::test_temporal_decay_recent_samples_have_higher_weight PASSED [ 20%]
tests/test_phase10_ml_rebuild.py::TestTripleBarrier::test_volatility_weights_inverse PASSED [ 20%]
tests/test_phase11_quant_institutional.py::TestPositionSizer::test_fixed_fractional_basic PASSED [ 20%]
tests/test_phase11_quant_institutional.py::TestPositionSizer::test_fixed_fractional_caps_at_max_risk PASSED [ 20%]
tests/test_phase11_quant_institutional.py::TestPositionSizer::test_kelly_positive_expectancy PASSED [ 20%]
tests/test_phase11_quant_institutional.py::TestPositionSizer::test_kelly_negative_expectancy_returns_zero PASSED [ 20%]
tests/test_phase11_quant_institutional.py::TestPositionSizer::test_volatility_target_low_vol_increases_size PASSED [ 21%]
tests/test_phase11_quant_institutional.py::TestPositionSizer::test_drawdown_reduction_kicks_in_above_threshold PASSED [ 21%]
tests/test_phase11_quant_institutional.py::TestPortfolioVaR::test_parametric_var_normal_returns PASSED [ 21%]
tests/test_phase11_quant_institutional.py::TestPortfolioVaR::test_historical_var_matches_empirical_percentile PASSED [ 21%]
tests/test_phase11_quant_institutional.py::TestPortfolioVaR::test_var_cvar_ordering PASSED [ 21%]
tests/test_phase11_quant_institutional.py::TestPortfolioVaR::test_var_with_horizon_scales_with_sqrt PASSED [ 21%]
tests/test_phase11_quant_institutional.py::TestPortfolioVaR::test_portfolio_risk_check_allows_within_limits PASSED [ 22%]
tests/test_phase11_quant_institutional.py::TestPortfolioVaR::test_portfolio_risk_check_blocks_exposure_breach PASSED [ 22%]
tests/test_phase11_quant_institutional.py::TestVolatilityCostModel::test_spread_scales_with_volatility PASSED [ 22%]
tests/test_phase11_quant_institutional.py::TestVolatilityCostModel::test_slippage_scales_with_volatility PASSED [ 22%]
tests/test_phase11_quant_institutional.py::TestVolatilityCostModel::test_partial_fill_for_large_orders PASSED [ 22%]
tests/test_phase11_quant_institutional.py::TestVolatilityCostModel::test_rejection_probability_increases_with_vol PASSED [ 23%]
tests/test_phase11_quant_institutional.py::TestVolatilityCostModel::test_simulate_execution_deterministic_no_rejection PASSED [ 23%]
tests/test_phase11_quant_institutional.py::TestMarginValidator::test_fca_major_leverage_is_30 PASSED [ 23%]
tests/test_phase11_quant_institutional.py::TestMarginValidator::test_nfa_major_leverage_is_50 PASSED [ 23%]
tests/test_phase11_quant_institutional.py::TestMarginValidator::test_rejects_leverage_above_regulator PASSED [ 23%]
tests/test_phase11_quant_institutional.py::TestMarginValidator::test_rejects_insufficient_margin PASSED [ 23%]
tests/test_phase11_quant_institutional.py::TestMarginValidator::test_allows_safe_position PASSED [ 24%]
tests/test_phase11_quant_institutional.py::TestMarginValidator::test_rejects_stop_out_risk PASSED [ 24%]
tests/test_phase11_quant_institutional.py::TestMultiLevelLimits::test_clean_state_allows_signal PASSED [ 24%]
tests/test_phase11_quant_institutional.py::TestMultiLevelLimits::test_hourly_limit_reduces_size PASSED [ 24%]
tests/test_phase11_quant_institutional.py::TestMultiLevelLimits::test_daily_limit_blocks_signal PASSED [ 24%]
tests/test_phase11_quant_institutional.py::TestMultiLevelLimits::test_weekly_limit_blocks_until_monday PASSED [ 24%]
tests/test_phase11_quant_institutional.py::TestMultiLevelLimits::test_period_keys_change_with_time PASSED [ 25%]
tests/test_phase11_quant_institutional.py::TestMultiLevelLimits::test_winning_trades_do_not_lock PASSED [ 25%]
tests/test_phase12_architecture.py::TestDomainExceptions::test_base_exception_has_default_message PASSED [ 25%]
tests/test_phase12_architecture.py::TestDomainExceptions::test_exception_with_custom_message PASSED [ 25%]
tests/test_phase12_architecture.py::TestDomainExceptions::test_exception_with_context PASSED [ 25%]
tests/test_phase12_architecture.py::TestDomainExceptions::test_hierarchy_signal_extends_base PASSED [ 25%]
tests/test_phase12_architecture.py::TestDomainExceptions::test_hierarchy_risk_extends_base PASSED [ 26%]
tests/test_phase12_architecture.py::TestDomainExceptions::test_hierarchy_persistence_extends_base PASSED [ 26%]
tests/test_phase12_architecture.py::TestDomainExceptions::test_can_catch_all_signal_errors_with_base PASSED [ 26%]
tests/test_phase12_architecture.py::TestDomainExceptions::test_can_catch_all_with_coinepro_base PASSED [ 26%]
tests/test_phase12_architecture.py::TestTypedDictShapes::test_signal_payload_accepts_minimal PASSED [ 26%]
tests/test_phase12_architecture.py::TestTypedDictShapes::test_technical_analysis_result PASSED [ 26%]
tests/test_phase12_architecture.py::TestSignalStateMachine::test_fresh_starts_in_pending PASSED [ 27%]
tests/test_phase12_architecture.py::TestSignalStateMachine::test_pending_to_active_allowed PASSED [ 27%]
tests/test_phase12_architecture.py::TestSignalStateMachine::test_pending_to_tp1_disallowed PASSED [ 27%]
tests/test_phase12_architecture.py::TestSignalStateMachine::test_active_to_sl_hit_allowed PASSED [ 27%]
tests/test_phase12_architecture.py::TestSignalStateMachine::test_terminal_state_cannot_transition PASSED [ 27%]
tests/test_phase12_architecture.py::TestSignalStateMachine::test_history_captures_all_transitions PASSED [ 27%]
tests/test_phase12_architecture.py::TestSignalStateMachine::test_to_dict_serializes PASSED [ 28%]
tests/test_phase12_architecture.py::TestSignalStateMachine::test_cancelled_from_pending PASSED [ 28%]
tests/test_phase12_architecture.py::TestIdempotency::test_signal_key_deterministic PASSED [ 28%]
tests/test_phase12_architecture.py::TestIdempotency::test_signal_key_changes_with_direction PASSED [ 28%]
tests/test_phase12_architecture.py::TestIdempotency::test_signal_key_changes_with_timeframe PASSED [ 28%]
tests/test_phase12_architecture.py::TestIdempotency::test_hash_payload_deterministic PASSED [ 28%]
tests/test_phase12_architecture.py::TestIdempotency::test_hash_payload_order_independent PASSED [ 29%]
tests/test_phase12_architecture.py::TestIdempotency::test_outbox_signal_created_factory PASSED [ 29%]
tests/test_phase12_architecture.py::TestIdempotency::test_outbox_retry_logic PASSED [ 29%]
tests/test_phase12_architecture.py::TestIdempotency::test_outbox_mark_published PASSED [ 29%]
tests/test_phase12_architecture.py::TestIdempotency::test_outbox_to_dict_serializes PASSED [ 29%]
tests/test_phase12_architecture.py::TestSignalLifecycleService::test_validate_accepts_well_formed_long PASSED [ 29%]
tests/test_phase12_architecture.py::TestSignalLifecycleService::test_rejects_long_with_sl_above_entry PASSED [ 30%]
tests/test_phase12_architecture.py::TestSignalLifecycleService::test_rejects_short_with_tp_above_entry PASSED [ 30%]
tests/test_phase12_architecture.py::TestSignalLifecycleService::test_rejects_missing_fields PASSED [ 30%]
tests/test_phase12_architecture.py::TestSignalLifecycleService::test_rejects_low_rr PASSED [ 30%]
tests/test_phase12_architecture.py::TestSignalLifecycleService::test_state_for_target_hit_mapping PASSED [ 30%]
tests/test_phase12_architecture.py::TestSignalLifecycleService::test_state_for_unknown_target_raises PASSED [ 30%]
tests/test_phase12_architecture.py::TestSourceInvariants::test_exceptions_module_exists PASSED [ 31%]
tests/test_phase12_architecture.py::TestSourceInvariants::test_types_module_exists PASSED [ 31%]
tests/test_phase12_architecture.py::TestSourceInvariants::test_state_machine_module_exists PASSED [ 31%]
tests/test_phase12_architecture.py::TestSourceInvariants::test_idempotency_module_exists PASSED [ 31%]
tests/test_phase12_architecture.py::TestSourceInvariants::test_services_module_exists PASSED [ 31%]
tests/test_phase12_architecture.py::TestSourceInvariants::test_repository_module_exists PASSED [ 31%]
tests/test_phase13_production_ops.py::TestCorrelationID::test_new_correlation_id_is_unique PASSED [ 32%]
tests/test_phase13_production_ops.py::TestCorrelationID::test_correlation_id_length PASSED [ 32%]
tests/test_phase13_production_ops.py::TestCorrelationID::test_context_var_starts_none PASSED [ 32%]
tests/test_phase13_production_ops.py::TestCorrelationID::test_context_manager_sets_and_resets PASSED [ 32%]
tests/test_phase13_production_ops.py::TestCorrelationID::test_context_manager_auto_generates PASSED [ 32%]
tests/test_phase13_production_ops.py::TestCorrelationID::test_processor_adds_cid_to_event_dict PASSED [ 32%]
tests/test_phase13_production_ops.py::TestCorrelationID::test_processor_no_overwrite PASSED [ 33%]
tests/test_phase13_production_ops.py::TestSentry::test_setup_with_no_dsn_skips PASSED [ 33%]
tests/test_phase13_production_ops.py::TestSentry::test_setup_with_disabled_skips PASSED [ 33%]
tests/test_phase13_production_ops.py::TestSentry::test_capture_exception_safe_when_not_initialized PASSED [ 33%]
tests/test_phase13_production_ops.py::TestSentry::test_capture_message_safe_when_not_initialized PASSED [ 33%]
tests/test_phase13_production_ops.py::TestTracing::test_trace_span_no_otel_works PASSED [ 34%]
tests/test_phase13_production_ops.py::TestTracing::test_trace_span_propagates_exceptions PASSED [ 34%]
tests/test_phase13_production_ops.py::TestTracing::test_traced_decorator_async PASSED [ 34%]
tests/test_phase13_production_ops.py::TestTracing::test_traced_decorator_sync PASSED [ 34%]
tests/test_phase13_production_ops.py::TestHealthChecker::test_all_healthy PASSED [ 34%]
tests/test_phase13_production_ops.py::TestHealthChecker::test_critical_failure_makes_unhealthy PASSED [ 34%]
tests/test_phase13_production_ops.py::TestHealthChecker::test_non_critical_failure_makes_degraded PASSED [ 35%]
tests/test_phase13_production_ops.py::TestHealthChecker::test_exception_in_check_marked_unhealthy PASSED [ 35%]
tests/test_phase13_production_ops.py::TestHealthChecker::test_timeout_marks_unhealthy PASSED [ 35%]
tests/test_phase13_production_ops.py::TestHealthChecker::test_liveness_always_healthy PASSED [ 35%]
tests/test_phase13_production_ops.py::TestHealthChecker::test_disk_space_check_runs PASSED [ 35%]
tests/test_phase13_production_ops.py::TestHealthChecker::test_disk_space_unhealthy_when_below_min PASSED [ 35%]
tests/test_phase13_production_ops.py::TestRateLimiterHelpers::test_quota_defaults_exist PASSED [ 36%]
tests/test_phase13_production_ops.py::TestRateLimiterHelpers::test_extract_user_id_handles_missing_header PASSED [ 36%]
tests/test_phase13_production_ops.py::TestRateLimiterHelpers::test_extract_tier_anonymous_for_invalid PASSED [ 36%]
tests/test_phase13_production_ops.py::TestInfrastructureFiles::test_alertmanager_config_exists PASSED [ 36%]
tests/test_phase13_production_ops.py::TestInfrastructureFiles::test_telegram_template_exists PASSED [ 36%]
tests/test_phase13_production_ops.py::TestInfrastructureFiles::test_recording_rules_exists PASSED [ 36%]
tests/test_phase13_production_ops.py::TestInfrastructureFiles::test_restore_script_exists_and_executable PASSED [ 37%]
tests/test_phase13_production_ops.py::TestInfrastructureFiles::test_dr_drill_script_exists PASSED [ 37%]
tests/test_phase13_production_ops.py::TestInfrastructureFiles::test_slo_doc_exists PASSED [ 37%]
tests/test_phase13_production_ops.py::TestObservabilityInvariants::test_correlation_id_middleware_class_exists PASSED [ 37%]
tests/test_phase13_production_ops.py::TestObservabilityInvariants::test_sentry_redacts_sensitive_headers PASSED [ 37%]
tests/test_phase13_production_ops.py::TestObservabilityInvariants::test_health_module_has_db_redis_data_feed_checks PASSED [ 37%]
tests/test_phase14_reporting.py::TestAdvancedMetrics::test_empty_returns_returns_zero PASSED [ 38%]
tests/test_phase14_reporting.py::TestAdvancedMetrics::test_omega_breakeven_at_one PASSED [ 38%]
tests/test_phase14_reporting.py::TestAdvancedMetrics::test_omega_above_one_profitable PASSED [ 38%]
tests/test_phase14_reporting.py::TestAdvancedMetrics::test_omega_with_no_losses_is_inf PASSED [ 38%]
tests/test_phase14_reporting.py::TestAdvancedMetrics::test_tail_ratio_symmetric PASSED [ 38%]
tests/test_phase14_reporting.py::TestAdvancedMetrics::test_tail_ratio_positive_skew PASSED [ 38%]
tests/test_phase14_reporting.py::TestAdvancedMetrics::test_mar_ratio_with_drawdown PASSED [ 39%]
tests/test_phase14_reporting.py::TestAdvancedMetrics::test_psr_with_positive_sharpe PASSED [ 39%]
tests/test_phase14_reporting.py::TestAdvancedMetrics::test_psr_negative_strategy PASSED [ 39%]
tests/test_phase14_reporting.py::TestAdvancedMetrics::test_dsr_more_conservative_than_psr PASSED [ 39%]
tests/test_phase14_reporting.py::TestAdvancedMetrics::test_skewness_positive PASSED [ 39%]
tests/test_phase14_reporting.py::TestAdvancedMetrics::test_skewness_negative PASSED [ 39%]
tests/test_phase14_reporting.py::TestMonthlyHeatmap::test_empty_returns_empty PASSED [ 40%]
tests/test_phase14_reporting.py::TestMonthlyHeatmap::test_single_month_aggregation PASSED [ 40%]
tests/test_phase14_reporting.py::TestMonthlyHeatmap::test_multi_year_separation PASSED [ 40%]
tests/test_phase14_reporting.py::TestMonthlyHeatmap::test_annual_return_compounded PASSED [ 40%]
tests/test_phase14_reporting.py::TestRollingMetrics::test_rolling_cagr_window_too_small PASSED [ 40%]
tests/test_phase14_reporting.py::TestRollingMetrics::test_rolling_cagr_basic PASSED [ 40%]
tests/test_phase14_reporting.py::TestRollingMetrics::test_rolling_sharpe_returns_points PASSED [ 41%]
tests/test_phase14_reporting.py::TestDrawdownPeriods::test_no_drawdown_returns_empty PASSED [ 41%]
tests/test_phase14_reporting.py::TestDrawdownPeriods::test_single_drawdown_and_recovery PASSED [ 41%]
tests/test_phase14_reporting.py::TestDrawdownPeriods::test_ongoing_drawdown_no_recovery PASSED [ 41%]
tests/test_phase14_reporting.py::TestBenchmarkComparison::test_perfect_correlation_beta_one PASSED [ 41%]
tests/test_phase14_reporting.py::TestBenchmarkComparison::test_strategy_outperforms PASSED [ 41%]
tests/test_phase14_reporting.py::TestBenchmarkComparison::test_uncorrelated_strategy_low_beta PASSED [ 42%]
tests/test_phase14_reporting.py::TestBenchmarkComparison::test_insufficient_data PASSED [ 42%]
tests/test_phase14_reporting.py::TestAPIRoutes::test_reports_route_exists PASSED [ 42%]
tests/test_phase14_reporting.py::TestAPIRoutes::test_reports_router_mounted_in_main PASSED [ 42%]
tests/test_phase14_reporting.py::TestFrontendIntegration::test_reports_page_exists PASSED [ 42%]
tests/test_phase14_reporting.py::TestFrontendIntegration::test_route_registered_in_app PASSED [ 42%]
tests/test_phase14_reporting.py::TestFrontendIntegration::test_sidebar_includes_reports PASSED [ 43%]
tests/test_phase14_reporting.py::TestFrontendIntegration::test_api_client_exports_reports_api PASSED [ 43%]
tests/test_phase15_ux.py::TestCompactFormatter::test_compact_is_short PASSED [ 43%]
tests/test_phase15_ux.py::TestCompactFormatter::test_compact_contains_essentials PASSED [ 43%]
tests/test_phase15_ux.py::TestCompactFormatter::test_compact_short_for_sell PASSED [ 43%]
tests/test_phase15_ux.py::TestCompactFormatter::test_compact_handles_missing_targets PASSED [ 43%]
tests/test_phase15_ux.py::TestCompactFormatter::test_compact_uses_html_bold PASSED [ 44%]
tests/test_phase15_ux.py::TestInlineKeyboard::test_builds_two_rows PASSED [ 44%]
tests/test_phase15_ux.py::TestInlineKeyboard::test_callback_data_includes_signal_id PASSED [ 44%]
tests/test_phase15_ux.py::TestInlineKeyboard::test_callback_data_namespaced PASSED [ 44%]
tests/test_phase15_ux.py::TestInlineKeyboard::test_buttons_have_persian_text PASSED [ 44%]
tests/test_phase15_ux.py::TestTierSummary::test_free_tier_shows_upgrade_hint PASSED [ 45%]
tests/test_phase15_ux.py::TestTierSummary::test_premium_tier_no_upgrade_hint PASSED [ 45%]
tests/test_phase15_ux.py::TestTierSummary::test_vip_tier PASSED          [ 45%]
tests/test_phase15_ux.py::TestTierSummary::test_unknown_plan_falls_back_to_free PASSED [ 45%]
tests/test_phase15_ux.py::TestTierSummary::test_remaining_calculated PASSED [ 45%]
tests/test_phase15_ux.py::TestFrontendFiles::test_command_palette_exists PASSED [ 45%]
tests/test_phase15_ux.py::TestFrontendFiles::test_command_palette_has_keyboard_navigation PASSED [ 46%]
tests/test_phase15_ux.py::TestFrontendFiles::test_command_palette_has_aria PASSED [ 46%]
tests/test_phase15_ux.py::TestFrontendFiles::test_empty_state_component_exists PASSED [ 46%]
tests/test_phase15_ux.py::TestFrontendFiles::test_skeleton_components_exist PASSED [ 46%]
tests/test_phase15_ux.py::TestSidebarMobile::test_sidebar_uses_media_query PASSED [ 46%]
tests/test_phase15_ux.py::TestSidebarMobile::test_sidebar_has_drawer_state PASSED [ 46%]
tests/test_phase15_ux.py::TestSidebarMobile::test_sidebar_has_overlay PASSED [ 47%]
tests/test_phase15_ux.py::TestSidebarMobile::test_sidebar_has_focus_visible PASSED [ 47%]
tests/test_phase15_ux.py::TestSidebarMobile::test_admin_layout_has_hamburger PASSED [ 47%]
tests/test_phase15_ux.py::TestSidebarMobile::test_admin_layout_includes_command_palette PASSED [ 47%]
tests/test_phase15_ux.py::TestStoreMobileDrawer::test_store_has_mobile_drawer_actions PASSED [ 47%]
tests/test_phase15_ux.py::TestStoreMobileDrawer::test_store_excludes_drawer_from_persist PASSED [ 47%]
tests/test_phase15_ux.py::TestI18n::test_i18n_module_exists PASSED       [ 48%]
tests/test_phase15_ux.py::TestI18n::test_i18n_has_translations_dictionary PASSED [ 48%]
tests/test_phase15_ux.py::TestI18n::test_i18n_has_common_keys PASSED     [ 48%]
tests/test_phase15_ux.py::TestI18n::test_i18n_supports_interpolation PASSED [ 48%]
tests/test_phase15_ux.py::TestI18n::test_i18n_helpers_exported PASSED    [ 48%]
tests/test_phase1_backtest.py::TestCostModel::test_default_profile_has_known_symbols PASSED [ 48%]
tests/test_phase1_backtest.py::TestCostModel::test_unknown_symbol_returns_conservative_profile PASSED [ 49%]
tests/test_phase1_backtest.py::TestCostModel::test_entry_slippage_worsens_price PASSED [ 49%]
tests/test_phase1_backtest.py::TestCostModel::test_stop_slippage_makes_loss_worse PASSED [ 49%]
tests/test_phase1_backtest.py::TestCostModel::test_swap_count_triple_on_wednesday PASSED [ 49%]
tests/test_phase1_backtest.py::TestCostModel::test_swap_count_zero_over_weekend PASSED [ 49%]
tests/test_phase1_backtest.py::TestTradeSimulator::test_long_hits_tp1 PASSED [ 49%]
tests/test_phase1_backtest.py::TestTradeSimulator::test_long_hits_sl PASSED [ 50%]
tests/test_phase1_backtest.py::TestTradeSimulator::test_long_gap_down_below_sl_fills_at_open PASSED [ 50%]
tests/test_phase1_backtest.py::TestTradeSimulator::test_short_hits_tp1 PASSED [ 50%]
tests/test_phase1_backtest.py::TestTradeSimulator::test_simultaneous_sl_and_tp_pessimistic_stop_wins PASSED [ 50%]
tests/test_phase1_backtest.py::TestTradeSimulator::test_timeout_when_no_target_hit PASSED [ 50%]
tests/test_phase1_backtest.py::TestMetrics::test_win_rate_calculation PASSED [ 50%]
tests/test_phase1_backtest.py::TestMetrics::test_profit_factor PASSED    [ 51%]
tests/test_phase1_backtest.py::TestMetrics::test_max_drawdown PASSED     [ 51%]
tests/test_phase1_backtest.py::TestMetrics::test_longest_losing_streak PASSED [ 51%]
tests/test_phase1_backtest.py::TestMetrics::test_per_symbol_attribution PASSED [ 51%]
tests/test_phase1_backtest.py::TestMetrics::test_attribute_by_tag_groups_correctly PASSED [ 51%]
tests/test_phase1_backtest.py::TestBacktestEngine::test_run_with_one_winning_signal PASSED [ 51%]
tests/test_phase1_backtest.py::TestBacktestEngine::test_dominant_component_detection PASSED [ 52%]
tests/test_phase1_backtest.py::TestBacktestEngine::test_lot_size_respects_risk_pct PASSED [ 52%]
tests/test_phase1_backtest.py::TestEndToEnd::test_full_run_with_mixed_outcomes_and_attribution PASSED [ 52%]
tests/test_phase1_backtest.py::TestEndToEnd::test_cost_model_meaningfully_reduces_profit PASSED [ 52%]
tests/test_phase1_backtest.py::TestWalkForward::test_raises_when_history_too_short PASSED [ 52%]
tests/test_phase1_backtest.py::TestWalkForward::test_aggregated_metrics_combine_oos_folds PASSED [ 52%]
tests/test_phase1_backtest.py::TestWalkForward::test_folds_are_non_overlapping_by_default PASSED [ 53%]
tests/test_phase2_risk.py::TestSymbolConfig::test_known_symbol_has_specific_config PASSED [ 53%]
tests/test_phase2_risk.py::TestSymbolConfig::test_unknown_symbol_returns_fallback PASSED [ 53%]
tests/test_phase2_risk.py::TestSymbolConfig::test_high_volatility_symbols_have_wider_sl PASSED [ 53%]
tests/test_phase2_risk.py::TestDailyLossLimit::test_clean_state_allows_signal PASSED [ 53%]
tests/test_phase2_risk.py::TestDailyLossLimit::test_dollar_limit_blocks_after_exceeded PASSED [ 53%]
tests/test_phase2_risk.py::TestDailyLossLimit::test_pct_limit_blocks_when_threshold_reached PASSED [ 54%]
tests/test_phase2_risk.py::TestDailyLossLimit::test_consecutive_losses_block PASSED [ 54%]
tests/test_phase2_risk.py::TestDailyLossLimit::test_winning_trade_resets_consecutive_losses PASSED [ 54%]
tests/test_phase2_risk.py::TestDailyLossLimit::test_manual_lock_and_unlock PASSED [ 54%]
tests/test_phase2_risk.py::TestDailyLossLimit::test_signal_count_limit PASSED [ 54%]
tests/test_phase2_risk.py::TestCorrelationGuard::test_decompose_long_eurusd PASSED [ 54%]
tests/test_phase2_risk.py::TestCorrelationGuard::test_decompose_short_gbpjpy PASSED [ 55%]
tests/test_phase2_risk.py::TestCorrelationGuard::test_decompose_xauusd_long PASSED [ 55%]
tests/test_phase2_risk.py::TestCorrelationGuard::test_decompose_unknown_returns_empty PASSED [ 55%]
tests/test_phase2_risk.py::TestCorrelationGuard::test_no_open_positions_allows_signal PASSED [ 55%]
tests/test_phase2_risk.py::TestCorrelationGuard::test_too_many_usd_short_positions_blocks PASSED [ 55%]
tests/test_phase2_risk.py::TestCorrelationGuard::test_uncorrelated_signal_allowed PASSED [ 56%]
tests/test_phase2_risk.py::TestCorrelationGuard::test_static_correlation_lookup PASSED [ 56%]
tests/test_phase2_risk.py::TestCorrelationGuard::test_same_symbol_correlation_is_one PASSED [ 56%]
tests/test_phase2_risk.py::TestSessionFilter::test_london_session_active_at_10am_utc PASSED [ 56%]
tests/test_phase2_risk.py::TestSessionFilter::test_ny_session_active_at_15_utc PASSED [ 56%]
tests/test_phase2_risk.py::TestSessionFilter::test_tokyo_session_active_at_03_utc PASSED [ 56%]
tests/test_phase2_risk.py::TestSessionFilter::test_low_liquidity_window_at_2130_utc PASSED [ 57%]
tests/test_phase2_risk.py::TestSessionFilter::test_eurusd_blocked_in_tokyo_only PASSED [ 57%]
tests/test_phase2_risk.py::TestSessionFilter::test_eurusd_allowed_in_london PASSED [ 57%]
tests/test_phase2_risk.py::TestSessionFilter::test_us30_blocked_outside_ny PASSED [ 57%]
tests/test_phase2_risk.py::TestSessionFilter::test_us30_allowed_in_ny PASSED [ 57%]
tests/test_phase2_risk.py::TestSessionFilter::test_unknown_symbol_allowed_by_default PASSED [ 57%]
tests/test_phase2_risk.py::TestSessionFilter::test_unknown_symbol_rejected_in_strict_mode PASSED [ 58%]
tests/test_phase2_risk.py::TestWeekendFilter::test_wednesday_noon_allowed PASSED [ 58%]
tests/test_phase2_risk.py::TestWeekendFilter::test_friday_late_blocked PASSED [ 58%]
tests/test_phase2_risk.py::TestWeekendFilter::test_saturday_always_blocked PASSED [ 58%]
tests/test_phase2_risk.py::TestWeekendFilter::test_sunday_before_2200_blocked PASSED [ 58%]
tests/test_phase2_risk.py::TestWeekendFilter::test_sunday_after_2200_allowed PASSED [ 58%]
tests/test_phase2_risk.py::TestRegimeDetector::test_trending_up_detected PASSED [ 59%]
tests/test_phase2_risk.py::TestRegimeDetector::test_trending_down_detected PASSED [ 59%]
tests/test_phase2_risk.py::TestRegimeDetector::test_ranging_detected PASSED [ 59%]
tests/test_phase2_risk.py::TestRegimeDetector::test_insufficient_data_returns_none PASSED [ 59%]
tests/test_phase2_risk.py::TestRegimeDetector::test_atr_percentile_within_range PASSED [ 59%]
tests/test_phase2_risk.py::TestRiskGuard::test_weekend_blocks_signal PASSED [ 59%]
tests/test_phase2_risk.py::TestRiskGuard::test_session_blocks_xauusd_in_tokyo_only PASSED [ 60%]
tests/test_phase2_risk.py::TestRiskGuard::test_low_rr_blocked PASSED     [ 60%]
tests/test_phase2_risk.py::TestRiskGuard::test_sl_too_tight_blocked PASSED [ 60%]
tests/test_phase2_risk.py::TestRiskGuard::test_valid_signal_allowed PASSED [ 60%]
tests/test_phase2_risk.py::TestRiskGuard::test_correlation_blocks_overexposed_usd PASSED [ 60%]
tests/test_phase2_risk.py::TestRiskGuard::test_regime_mismatch_trending_in_reversion PASSED [ 60%]
tests/test_phase3_optimization.py::TestFeatureScaler::test_fit_robust_scaler PASSED [ 61%]
tests/test_phase3_optimization.py::TestFeatureScaler::test_transform_preserves_order PASSED [ 61%]
tests/test_phase3_optimization.py::TestFeatureScaler::test_transform_with_extra_columns PASSED [ 61%]
tests/test_phase3_optimization.py::TestFeatureScaler::test_transform_missing_column_raises PASSED [ 61%]
tests/test_phase3_optimization.py::TestFeatureScaler::test_save_and_load_roundtrip PASSED [ 61%]
tests/test_phase3_optimization.py::TestFeatureScaler::test_load_missing_file_raises PASSED [ 61%]
tests/test_phase3_optimization.py::TestMultiTimeframe::test_aligned_when_all_bullish PASSED [ 62%]
tests/test_phase3_optimization.py::TestMultiTimeframe::test_net_confluence_blocks_mixed_signals PASSED [ 62%]
tests/test_phase3_optimization.py::TestMultiTimeframe::test_higher_tf_bias_overrides_short_term PASSED [ 62%]
tests/test_phase3_optimization.py::TestMultiTimeframe::test_signal_against_higher_bias_detection PASSED [ 62%]
tests/test_phase3_optimization.py::TestMultiTimeframe::test_neutral_when_no_data PASSED [ 62%]
tests/test_phase3_optimization.py::TestVolumeProfile::test_vwap_returns_series PASSED [ 62%]
tests/test_phase3_optimization.py::TestVolumeProfile::test_volume_profile_finds_poc PASSED [ 63%]
tests/test_phase3_optimization.py::TestVolumeProfile::test_volume_profile_returns_none_with_insufficient_data PASSED [ 63%]
tests/test_phase3_optimization.py::TestVolumeProfile::test_low_liquidity_detected PASSED [ 63%]
tests/test_phase3_optimization.py::TestVolumeProfile::test_high_liquidity_detected PASSED [ 63%]
tests/test_phase3_optimization.py::TestABTest::test_deterministic_assignment PASSED [ 63%]
tests/test_phase3_optimization.py::TestABTest::test_traffic_split_approximate PASSED [ 63%]
tests/test_phase3_optimization.py::TestABTest::test_zero_traffic_to_variant PASSED [ 64%]
tests/test_phase3_optimization.py::TestABTest::test_analyze_significant_improvement PASSED [ 64%]
tests/test_phase3_optimization.py::TestABTest::test_analyze_no_significant_difference PASSED [ 64%]
tests/test_phase3_optimization.py::TestABTest::test_analyze_inadequate_sample PASSED [ 64%]
tests/test_phase3_optimization.py::TestABTest::test_stats_computes_profit_factor PASSED [ 64%]
tests/test_phase4_quality.py::TestSecretRedactor::test_redacts_password_field PASSED [ 64%]
tests/test_phase4_quality.py::TestSecretRedactor::test_redacts_token_fields PASSED [ 65%]
tests/test_phase4_quality.py::TestSecretRedactor::test_redacts_authorization_field PASSED [ 65%]
tests/test_phase4_quality.py::TestSecretRedactor::test_redacts_jwt_in_string_value PASSED [ 65%]
tests/test_phase4_quality.py::TestSecretRedactor::test_redacts_bearer_token_in_string PASSED [ 65%]
tests/test_phase4_quality.py::TestSecretRedactor::test_redacts_recursively_in_nested_dict PASSED [ 65%]
tests/test_phase4_quality.py::TestSecretRedactor::test_redacts_in_lists PASSED [ 65%]
tests/test_phase4_quality.py::TestSecretRedactor::test_non_string_values_unchanged PASSED [ 66%]
tests/test_phase4_quality.py::TestSecretRedactor::test_case_insensitive_key_matching PASSED [ 66%]
tests/test_phase4_quality.py::TestSecretRedactor::test_safe_keys_not_redacted PASSED [ 66%]
tests/test_phase4_quality.py::TestCorsConfig::test_parse_origins_empty PASSED [ 66%]
tests/test_phase4_quality.py::TestCorsConfig::test_parse_origins_single PASSED [ 66%]
tests/test_phase4_quality.py::TestCorsConfig::test_parse_origins_multiple PASSED [ 67%]
tests/test_phase4_quality.py::TestCorsConfig::test_default_dev_origins_no_wildcard PASSED [ 67%]
tests/test_phase4_quality.py::TestCorsConfig::test_default_production_origins_https_only PASSED [ 67%]
tests/test_phase4_quality.py::TestFailoverLock::test_feed_manager_has_failover_lock PASSED [ 67%]
tests/test_phase4_quality.py::TestConnectionPools::test_db_pool_settings_present PASSED [ 67%]
tests/test_phase4_quality.py::TestConnectionPools::test_database_uses_settings_pool_size PASSED [ 67%]
tests/test_phase4_quality.py::TestGetDb::test_get_db_uses_in_transaction_check PASSED [ 68%]
tests/test_phase4_quality.py::TestTimezoneConsistency::test_no_utcnow_in_src PASSED [ 68%]
tests/test_phase5_frontend.py::TestAdminAppRoutes::test_backtest_route_registered PASSED [ 68%]
tests/test_phase5_frontend.py::TestAdminAppRoutes::test_risk_route_registered PASSED [ 68%]
tests/test_phase5_frontend.py::TestAdminAppRoutes::test_backtest_page_exists PASSED [ 68%]
tests/test_phase5_frontend.py::TestAdminAppRoutes::test_risk_page_exists PASSED [ 68%]
tests/test_phase5_frontend.py::TestSidebarNavigation::test_sidebar_includes_backtest PASSED [ 69%]
tests/test_phase5_frontend.py::TestSidebarNavigation::test_sidebar_includes_risk PASSED [ 69%]
tests/test_phase5_frontend.py::TestApiClient::test_backtest_api_exported PASSED [ 69%]
tests/test_phase5_frontend.py::TestApiClient::test_risk_api_exported PASSED [ 69%]
tests/test_phase5_frontend.py::TestRiskRoutes::test_risk_module_loadable PASSED [ 69%]
tests/test_phase5_frontend.py::TestRiskRoutes::test_risk_router_mounted_in_main PASSED [ 69%]
tests/test_phase5_frontend.py::TestRiskRoutes::test_risk_uses_admin_auth PASSED [ 70%]
tests/test_phase5_frontend.py::TestFormatterEnhancements::test_signal_without_extras_still_formats PASSED [ 70%]
tests/test_phase5_frontend.py::TestFormatterEnhancements::test_dominant_component_displayed PASSED [ 70%]
tests/test_phase5_frontend.py::TestFormatterEnhancements::test_market_regime_displayed PASSED [ 70%]
tests/test_phase5_frontend.py::TestFormatterEnhancements::test_session_displayed PASSED [ 70%]
tests/test_phase5_frontend.py::TestFormatterEnhancements::test_higher_tf_bias_displayed_when_not_neutral PASSED [ 70%]
tests/test_phase6_launch.py::TestTradingMode::test_mode_enum_values PASSED [ 71%]
tests/test_phase6_launch.py::TestTradingMode::test_default_config_is_paper PASSED [ 71%]
tests/test_phase6_launch.py::TestTradingMode::test_should_publish_to_users_true_only_in_live PASSED [ 71%]
tests/test_phase6_launch.py::TestTradingMode::test_from_settings_unknown_mode_falls_back_to_paper PASSED [ 71%]
tests/test_phase6_launch.py::TestTradingMode::test_from_settings_reads_live PASSED [ 71%]
tests/test_phase6_launch.py::TestPublishSignal::test_disabled_mode_does_nothing PASSED [ 71%]
tests/test_phase6_launch.py::TestPublishSignal::test_paper_mode_persists_in_paper_namespace PASSED [ 72%]
tests/test_phase6_launch.py::TestPublishSignal::test_live_mode_persists_in_live_namespace PASSED [ 72%]
tests/test_phase6_launch.py::TestDivergence::test_insufficient_paper_trades_returns_wait PASSED [ 72%]
tests/test_phase6_launch.py::TestDivergence::test_paper_matches_backtest_proceed PASSED [ 72%]
tests/test_phase6_launch.py::TestDivergence::test_significant_degradation_blocks_launch PASSED [ 72%]
tests/test_phase6_launch.py::TestDivergence::test_per_metric_direction_labels PASSED [ 72%]
tests/test_phase6_launch.py::TestPreflightChecks::test_runbook_check_passes_when_file_exists PASSED [ 73%]
tests/test_phase6_launch.py::TestPreflightChecks::test_backup_script_check_passes PASSED [ 73%]
tests/test_phase6_launch.py::TestPreflightChecks::test_monitoring_check_passes PASSED [ 73%]
tests/test_phase6_launch.py::TestPreflightChecks::test_check_levels_enum PASSED [ 73%]
tests/test_phase6_launch.py::TestPreflightChecks::test_preflight_result_blocks_when_critical_fails PASSED [ 73%]
tests/test_phase6_launch.py::TestPreflightChecks::test_preflight_result_ready_when_only_warnings_fail PASSED [ 73%]
tests/test_phase6_launch.py::TestMonitoringFiles::test_alerts_yml_exists PASSED [ 74%]
tests/test_phase6_launch.py::TestMonitoringFiles::test_grafana_dashboard_exists PASSED [ 74%]
tests/test_phase6_launch.py::TestDocumentation::test_runbook_exists PASSED [ 74%]
tests/test_phase6_launch.py::TestDocumentation::test_backup_script_exists_and_is_executable PASSED [ 74%]
tests/test_phase6_launch.py::TestNewMetrics::test_phase6_metrics_defined PASSED [ 74%]
tests/test_phase6_launch.py::TestConfigTradingMode::test_trading_mode_in_settings PASSED [ 74%]
tests/test_phase7_followups.py::TestDSTHandling::test_eu_dst_in_summer PASSED [ 75%]
tests/test_phase7_followups.py::TestDSTHandling::test_eu_dst_in_winter PASSED [ 75%]
tests/test_phase7_followups.py::TestDSTHandling::test_us_dst_in_summer PASSED [ 75%]
tests/test_phase7_followups.py::TestDSTHandling::test_london_session_shifts_with_dst PASSED [ 75%]
tests/test_phase7_followups.py::TestDSTHandling::test_ny_session_shifts_with_dst PASSED [ 75%]
tests/test_phase7_followups.py::TestHolidayCalendar::test_christmas_full_closure PASSED [ 75%]
tests/test_phase7_followups.py::TestHolidayCalendar::test_new_year_full_closure PASSED [ 76%]
tests/test_phase7_followups.py::TestHolidayCalendar::test_us_independence_partial PASSED [ 76%]
tests/test_phase7_followups.py::TestHolidayCalendar::test_thanksgiving_2026 PASSED [ 76%]
tests/test_phase7_followups.py::TestHolidayCalendar::test_good_friday_2026 PASSED [ 76%]
tests/test_phase7_followups.py::TestHolidayCalendar::test_regular_day_returns_none PASSED [ 76%]
tests/test_phase7_followups.py::TestHolidayCalendar::test_is_holiday_blackout_christmas PASSED [ 76%]
tests/test_phase7_followups.py::TestHolidayCalendar::test_is_holiday_blackout_regular_day PASSED [ 77%]
tests/test_phase7_followups.py::TestChandelierTrailing::test_chandelier_long PASSED [ 77%]
tests/test_phase7_followups.py::TestChandelierTrailing::test_chandelier_short PASSED [ 77%]
tests/test_phase7_followups.py::TestChandelierTrailing::test_chandelier_insufficient_data PASSED [ 77%]
tests/test_phase7_followups.py::TestChandelierTrailing::test_trailing_moves_to_breakeven_after_tp1 PASSED [ 77%]
tests/test_phase7_followups.py::TestChandelierTrailing::test_trailing_locks_tp1_after_tp2 PASSED [ 78%]
tests/test_phase7_followups.py::TestChandelierTrailing::test_trailing_never_moves_backward PASSED [ 78%]
tests/test_phase7_followups.py::TestInstrumentsModule::test_eurusd_spec PASSED [ 78%]
tests/test_phase7_followups.py::TestInstrumentsModule::test_xauusd_spec PASSED [ 78%]
tests/test_phase7_followups.py::TestInstrumentsModule::test_unknown_falls_back PASSED [ 78%]
tests/test_phase7_followups.py::TestInstrumentsModule::test_helper_functions PASSED [ 78%]
tests/test_phase7_followups.py::TestIntegrationPresence::test_tracker_records_to_daily_loss PASSED [ 79%]
tests/test_phase7_followups.py::TestIntegrationPresence::test_riskguard_uses_holiday_calendar PASSED [ 79%]
tests/test_phase7_followups.py::TestIntegrationPresence::test_riskguard_checks_liquidity PASSED [ 79%]
tests/test_phase7_followups.py::TestIntegrationPresence::test_trainer_saves_scaler PASSED [ 79%]
tests/test_phase7_followups.py::TestIntegrationPresence::test_backtest_api_runs_engine PASSED [ 79%]
tests/test_phase7_followups.py::TestIntegrationPresence::test_launch_api_registered PASSED [ 79%]
tests/test_phase7_followups.py::TestIntegrationPresence::test_launch_routes_admin_protected PASSED [ 80%]
tests/test_phase7_followups.py::TestRiskGuardWithNewFilters::test_christmas_blocks_signal PASSED [ 80%]
tests/test_phase8_security_hotfix.py::TestHTMLSanitization::test_strips_script_tag PASSED [ 80%]
tests/test_phase8_security_hotfix.py::TestHTMLSanitization::test_strips_iframe PASSED [ 80%]
tests/test_phase8_security_hotfix.py::TestHTMLSanitization::test_strips_onclick_handler PASSED [ 80%]
tests/test_phase8_security_hotfix.py::TestHTMLSanitization::test_strips_javascript_url PASSED [ 80%]
tests/test_phase8_security_hotfix.py::TestHTMLSanitization::test_keeps_safe_tags PASSED [ 81%]
tests/test_phase8_security_hotfix.py::TestHTMLSanitization::test_no_tags_mode_strips_everything PASSED [ 81%]
tests/test_phase8_security_hotfix.py::TestHTMLSanitization::test_empty_input PASSED [ 81%]
tests/test_phase8_security_hotfix.py::TestHTMLSanitization::test_strips_object_embed PASSED [ 81%]
tests/test_phase8_security_hotfix.py::TestURLValidation::test_valid_https_url PASSED [ 81%]
tests/test_phase8_security_hotfix.py::TestURLValidation::test_valid_http_url PASSED [ 81%]
tests/test_phase8_security_hotfix.py::TestURLValidation::test_rejects_javascript_scheme PASSED [ 82%]
tests/test_phase8_security_hotfix.py::TestURLValidation::test_rejects_data_url PASSED [ 82%]
tests/test_phase8_security_hotfix.py::TestURLValidation::test_rejects_localhost PASSED [ 82%]
tests/test_phase8_security_hotfix.py::TestURLValidation::test_rejects_private_ip PASSED [ 82%]
tests/test_phase8_security_hotfix.py::TestURLValidation::test_rejects_credentials_in_url PASSED [ 82%]
tests/test_phase8_security_hotfix.py::TestURLValidation::test_rejects_empty PASSED [ 82%]
tests/test_phase8_security_hotfix.py::TestMaskSensitiveID::test_masks_telegram_id PASSED [ 83%]
tests/test_phase8_security_hotfix.py::TestMaskSensitiveID::test_masks_short_id PASSED [ 83%]
tests/test_phase8_security_hotfix.py::TestMaskSensitiveID::test_custom_visible_digits PASSED [ 83%]
tests/test_phase8_security_hotfix.py::TestRequireRole::test_role_hierarchy_satisfies PASSED [ 83%]
tests/test_phase8_security_hotfix.py::TestSourceLevelInvariants::test_refresh_uses_verify_refresh_token PASSED [ 83%]
tests/test_phase8_security_hotfix.py::TestSourceLevelInvariants::test_refresh_endpoint_has_blacklist_check PASSED [ 83%]
tests/test_phase8_security_hotfix.py::TestSourceLevelInvariants::test_get_current_admin_is_fail_secure PASSED [ 84%]
tests/test_phase8_security_hotfix.py::TestSourceLevelInvariants::test_security_headers_middleware_registered PASSED [ 84%]
tests/test_phase8_security_hotfix.py::TestSourceLevelInvariants::test_security_headers_includes_all_required PASSED [ 84%]
tests/test_phase8_security_hotfix.py::TestSourceLevelInvariants::test_articles_uses_sanitizer PASSED [ 84%]
tests/test_phase8_security_hotfix.py::TestSourceLevelInvariants::test_articles_update_uses_whitelist PASSED [ 84%]
tests/test_phase8_security_hotfix.py::TestSourceLevelInvariants::test_users_route_masks_telegram_id PASSED [ 84%]
tests/test_phase8_security_hotfix.py::TestSourceLevelInvariants::test_launch_metrics_use_whitelist PASSED [ 85%]
tests/test_phase8_security_hotfix.py::TestSourceLevelInvariants::test_backup_script_enforces_passphrase PASSED [ 85%]
tests/test_phase8_security_hotfix.py::TestSourceLevelInvariants::test_rotate_secrets_script_exists PASSED [ 85%]
tests/test_phase9_performance.py::TestRunInThread::test_runs_sync_function PASSED [ 85%]
tests/test_phase9_performance.py::TestRunInThread::test_propagates_exceptions PASSED [ 85%]
tests/test_phase9_performance.py::TestRunInThread::test_does_not_block_event_loop PASSED [ 85%]
tests/test_phase9_performance.py::TestRunInThread::test_timeout_works PASSED [ 86%]
tests/test_phase9_performance.py::TestRunInThread::test_accepts_kwargs PASSED [ 86%]
tests/test_phase9_performance.py::TestRunInThread::test_default_executor_is_singleton PASSED [ 86%]
tests/test_phase9_performance.py::TestRunInThread::test_shutdown_resets_executor PASSED [ 86%]
tests/test_phase9_performance.py::TestRedisClientOptimizations::test_get_all_active_signals_uses_sorted_set PASSED [ 86%]
tests/test_phase9_performance.py::TestRedisClientOptimizations::test_get_all_active_signals_does_not_use_keys PASSED [ 86%]
tests/test_phase9_performance.py::TestRedisClientOptimizations::test_set_active_signal_uses_pipeline PASSED [ 87%]
tests/test_phase9_performance.py::TestRedisClientOptimizations::test_remove_active_signal_uses_pipeline PASSED [ 87%]
tests/test_phase9_performance.py::TestRedisClientOptimizations::test_get_all_prices_uses_scan PASSED [ 87%]
tests/test_phase9_performance.py::TestRedisClientOptimizations::test_count_active_signals_exists PASSED [ 87%]
tests/test_phase9_performance.py::TestCandleBuilderBulk::test_save_candles_uses_bulk PASSED [ 87%]
tests/test_phase9_performance.py::TestCandleBuilderBulk::test_save_candles_validates_symbol_timeframe PASSED [ 87%]
tests/test_phase9_performance.py::TestCandleBuilderBulk::test_save_candles_uses_itertuples PASSED [ 88%]
tests/test_phase9_performance.py::TestCountQueryOptimization::test_signals_uses_func_count PASSED [ 88%]
tests/test_phase9_performance.py::TestCountQueryOptimization::test_users_uses_func_count PASSED [ 88%]
tests/test_phase9_performance.py::TestAggregationOptimization::test_performance_uses_date_trunc PASSED [ 88%]
tests/test_phase9_performance.py::TestAggregationOptimization::test_performance_does_not_python_loop_for_daily PASSED [ 88%]
tests/test_phase9_performance.py::TestActiveSignalsPagination::test_active_signals_has_pagination PASSED [ 89%]
tests/test_phase9_performance.py::TestConcurrentTracker::test_tracker_uses_asyncio_gather PASSED [ 89%]
tests/test_phase9_performance.py::TestEngineThreadPool::test_engine_uses_run_in_thread PASSED [ 89%]
tests/test_phase9_performance.py::TestBroadcastPipeline::test_broadcast_uses_pipeline_for_block_check PASSED [ 89%]
tests/test_signals.py::TestScorer::test_score_calculation PASSED         [ 89%]
tests/test_signals.py::TestScorer::test_strong_signal PASSED             [ 89%]
tests/test_signals.py::TestScorer::test_no_signal_low_score PASSED       [ 90%]
tests/test_signals.py::TestRiskManager::test_calculate_levels PASSED     [ 90%]
tests/test_smart_money.py::TestSmartMoneyAnalyzer::test_analyze_uptrend PASSED [ 90%]
tests/test_smart_money.py::TestSmartMoneyAnalyzer::test_analyze_downtrend PASSED [ 90%]
tests/test_smart_money.py::TestSmartMoneyAnalyzer::test_order_blocks_detected PASSED [ 90%]
tests/test_smart_money.py::TestSmartMoneyAnalyzer::test_fair_value_gaps PASSED [ 90%]
tests/test_smart_money.py::TestSmartMoneyAnalyzer::test_structure PASSED [ 91%]
tests/test_technical.py::TestTechnicalAnalyzer::test_analyze_returns_dict PASSED [ 91%]
tests/test_technical.py::TestTechnicalAnalyzer::test_analyze_has_technical_score PASSED [ 91%]
tests/test_technical.py::TestTechnicalAnalyzer::test_analyze_with_insufficient_data PASSED [ 91%]
tests/test_technical.py::TestTechnicalAnalyzer::test_analyze_with_empty_df PASSED [ 91%]
qa/python/security_regressions.py::HtmlSanitizerRegressionTests::test_dangerous_raw_text_blocks_are_removed_with_content PASSED [ 91%]
qa/python/security_regressions.py::HtmlSanitizerRegressionTests::test_plain_text_mode_does_not_retain_script_payload PASSED [ 92%]
qa/python/security_regressions.py::CorsRegressionTests::test_current_production_defaults_use_https_origins_only PASSED [ 92%]
qa/python/security_regressions.py::SecurityHeaderRegressionTests::test_api_disables_deprecated_xss_auditor_and_uses_restrictive_csp PASSED [ 92%]
qa/python/security_regressions.py::TimezoneRegressionTests::test_source_has_no_naive_datetime_utcnow_calls PASSED [ 92%]
qa/python/security_regressions.py::DependencyRegressionTests::test_api_image_uses_hardened_runtime_dependencies 
qa/python/security_regressions.py::DependencyRegressionTests::test_api_image_uses_hardened_runtime_dependencies PASSED [ 92%]
qa/python/security_regressions.py::DependencyRegressionTests::test_supported_analytics_stack_imports PASSED [ 92%]
qa/python/security_regressions.py::DependencyRegressionTests::test_unused_pandas_ta_numba_stack_is_not_installed 
qa/python/security_regressions.py::DependencyRegressionTests::test_unused_pandas_ta_numba_stack_is_not_installed PASSED [ 93%]
qa/python/security_regressions.py::JwtIssuerRegressionTests::test_central_rs256_token_requires_expected_issuer PASSED [ 93%]
qa/python/security_regressions.py::LocalSecretHygieneRegressionTests::test_cloudflare_loader_rejects_open_permissions_and_symlinks PASSED [ 93%]
qa/python/security_regressions.py::LocalSecretHygieneRegressionTests::test_cloudflare_template_is_empty_and_runtime_file_is_excluded PASSED [ 93%]
qa/python/security_regressions.py::BackupSecretHygieneRegressionTests::test_env_backup_passphrase_is_not_exposed_in_process_arguments PASSED [ 93%]
qa/python/security_regressions.py::BackupSecretHygieneRegressionTests::test_hourly_archive_excludes_secret_and_backup_paths 
qa/python/security_regressions.py::BackupSecretHygieneRegressionTests::test_hourly_archive_excludes_secret_and_backup_paths PASSED [ 93%]
qa/python/security_regressions.py::BackupSecretHygieneRegressionTests::test_remote_backup_keeps_compose_unresolved_and_excludes_secrets 
qa/python/security_regressions.py::BackupSecretHygieneRegressionTests::test_remote_backup_keeps_compose_unresolved_and_excludes_secrets PASSED [ 94%]
qa/python/security_regressions.py::BackupSecretHygieneRegressionTests::test_rotation_output_is_owner_only_and_values_are_not_logged 
qa/python/security_regressions.py::BackupSecretHygieneRegressionTests::test_rotation_output_is_owner_only_and_values_are_not_logged PASSED [ 94%]
qa/python/security_regressions.py::BackupSecretHygieneRegressionTests::test_rotation_rejects_symlink_output_and_open_source_permissions PASSED [ 94%]
qa/python/security_regressions.py::RouteRegistrationRegressionTests::test_live_admin_contract_remains_admin_protected 
qa/python/security_regressions.py::RouteRegistrationRegressionTests::test_live_admin_contract_remains_admin_protected PASSED [ 94%]
qa/python/security_regressions.py::RouteRegistrationRegressionTests::test_live_frontend_contract_is_mounted PASSED [ 94%]
qa/python/referral_redirects_regression.py::test_redirect_is_exact_uncached_and_ignores_query_override[/go/lbank-https://www.lbank.com/ref/PROCHART] PASSED [ 94%]
qa/python/referral_redirects_regression.py::test_redirect_is_exact_uncached_and_ignores_query_override[/go/oneroyal-https://vc.cabinet.oneroyal.com/fa/links/go/12412] PASSED [ 95%]
qa/python/referral_redirects_regression.py::test_router_exposes_only_two_explicit_get_routes PASSED [ 95%]
qa/python/referral_redirects_regression.py::test_redirect_module_does_not_consume_or_log_request_data PASSED [ 95%]
qa/python/referral_redirects_regression.py::test_product_api_payloads_expose_internal_paths_only PASSED [ 95%]
qa/python/referral_redirects_regression.py::test_legacy_api_fields_keep_names_but_return_internal_paths PASSED [ 95%]
qa/python/referral_redirects_regression.py::test_bot_departure_uses_notice_gate_and_absolute_internal_route PASSED [ 95%]
qa/python/referral_redirects_regression.py::test_mt5_connect_is_bodyless_and_never_reaches_storage PASSED [ 96%]
qa/python/referral_redirects_regression.py::test_historical_mt5_status_is_inactive_and_redacted PASSED [ 96%]
qa/python/referral_redirects_regression.py::test_forex_copy_toggle_and_subscription_fail_before_db_or_network PASSED [ 96%]
qa/python/referral_redirects_regression.py::test_non_crypto_real_order_fails_before_account_or_order_work PASSED [ 96%]
qa/python/referral_redirects_regression.py::test_seo_copy_distinguishes_lbank_trading_from_oneroyal_referral PASSED [ 96%]
qa/python/legacy_forex_referral_boundary_regression.py::test_all_read_only_forex_views_are_static_non_actionable_contracts PASSED [ 96%]
qa/python/legacy_forex_referral_boundary_regression.py::test_forex_signal_analysis_gate_remains_independent_of_broker_integration PASSED [ 97%]
qa/python/legacy_forex_referral_boundary_regression.py::test_pure_forex_compatibility_handlers_do_not_inject_a_db_session PASSED [ 97%]
qa/python/legacy_forex_referral_boundary_regression.py::test_forex_settings_post_rejects_before_payload_or_state_access PASSED [ 97%]
qa/python/legacy_forex_referral_boundary_regression.py::test_close_actions_reject_before_payload_or_state_access PASSED [ 97%]
qa/python/legacy_forex_referral_boundary_regression.py::test_forex_stop_rejects_without_db_or_forex_state_mutation[payload0] PASSED [ 97%]
qa/python/legacy_forex_referral_boundary_regression.py::test_forex_stop_rejects_without_db_or_forex_state_mutation[payload1] PASSED [ 97%]
qa/python/legacy_forex_referral_boundary_regression.py::test_crypto_stop_and_history_paths_are_preserved PASSED [ 98%]
qa/python/legacy_forex_referral_boundary_regression.py::test_crypto_settings_path_still_clamps_persists_and_returns_data PASSED [ 98%]
qa/python/legacy_forex_referral_boundary_regression.py::test_scoped_sources_contain_no_forex_service_or_settings_backend PASSED [ 98%]
qa/python/legacy_forex_referral_boundary_regression.py::test_fail_closed_handlers_have_no_io_or_body_access_before_rejection PASSED [ 98%]
qa/python/oneroyal_referral_boundary_regression.py::test_copy_live_flag_is_hard_locked_off_even_when_legacy_env_requests_true PASSED [ 98%]
qa/python/oneroyal_referral_boundary_regression.py::test_user_account_and_copy_routes_are_bodyless_static_or_gone_pre_io PASSED [ 98%]
qa/python/oneroyal_referral_boundary_regression.py::test_user_profile_ai_and_history_do_not_read_or_describe_legacy_execution PASSED [ 99%]
qa/python/oneroyal_referral_boundary_regression.py::test_admin_ea_and_per_user_execution_routes_are_static_or_gone_pre_io PASSED [ 99%]
qa/python/oneroyal_referral_boundary_regression.py::test_indirect_ea_adapter_cannot_feed_signals_credentials_or_deals PASSED [ 99%]
qa/python/oneroyal_referral_boundary_regression.py::test_bot_has_no_copy_webapp_credential_collection_or_reconnect_copy PASSED [ 99%]
qa/python/oneroyal_referral_boundary_regression.py::test_all_legacy_forex_compatibility_routes_remain_static_fail_closed PASSED [ 99%]
qa/python/oneroyal_referral_boundary_regression.py::test_shipping_source_and_bundle_scanner_knows_operational_one_royal_rules PASSED [100%]

=============================== warnings summary ===============================
tests/test_phase10_ml_rebuild.py::TestCalibration::test_platt_fits_perfectly_calibrated_data
  /usr/local/lib/python3.13/site-packages/sklearn/linear_model/_logistic.py:451: OptimizeWarning: Unknown solver options: iprint
    opt_res = optimize.minimize(

-- Docs: https://docs.pytest.org/en/stable/how-to/capture-warnings.html
------------------ generated xml file: /evidence/results.xml -------------------
============= 591 passed, 1 warning, 42 subtests passed in 11.96s ==============
